[2025-09-04T13:28:01.208+0000][gc] Using G1
[2025-09-04T13:28:01.226+0000][gc,init] Version: 17.0.16+8-alpine-r0 (release)
[2025-09-04T13:28:01.226+0000][gc,init] CPUs: 16 total, 16 available
[2025-09-04T13:28:01.226+0000][gc,init] Memory: 15632M
[2025-09-04T13:28:01.227+0000][gc,init] Large Page Support: Disabled
[2025-09-04T13:28:01.227+0000][gc,init] NUMA Support: Disabled
[2025-09-04T13:28:01.227+0000][gc,init] Compressed Oops: Enabled (32-bit)
[2025-09-04T13:28:01.228+0000][gc,init] Heap Region Size: 1M
[2025-09-04T13:28:01.228+0000][gc,init] Heap Min Capacity: 1G
[2025-09-04T13:28:01.228+0000][gc,init] Heap Initial Capacity: 1G
[2025-09-04T13:28:01.229+0000][gc,init] Heap Max Capacity: 1G
[2025-09-04T13:28:01.229+0000][gc,init] Pre-touch: Disabled
[2025-09-04T13:28:01.230+0000][gc,init] Parallel Workers: 13
[2025-09-04T13:28:01.230+0000][gc,init] Concurrent Workers: 3
[2025-09-04T13:28:01.230+0000][gc,init] Concurrent Refinement Workers: 13
[2025-09-04T13:28:01.231+0000][gc,init] Periodic GC: Disabled
[2025-09-04T13:28:01.244+0000][gc,metaspace] CDS archive(s) mapped at: [0x00007a7836000000-0x00007a7836bc7000-0x00007a7836bc7000), size 12349440, SharedBaseAddress: 0x00007a7836000000, ArchiveRelocationMode: 1.
[2025-09-04T13:28:01.245+0000][gc,metaspace] Compressed class space mapped at: 0x00007a7837000000-0x00007a7877000000, reserved size: 1073741824
[2025-09-04T13:28:01.245+0000][gc,metaspace] Narrow klass base: 0x00007a7836000000, Narrow klass shift: 0, Narrow klass range: 0x100000000
[2025-09-04T13:28:05.452+0000][gc,start    ] GC(0) Pause Young (Normal) (G1 Evacuation Pause)
[2025-09-04T13:28:05.456+0000][gc,task     ] GC(0) Using 13 workers of 13 for evacuation
[2025-09-04T13:28:05.481+0000][gc,phases   ] GC(0)   Pre Evacuate Collection Set: 0.4ms
[2025-09-04T13:28:05.481+0000][gc,phases   ] GC(0)   Merge Heap Roots: 0.3ms
[2025-09-04T13:28:05.481+0000][gc,phases   ] GC(0)   Evacuate Collection Set: 19.3ms
[2025-09-04T13:28:05.481+0000][gc,phases   ] GC(0)   Post Evacuate Collection Set: 3.5ms
[2025-09-04T13:28:05.482+0000][gc,phases   ] GC(0)   Other: 5.4ms
[2025-09-04T13:28:05.482+0000][gc,heap     ] GC(0) Eden regions: 512->0(473)
[2025-09-04T13:28:05.482+0000][gc,heap     ] GC(0) Survivor regions: 0->39(64)
[2025-09-04T13:28:05.482+0000][gc,heap     ] GC(0) Old regions: 0->0
[2025-09-04T13:28:05.483+0000][gc,heap     ] GC(0) Archive regions: 2->2
[2025-09-04T13:28:05.483+0000][gc,heap     ] GC(0) Humongous regions: 0->0
[2025-09-04T13:28:05.483+0000][gc,metaspace] GC(0) Metaspace: 20873K(21248K)->20873K(21248K) NonClass: 18266K(18432K)->18266K(18432K) Class: 2607K(2816K)->2607K(2816K)
[2025-09-04T13:28:05.483+0000][gc          ] GC(0) Pause Young (Normal) (G1 Evacuation Pause) 512M->39M(1024M) 31.515ms
[2025-09-04T13:28:05.484+0000][gc,cpu      ] GC(0) User=0.18s Sys=0.14s Real=0.03s
[2025-09-04T13:28:05.571+0000][gc,start    ] GC(1) Pause Young (Concurrent Start) (Metadata GC Threshold)
[2025-09-04T13:28:05.572+0000][gc,task     ] GC(1) Using 13 workers of 13 for evacuation
[2025-09-04T13:28:05.596+0000][gc,phases   ] GC(1)   Pre Evacuate Collection Set: 0.3ms
[2025-09-04T13:28:05.596+0000][gc,phases   ] GC(1)   Merge Heap Roots: 0.3ms
[2025-09-04T13:28:05.596+0000][gc,phases   ] GC(1)   Evacuate Collection Set: 21.8ms
[2025-09-04T13:28:05.597+0000][gc,phases   ] GC(1)   Post Evacuate Collection Set: 1.4ms
[2025-09-04T13:28:05.597+0000][gc,phases   ] GC(1)   Other: 0.8ms
[2025-09-04T13:28:05.597+0000][gc,heap     ] GC(1) Eden regions: 12->0(505)
[2025-09-04T13:28:05.597+0000][gc,heap     ] GC(1) Survivor regions: 39->7(64)
[2025-09-04T13:28:05.597+0000][gc,heap     ] GC(1) Old regions: 0->38
[2025-09-04T13:28:05.598+0000][gc,heap     ] GC(1) Archive regions: 2->2
[2025-09-04T13:28:05.598+0000][gc,heap     ] GC(1) Humongous regions: 0->0
[2025-09-04T13:28:05.598+0000][gc,metaspace] GC(1) Metaspace: 21186K(21504K)->21186K(21504K) NonClass: 18548K(18688K)->18548K(18688K) Class: 2638K(2816K)->2638K(2816K)
[2025-09-04T13:28:05.598+0000][gc          ] GC(1) Pause Young (Concurrent Start) (Metadata GC Threshold) 50M->45M(1024M) 27.067ms
[2025-09-04T13:28:05.599+0000][gc,cpu      ] GC(1) User=0.08s Sys=0.19s Real=0.02s
[2025-09-04T13:28:05.599+0000][gc          ] GC(2) Concurrent Mark Cycle
[2025-09-04T13:28:05.599+0000][gc,marking  ] GC(2) Concurrent Clear Claimed Marks
[2025-09-04T13:28:05.600+0000][gc,marking  ] GC(2) Concurrent Clear Claimed Marks 0.276ms
[2025-09-04T13:28:05.600+0000][gc,marking  ] GC(2) Concurrent Scan Root Regions
[2025-09-04T13:28:05.606+0000][gc,marking  ] GC(2) Concurrent Scan Root Regions 6.048ms
[2025-09-04T13:28:05.606+0000][gc,marking  ] GC(2) Concurrent Mark
[2025-09-04T13:28:05.607+0000][gc,marking  ] GC(2) Concurrent Mark From Roots
[2025-09-04T13:28:05.609+0000][gc,task     ] GC(2) Using 3 workers of 3 for marking
[2025-09-04T13:28:05.610+0000][gc,marking  ] GC(2) Concurrent Mark From Roots 3.795ms
[2025-09-04T13:28:05.611+0000][gc,marking  ] GC(2) Concurrent Preclean
[2025-09-04T13:28:05.611+0000][gc,marking  ] GC(2) Concurrent Preclean 0.356ms
[2025-09-04T13:28:05.611+0000][gc,start    ] GC(2) Pause Remark
[2025-09-04T13:28:05.614+0000][gc          ] GC(2) Pause Remark 48M->48M(1024M) 2.929ms
[2025-09-04T13:28:05.615+0000][gc,cpu      ] GC(2) User=0.01s Sys=0.00s Real=0.00s
[2025-09-04T13:28:05.615+0000][gc,marking  ] GC(2) Concurrent Mark 9.036ms
[2025-09-04T13:28:05.616+0000][gc,marking  ] GC(2) Concurrent Rebuild Remembered Sets
[2025-09-04T13:28:05.616+0000][gc,marking  ] GC(2) Concurrent Rebuild Remembered Sets 0.291ms
[2025-09-04T13:28:05.616+0000][gc,start    ] GC(2) Pause Cleanup
[2025-09-04T13:28:05.617+0000][gc          ] GC(2) Pause Cleanup 49M->49M(1024M) 0.253ms
[2025-09-04T13:28:05.617+0000][gc,cpu      ] GC(2) User=0.00s Sys=0.01s Real=0.00s
[2025-09-04T13:28:05.617+0000][gc,marking  ] GC(2) Concurrent Cleanup for Next Mark
[2025-09-04T13:28:05.624+0000][gc,marking  ] GC(2) Concurrent Cleanup for Next Mark 6.756ms
[2025-09-04T13:28:05.625+0000][gc          ] GC(2) Concurrent Mark Cycle 26.297ms
[2025-09-04T13:28:07.866+0000][gc,start    ] GC(3) Pause Young (Concurrent Start) (Metadata GC Threshold)
[2025-09-04T13:28:07.867+0000][gc,task     ] GC(3) Using 13 workers of 13 for evacuation
[2025-09-04T13:28:07.874+0000][gc,phases   ] GC(3)   Pre Evacuate Collection Set: 0.3ms
[2025-09-04T13:28:07.875+0000][gc,phases   ] GC(3)   Merge Heap Roots: 0.3ms
[2025-09-04T13:28:07.875+0000][gc,phases   ] GC(3)   Evacuate Collection Set: 4.8ms
[2025-09-04T13:28:07.875+0000][gc,phases   ] GC(3)   Post Evacuate Collection Set: 1.7ms
[2025-09-04T13:28:07.876+0000][gc,phases   ] GC(3)   Other: 0.9ms
[2025-09-04T13:28:07.876+0000][gc,heap     ] GC(3) Eden regions: 255->0(504)
[2025-09-04T13:28:07.876+0000][gc,heap     ] GC(3) Survivor regions: 7->8(64)
[2025-09-04T13:28:07.877+0000][gc,heap     ] GC(3) Old regions: 38->38
[2025-09-04T13:28:07.877+0000][gc,heap     ] GC(3) Archive regions: 2->2
[2025-09-04T13:28:07.877+0000][gc,heap     ] GC(3) Humongous regions: 0->0
[2025-09-04T13:28:07.877+0000][gc,metaspace] GC(3) Metaspace: 35998K(36416K)->35998K(36416K) NonClass: 31440K(31616K)->31440K(31616K) Class: 4557K(4800K)->4557K(4800K)
[2025-09-04T13:28:07.878+0000][gc          ] GC(3) Pause Young (Concurrent Start) (Metadata GC Threshold) 300M->46M(1024M) 11.385ms
[2025-09-04T13:28:07.878+0000][gc,cpu      ] GC(3) User=0.04s Sys=0.00s Real=0.01s
[2025-09-04T13:28:07.878+0000][gc          ] GC(4) Concurrent Mark Cycle
[2025-09-04T13:28:07.879+0000][gc,marking  ] GC(4) Concurrent Clear Claimed Marks
[2025-09-04T13:28:07.879+0000][gc,marking  ] GC(4) Concurrent Clear Claimed Marks 0.301ms
[2025-09-04T13:28:07.879+0000][gc,marking  ] GC(4) Concurrent Scan Root Regions
[2025-09-04T13:28:07.882+0000][gc,marking  ] GC(4) Concurrent Scan Root Regions 2.553ms
[2025-09-04T13:28:07.882+0000][gc,marking  ] GC(4) Concurrent Mark
[2025-09-04T13:28:07.882+0000][gc,marking  ] GC(4) Concurrent Mark From Roots
[2025-09-04T13:28:07.883+0000][gc,task     ] GC(4) Using 3 workers of 3 for marking
[2025-09-04T13:28:07.902+0000][gc,marking  ] GC(4) Concurrent Mark From Roots 19.339ms
[2025-09-04T13:28:07.902+0000][gc,marking  ] GC(4) Concurrent Preclean
[2025-09-04T13:28:07.903+0000][gc,marking  ] GC(4) Concurrent Preclean 0.777ms
[2025-09-04T13:28:07.904+0000][gc,start    ] GC(4) Pause Remark
[2025-09-04T13:28:07.907+0000][gc          ] GC(4) Pause Remark 48M->48M(1024M) 3.518ms
[2025-09-04T13:28:07.907+0000][gc,cpu      ] GC(4) User=0.02s Sys=0.00s Real=0.00s
[2025-09-04T13:28:07.908+0000][gc,marking  ] GC(4) Concurrent Mark 25.593ms
[2025-09-04T13:28:07.908+0000][gc,marking  ] GC(4) Concurrent Rebuild Remembered Sets
[2025-09-04T13:28:07.908+0000][gc,marking  ] GC(4) Concurrent Rebuild Remembered Sets 0.268ms
[2025-09-04T13:28:07.909+0000][gc,start    ] GC(4) Pause Cleanup
[2025-09-04T13:28:07.909+0000][gc          ] GC(4) Pause Cleanup 49M->49M(1024M) 0.301ms
[2025-09-04T13:28:07.909+0000][gc,cpu      ] GC(4) User=0.00s Sys=0.00s Real=0.00s
[2025-09-04T13:28:07.910+0000][gc,marking  ] GC(4) Concurrent Cleanup for Next Mark
[2025-09-04T13:28:07.915+0000][gc,marking  ] GC(4) Concurrent Cleanup for Next Mark 5.588ms
[2025-09-04T13:28:07.916+0000][gc          ] GC(4) Concurrent Mark Cycle 37.519ms
[2025-09-04T13:28:12.919+0000][gc,start    ] GC(5) Pause Young (Concurrent Start) (Metadata GC Threshold)
[2025-09-04T13:28:12.919+0000][gc,task     ] GC(5) Using 13 workers of 13 for evacuation
[2025-09-04T13:28:12.930+0000][gc,phases   ] GC(5)   Pre Evacuate Collection Set: 0.5ms
[2025-09-04T13:28:12.931+0000][gc,phases   ] GC(5)   Merge Heap Roots: 0.3ms
[2025-09-04T13:28:12.931+0000][gc,phases   ] GC(5)   Evacuate Collection Set: 5.9ms
[2025-09-04T13:28:12.931+0000][gc,phases   ] GC(5)   Post Evacuate Collection Set: 3.8ms
[2025-09-04T13:28:12.931+0000][gc,phases   ] GC(5)   Other: 1.1ms
[2025-09-04T13:28:12.932+0000][gc,heap     ] GC(5) Eden regions: 310->0(491)
[2025-09-04T13:28:12.932+0000][gc,heap     ] GC(5) Survivor regions: 8->21(64)
[2025-09-04T13:28:12.932+0000][gc,heap     ] GC(5) Old regions: 38->38
[2025-09-04T13:28:12.933+0000][gc,heap     ] GC(5) Archive regions: 2->2
[2025-09-04T13:28:12.934+0000][gc,heap     ] GC(5) Humongous regions: 0->0
[2025-09-04T13:28:12.934+0000][gc,metaspace] GC(5) Metaspace: 60593K(61056K)->60593K(61056K) NonClass: 53154K(53376K)->53154K(53376K) Class: 7439K(7680K)->7439K(7680K)
[2025-09-04T13:28:12.935+0000][gc          ] GC(5) Pause Young (Concurrent Start) (Metadata GC Threshold) 356M->59M(1024M) 15.905ms
[2025-09-04T13:28:12.936+0000][gc,cpu      ] GC(5) User=0.06s Sys=0.01s Real=0.01s
[2025-09-04T13:28:12.936+0000][gc          ] GC(6) Concurrent Mark Cycle
[2025-09-04T13:28:12.936+0000][gc,marking  ] GC(6) Concurrent Clear Claimed Marks
[2025-09-04T13:28:12.937+0000][gc,marking  ] GC(6) Concurrent Clear Claimed Marks 0.455ms
[2025-09-04T13:28:12.937+0000][gc,marking  ] GC(6) Concurrent Scan Root Regions
[2025-09-04T13:28:12.942+0000][gc,marking  ] GC(6) Concurrent Scan Root Regions 5.022ms
[2025-09-04T13:28:12.943+0000][gc,marking  ] GC(6) Concurrent Mark
[2025-09-04T13:28:12.943+0000][gc,marking  ] GC(6) Concurrent Mark From Roots
[2025-09-04T13:28:12.943+0000][gc,task     ] GC(6) Using 3 workers of 3 for marking
[2025-09-04T13:28:12.962+0000][gc,marking  ] GC(6) Concurrent Mark From Roots 19.492ms
[2025-09-04T13:28:12.963+0000][gc,marking  ] GC(6) Concurrent Preclean
[2025-09-04T13:28:12.963+0000][gc,marking  ] GC(6) Concurrent Preclean 0.552ms
[2025-09-04T13:28:12.964+0000][gc,start    ] GC(6) Pause Remark
[2025-09-04T13:28:12.968+0000][gc          ] GC(6) Pause Remark 63M->63M(1024M) 4.297ms
[2025-09-04T13:28:12.969+0000][gc,cpu      ] GC(6) User=0.03s Sys=0.00s Real=0.00s
[2025-09-04T13:28:12.969+0000][gc,marking  ] GC(6) Concurrent Mark 26.351ms
[2025-09-04T13:28:12.975+0000][gc,marking  ] GC(6) Concurrent Rebuild Remembered Sets
[2025-09-04T13:28:12.975+0000][gc,marking  ] GC(6) Concurrent Rebuild Remembered Sets 0.316ms
[2025-09-04T13:28:12.976+0000][gc,start    ] GC(6) Pause Cleanup
[2025-09-04T13:28:12.976+0000][gc          ] GC(6) Pause Cleanup 64M->64M(1024M) 0.226ms
[2025-09-04T13:28:12.976+0000][gc,cpu      ] GC(6) User=0.00s Sys=0.00s Real=0.00s
[2025-09-04T13:28:12.977+0000][gc,marking  ] GC(6) Concurrent Cleanup for Next Mark
[2025-09-04T13:28:12.978+0000][gc,marking  ] GC(6) Concurrent Cleanup for Next Mark 1.013ms
[2025-09-04T13:28:12.978+0000][gc          ] GC(6) Concurrent Mark Cycle 41.670ms
[2025-09-04T13:28:16.436+0000][gc,start    ] GC(7) Pause Young (Concurrent Start) (G1 Evacuation Pause)
[2025-09-04T13:28:16.437+0000][gc,task     ] GC(7) Using 13 workers of 13 for evacuation
[2025-09-04T13:28:16.458+0000][gc,phases   ] GC(7)   Pre Evacuate Collection Set: 0.5ms
[2025-09-04T13:28:16.458+0000][gc,phases   ] GC(7)   Merge Heap Roots: 0.3ms
[2025-09-04T13:28:16.458+0000][gc,phases   ] GC(7)   Evacuate Collection Set: 15.2ms
[2025-09-04T13:28:16.458+0000][gc,phases   ] GC(7)   Post Evacuate Collection Set: 4.0ms
[2025-09-04T13:28:16.459+0000][gc,phases   ] GC(7)   Other: 2.3ms
[2025-09-04T13:28:16.459+0000][gc,heap     ] GC(7) Eden regions: 491->0(463)
[2025-09-04T13:28:16.459+0000][gc,heap     ] GC(7) Survivor regions: 21->49(64)
[2025-09-04T13:28:16.459+0000][gc,heap     ] GC(7) Old regions: 38->38
[2025-09-04T13:28:16.459+0000][gc,heap     ] GC(7) Archive regions: 2->2
[2025-09-04T13:28:16.460+0000][gc,heap     ] GC(7) Humongous regions: 0->0
[2025-09-04T13:28:16.460+0000][gc,metaspace] GC(7) Metaspace: 73867K(74432K)->73867K(74432K) NonClass: 64574K(64896K)->64574K(64896K) Class: 9293K(9536K)->9293K(9536K)
[2025-09-04T13:28:16.460+0000][gc          ] GC(7) Pause Young (Concurrent Start) (G1 Evacuation Pause) 550M->87M(1024M) 24.376ms
[2025-09-04T13:28:16.460+0000][gc,cpu      ] GC(7) User=0.14s Sys=0.03s Real=0.03s
[2025-09-04T13:28:16.461+0000][gc          ] GC(8) Concurrent Mark Cycle
[2025-09-04T13:28:16.461+0000][gc,marking  ] GC(8) Concurrent Clear Claimed Marks
[2025-09-04T13:28:16.461+0000][gc,marking  ] GC(8) Concurrent Clear Claimed Marks 0.279ms
[2025-09-04T13:28:16.461+0000][gc,marking  ] GC(8) Concurrent Scan Root Regions
[2025-09-04T13:28:16.474+0000][gc,marking  ] GC(8) Concurrent Scan Root Regions 12.732ms
[2025-09-04T13:28:16.474+0000][gc,marking  ] GC(8) Concurrent Mark
[2025-09-04T13:28:16.475+0000][gc,marking  ] GC(8) Concurrent Mark From Roots
[2025-09-04T13:28:16.475+0000][gc,task     ] GC(8) Using 3 workers of 3 for marking
[2025-09-04T13:28:16.496+0000][gc,marking  ] GC(8) Concurrent Mark From Roots 21.315ms
[2025-09-04T13:28:16.496+0000][gc,marking  ] GC(8) Concurrent Preclean
[2025-09-04T13:28:16.497+0000][gc,marking  ] GC(8) Concurrent Preclean 0.654ms
[2025-09-04T13:28:16.500+0000][gc,start    ] GC(8) Pause Remark
[2025-09-04T13:28:16.505+0000][gc          ] GC(8) Pause Remark 102M->102M(1024M) 5.594ms
[2025-09-04T13:28:16.506+0000][gc,cpu      ] GC(8) User=0.04s Sys=0.00s Real=0.00s
[2025-09-04T13:28:16.506+0000][gc,marking  ] GC(8) Concurrent Mark 31.769ms
[2025-09-04T13:28:16.506+0000][gc,marking  ] GC(8) Concurrent Rebuild Remembered Sets
[2025-09-04T13:28:16.515+0000][gc,marking  ] GC(8) Concurrent Rebuild Remembered Sets 8.187ms
[2025-09-04T13:28:16.516+0000][gc,start    ] GC(8) Pause Cleanup
[2025-09-04T13:28:16.516+0000][gc          ] GC(8) Pause Cleanup 108M->108M(1024M) 0.675ms
[2025-09-04T13:28:16.516+0000][gc,cpu      ] GC(8) User=0.00s Sys=0.00s Real=0.00s
[2025-09-04T13:28:16.517+0000][gc,marking  ] GC(8) Concurrent Cleanup for Next Mark
[2025-09-04T13:28:16.518+0000][gc,marking  ] GC(8) Concurrent Cleanup for Next Mark 1.040ms
[2025-09-04T13:28:16.518+0000][gc          ] GC(8) Concurrent Mark Cycle 57.777ms
[2025-09-04T13:28:19.044+0000][gc,start    ] GC(9) Pause Young (Normal) (G1 Evacuation Pause)
[2025-09-04T13:28:19.044+0000][gc,task     ] GC(9) Using 13 workers of 13 for evacuation
[2025-09-04T13:28:19.069+0000][gc,phases   ] GC(9)   Pre Evacuate Collection Set: 0.5ms
[2025-09-04T13:28:19.070+0000][gc,phases   ] GC(9)   Merge Heap Roots: 0.3ms
[2025-09-04T13:28:19.070+0000][gc,phases   ] GC(9)   Evacuate Collection Set: 20.1ms
[2025-09-04T13:28:19.070+0000][gc,phases   ] GC(9)   Post Evacuate Collection Set: 4.0ms
[2025-09-04T13:28:19.070+0000][gc,phases   ] GC(9)   Other: 1.0ms
[2025-09-04T13:28:19.071+0000][gc,heap     ] GC(9) Eden regions: 463->0(451)
[2025-09-04T13:28:19.071+0000][gc,heap     ] GC(9) Survivor regions: 49->61(64)
[2025-09-04T13:28:19.071+0000][gc,heap     ] GC(9) Old regions: 38->57
[2025-09-04T13:28:19.071+0000][gc,heap     ] GC(9) Archive regions: 2->2
[2025-09-04T13:28:19.072+0000][gc,heap     ] GC(9) Humongous regions: 0->0
[2025-09-04T13:28:19.072+0000][gc,metaspace] GC(9) Metaspace: 81647K(82304K)->81647K(82304K) NonClass: 71377K(71744K)->71377K(71744K) Class: 10269K(10560K)->10269K(10560K)
[2025-09-04T13:28:19.072+0000][gc          ] GC(9) Pause Young (Normal) (G1 Evacuation Pause) 550M->118M(1024M) 28.458ms
[2025-09-04T13:28:19.072+0000][gc,cpu      ] GC(9) User=0.25s Sys=0.07s Real=0.03s
[2025-09-04T13:33:54.525+0000][gc,start    ] GC(10) Pause Young (Normal) (G1 Evacuation Pause)
[2025-09-04T13:33:54.526+0000][gc,task     ] GC(10) Using 13 workers of 13 for evacuation
[2025-09-04T13:33:54.573+0000][gc,phases   ] GC(10)   Pre Evacuate Collection Set: 0.8ms
[2025-09-04T13:33:54.573+0000][gc,phases   ] GC(10)   Merge Heap Roots: 0.4ms
[2025-09-04T13:33:54.573+0000][gc,phases   ] GC(10)   Evacuate Collection Set: 39.0ms
[2025-09-04T13:33:54.574+0000][gc,phases   ] GC(10)   Post Evacuate Collection Set: 6.0ms
[2025-09-04T13:33:54.574+0000][gc,phases   ] GC(10)   Other: 1.2ms
[2025-09-04T13:33:54.574+0000][gc,heap     ] GC(10) Eden regions: 451->0(480)
[2025-09-04T13:33:54.574+0000][gc,heap     ] GC(10) Survivor regions: 61->32(64)
[2025-09-04T13:33:54.575+0000][gc,heap     ] GC(10) Old regions: 57->79
[2025-09-04T13:33:54.575+0000][gc,heap     ] GC(10) Archive regions: 2->2
[2025-09-04T13:33:54.575+0000][gc,heap     ] GC(10) Humongous regions: 7->7
[2025-09-04T13:33:54.576+0000][gc,metaspace] GC(10) Metaspace: 91048K(91904K)->91048K(91904K) NonClass: 79924K(80320K)->79924K(80320K) Class: 11124K(11584K)->11124K(11584K)
[2025-09-04T13:33:54.576+0000][gc          ] GC(10) Pause Young (Normal) (G1 Evacuation Pause) 576M->118M(1024M) 50.576ms
[2025-09-04T13:33:54.577+0000][gc,cpu      ] GC(10) User=0.18s Sys=0.13s Real=0.05s
[2025-09-04T13:48:00.443+0000][gc,heap,exit] Heap
[2025-09-04T13:48:00.443+0000][gc,heap,exit]  garbage-first heap   total 1048576K, used 222654K [0x00000000c0000000, 0x0000000100000000)
[2025-09-04T13:48:00.444+0000][gc,heap,exit]   region size 1024K, 131 young (134144K), 32 survivors (32768K)
[2025-09-04T13:48:00.444+0000][gc,heap,exit]  Metaspace       used 92469K, committed 93312K, reserved 1179648K
[2025-09-04T13:48:00.444+0000][gc,heap,exit]   class space    used 11206K, committed 11648K, reserved 1048576K
