[2025-09-04T17:06:38.574+0000][gc] Using G1
[2025-09-04T17:06:38.601+0000][gc,init] Version: 17.0.16+8-alpine-r0 (release)
[2025-09-04T17:06:38.602+0000][gc,init] CPUs: 16 total, 16 available
[2025-09-04T17:06:38.602+0000][gc,init] Memory: 15632M
[2025-09-04T17:06:38.603+0000][gc,init] Large Page Support: Disabled
[2025-09-04T17:06:38.603+0000][gc,init] NUMA Support: Disabled
[2025-09-04T17:06:38.604+0000][gc,init] Compressed Oops: Enabled (32-bit)
[2025-09-04T17:06:38.604+0000][gc,init] Heap Region Size: 1M
[2025-09-04T17:06:38.605+0000][gc,init] Heap Min Capacity: 1G
[2025-09-04T17:06:38.605+0000][gc,init] Heap Initial Capacity: 1G
[2025-09-04T17:06:38.606+0000][gc,init] Heap Max Capacity: 1G
[2025-09-04T17:06:38.606+0000][gc,init] Pre-touch: Disabled
[2025-09-04T17:06:38.607+0000][gc,init] Parallel Workers: 13
[2025-09-04T17:06:38.608+0000][gc,init] Concurrent Workers: 3
[2025-09-04T17:06:38.608+0000][gc,init] Concurrent Refinement Workers: 13
[2025-09-04T17:06:38.608+0000][gc,init] Periodic GC: Disabled
[2025-09-04T17:06:38.626+0000][gc,metaspace] CDS archive(s) mapped at: [0x0000732c41000000-0x0000732c41bc7000-0x0000732c41bc7000), size 12349440, SharedBaseAddress: 0x0000732c41000000, ArchiveRelocationMode: 1.
[2025-09-04T17:06:38.626+0000][gc,metaspace] Compressed class space mapped at: 0x0000732c42000000-0x0000732c82000000, reserved size: 1073741824
[2025-09-04T17:06:38.627+0000][gc,metaspace] Narrow klass base: 0x0000732c41000000, Narrow klass shift: 0, Narrow klass range: 0x100000000
[2025-09-04T17:06:44.697+0000][gc,start    ] GC(0) Pause Young (Normal) (G1 Evacuation Pause)
[2025-09-04T17:06:44.704+0000][gc,task     ] GC(0) Using 13 workers of 13 for evacuation
[2025-09-04T17:06:44.741+0000][gc,phases   ] GC(0)   Pre Evacuate Collection Set: 0.5ms
[2025-09-04T17:06:44.742+0000][gc,phases   ] GC(0)   Merge Heap Roots: 0.5ms
[2025-09-04T17:06:44.742+0000][gc,phases   ] GC(0)   Evacuate Collection Set: 30.5ms
[2025-09-04T17:06:44.743+0000][gc,phases   ] GC(0)   Post Evacuate Collection Set: 5.1ms
[2025-09-04T17:06:44.743+0000][gc,phases   ] GC(0)   Other: 7.1ms
[2025-09-04T17:06:44.743+0000][gc,heap     ] GC(0) Eden regions: 512->0(473)
[2025-09-04T17:06:44.744+0000][gc,heap     ] GC(0) Survivor regions: 0->39(64)
[2025-09-04T17:06:44.744+0000][gc,heap     ] GC(0) Old regions: 0->0
[2025-09-04T17:06:44.745+0000][gc,heap     ] GC(0) Archive regions: 2->2
[2025-09-04T17:06:44.745+0000][gc,heap     ] GC(0) Humongous regions: 0->0
[2025-09-04T17:06:44.746+0000][gc,metaspace] GC(0) Metaspace: 20882K(21312K)->20882K(21312K) NonClass: 18274K(18496K)->18274K(18496K) Class: 2607K(2816K)->2607K(2816K)
[2025-09-04T17:06:44.746+0000][gc          ] GC(0) Pause Young (Normal) (G1 Evacuation Pause) 512M->39M(1024M) 48.783ms
[2025-09-04T17:06:44.747+0000][gc,cpu      ] GC(0) User=0.27s Sys=0.20s Real=0.04s
[2025-09-04T17:06:44.853+0000][gc,start    ] GC(1) Pause Young (Concurrent Start) (Metadata GC Threshold)
[2025-09-04T17:06:44.853+0000][gc,task     ] GC(1) Using 13 workers of 13 for evacuation
[2025-09-04T17:06:44.910+0000][gc,phases   ] GC(1)   Pre Evacuate Collection Set: 0.5ms
[2025-09-04T17:06:44.910+0000][gc,phases   ] GC(1)   Merge Heap Roots: 0.4ms
[2025-09-04T17:06:44.911+0000][gc,phases   ] GC(1)   Evacuate Collection Set: 52.1ms
[2025-09-04T17:06:44.911+0000][gc,phases   ] GC(1)   Post Evacuate Collection Set: 2.8ms
[2025-09-04T17:06:44.912+0000][gc,phases   ] GC(1)   Other: 1.5ms
[2025-09-04T17:06:44.912+0000][gc,heap     ] GC(1) Eden regions: 12->0(506)
[2025-09-04T17:06:44.912+0000][gc,heap     ] GC(1) Survivor regions: 39->6(64)
[2025-09-04T17:06:44.913+0000][gc,heap     ] GC(1) Old regions: 0->38
[2025-09-04T17:06:44.913+0000][gc,heap     ] GC(1) Archive regions: 2->2
[2025-09-04T17:06:44.914+0000][gc,heap     ] GC(1) Humongous regions: 0->0
[2025-09-04T17:06:44.914+0000][gc,metaspace] GC(1) Metaspace: 21166K(21504K)->21166K(21504K) NonClass: 18528K(18688K)->18528K(18688K) Class: 2638K(2816K)->2638K(2816K)
[2025-09-04T17:06:44.915+0000][gc          ] GC(1) Pause Young (Concurrent Start) (Metadata GC Threshold) 50M->44M(1024M) 61.934ms
[2025-09-04T17:06:44.915+0000][gc,cpu      ] GC(1) User=0.14s Sys=0.46s Real=0.06s
[2025-09-04T17:06:44.916+0000][gc          ] GC(2) Concurrent Mark Cycle
[2025-09-04T17:06:44.918+0000][gc,marking  ] GC(2) Concurrent Clear Claimed Marks
[2025-09-04T17:06:44.919+0000][gc,marking  ] GC(2) Concurrent Clear Claimed Marks 1.046ms
[2025-09-04T17:06:44.919+0000][gc,marking  ] GC(2) Concurrent Scan Root Regions
[2025-09-04T17:06:44.929+0000][gc,marking  ] GC(2) Concurrent Scan Root Regions 10.287ms
[2025-09-04T17:06:44.930+0000][gc,marking  ] GC(2) Concurrent Mark
[2025-09-04T17:06:44.931+0000][gc,marking  ] GC(2) Concurrent Mark From Roots
[2025-09-04T17:06:44.931+0000][gc,task     ] GC(2) Using 3 workers of 3 for marking
[2025-09-04T17:06:44.936+0000][gc,marking  ] GC(2) Concurrent Mark From Roots 5.938ms
[2025-09-04T17:06:44.937+0000][gc,marking  ] GC(2) Concurrent Preclean
[2025-09-04T17:06:44.938+0000][gc,marking  ] GC(2) Concurrent Preclean 0.744ms
[2025-09-04T17:06:44.944+0000][gc,start    ] GC(2) Pause Remark
[2025-09-04T17:06:44.950+0000][gc          ] GC(2) Pause Remark 49M->49M(1024M) 5.464ms
[2025-09-04T17:06:44.950+0000][gc,cpu      ] GC(2) User=0.02s Sys=0.00s Real=0.01s
[2025-09-04T17:06:44.951+0000][gc,marking  ] GC(2) Concurrent Mark 21.412ms
[2025-09-04T17:06:44.957+0000][gc,marking  ] GC(2) Concurrent Rebuild Remembered Sets
[2025-09-04T17:06:44.958+0000][gc,marking  ] GC(2) Concurrent Rebuild Remembered Sets 0.485ms
[2025-09-04T17:06:44.958+0000][gc,start    ] GC(2) Pause Cleanup
[2025-09-04T17:06:44.959+0000][gc          ] GC(2) Pause Cleanup 50M->50M(1024M) 0.374ms
[2025-09-04T17:06:44.959+0000][gc,cpu      ] GC(2) User=0.00s Sys=0.00s Real=0.00s
[2025-09-04T17:06:44.960+0000][gc,marking  ] GC(2) Concurrent Cleanup for Next Mark
[2025-09-04T17:06:44.974+0000][gc,marking  ] GC(2) Concurrent Cleanup for Next Mark 14.708ms
[2025-09-04T17:06:44.975+0000][gc          ] GC(2) Concurrent Mark Cycle 59.090ms
[2025-09-04T17:06:47.913+0000][gc,start    ] GC(3) Pause Young (Concurrent Start) (Metadata GC Threshold)
[2025-09-04T17:06:47.914+0000][gc,task     ] GC(3) Using 13 workers of 13 for evacuation
[2025-09-04T17:06:47.929+0000][gc,phases   ] GC(3)   Pre Evacuate Collection Set: 0.6ms
[2025-09-04T17:06:47.930+0000][gc,phases   ] GC(3)   Merge Heap Roots: 0.6ms
[2025-09-04T17:06:47.930+0000][gc,phases   ] GC(3)   Evacuate Collection Set: 10.8ms
[2025-09-04T17:06:47.931+0000][gc,phases   ] GC(3)   Post Evacuate Collection Set: 2.5ms
[2025-09-04T17:06:47.931+0000][gc,phases   ] GC(3)   Other: 1.4ms
[2025-09-04T17:06:47.932+0000][gc,heap     ] GC(3) Eden regions: 256->0(504)
[2025-09-04T17:06:47.933+0000][gc,heap     ] GC(3) Survivor regions: 6->8(64)
[2025-09-04T17:06:47.934+0000][gc,heap     ] GC(3) Old regions: 38->38
[2025-09-04T17:06:47.934+0000][gc,heap     ] GC(3) Archive regions: 2->2
[2025-09-04T17:06:47.935+0000][gc,heap     ] GC(3) Humongous regions: 0->0
[2025-09-04T17:06:47.936+0000][gc,metaspace] GC(3) Metaspace: 35991K(36416K)->35991K(36416K) NonClass: 31433K(31616K)->31433K(31616K) Class: 4557K(4800K)->4557K(4800K)
[2025-09-04T17:06:47.936+0000][gc          ] GC(3) Pause Young (Concurrent Start) (Metadata GC Threshold) 300M->46M(1024M) 22.911ms
[2025-09-04T17:06:47.937+0000][gc,cpu      ] GC(3) User=0.09s Sys=0.01s Real=0.02s
[2025-09-04T17:06:47.937+0000][gc          ] GC(4) Concurrent Mark Cycle
[2025-09-04T17:06:47.943+0000][gc,marking  ] GC(4) Concurrent Clear Claimed Marks
[2025-09-04T17:06:47.950+0000][gc,marking  ] GC(4) Concurrent Clear Claimed Marks 7.746ms
[2025-09-04T17:06:47.953+0000][gc,marking  ] GC(4) Concurrent Scan Root Regions
[2025-09-04T17:06:47.958+0000][gc,marking  ] GC(4) Concurrent Scan Root Regions 4.803ms
[2025-09-04T17:06:47.959+0000][gc,marking  ] GC(4) Concurrent Mark
[2025-09-04T17:06:47.961+0000][gc,marking  ] GC(4) Concurrent Mark From Roots
[2025-09-04T17:06:47.961+0000][gc,task     ] GC(4) Using 3 workers of 3 for marking
[2025-09-04T17:06:48.003+0000][gc,marking  ] GC(4) Concurrent Mark From Roots 42.508ms
[2025-09-04T17:06:48.004+0000][gc,marking  ] GC(4) Concurrent Preclean
[2025-09-04T17:06:48.005+0000][gc,marking  ] GC(4) Concurrent Preclean 0.783ms
[2025-09-04T17:06:48.006+0000][gc,start    ] GC(4) Pause Remark
[2025-09-04T17:06:48.013+0000][gc          ] GC(4) Pause Remark 49M->49M(1024M) 7.278ms
[2025-09-04T17:06:48.014+0000][gc,cpu      ] GC(4) User=0.04s Sys=0.01s Real=0.01s
[2025-09-04T17:06:48.014+0000][gc,marking  ] GC(4) Concurrent Mark 54.955ms
[2025-09-04T17:06:48.015+0000][gc,marking  ] GC(4) Concurrent Rebuild Remembered Sets
[2025-09-04T17:06:48.015+0000][gc,marking  ] GC(4) Concurrent Rebuild Remembered Sets 0.364ms
[2025-09-04T17:06:48.016+0000][gc,start    ] GC(4) Pause Cleanup
[2025-09-04T17:06:48.017+0000][gc          ] GC(4) Pause Cleanup 49M->49M(1024M) 0.502ms
[2025-09-04T17:06:48.017+0000][gc,cpu      ] GC(4) User=0.01s Sys=0.00s Real=0.01s
[2025-09-04T17:06:48.018+0000][gc,marking  ] GC(4) Concurrent Cleanup for Next Mark
[2025-09-04T17:06:48.036+0000][gc,marking  ] GC(4) Concurrent Cleanup for Next Mark 18.241ms
[2025-09-04T17:06:48.037+0000][gc          ] GC(4) Concurrent Mark Cycle 100.177ms
[2025-09-04T17:06:53.895+0000][gc,start    ] GC(5) Pause Young (Concurrent Start) (Metadata GC Threshold)
[2025-09-04T17:06:53.895+0000][gc,task     ] GC(5) Using 13 workers of 13 for evacuation
[2025-09-04T17:06:53.913+0000][gc,phases   ] GC(5)   Pre Evacuate Collection Set: 0.9ms
[2025-09-04T17:06:53.914+0000][gc,phases   ] GC(5)   Merge Heap Roots: 0.7ms
[2025-09-04T17:06:53.914+0000][gc,phases   ] GC(5)   Evacuate Collection Set: 10.8ms
[2025-09-04T17:06:53.914+0000][gc,phases   ] GC(5)   Post Evacuate Collection Set: 4.9ms
[2025-09-04T17:06:53.915+0000][gc,phases   ] GC(5)   Other: 1.0ms
[2025-09-04T17:06:53.915+0000][gc,heap     ] GC(5) Eden regions: 311->0(491)
[2025-09-04T17:06:53.916+0000][gc,heap     ] GC(5) Survivor regions: 8->21(64)
[2025-09-04T17:06:53.916+0000][gc,heap     ] GC(5) Old regions: 38->38
[2025-09-04T17:06:53.917+0000][gc,heap     ] GC(5) Archive regions: 2->2
[2025-09-04T17:06:53.917+0000][gc,heap     ] GC(5) Humongous regions: 0->0
[2025-09-04T17:06:53.918+0000][gc,metaspace] GC(5) Metaspace: 60619K(61120K)->60619K(61120K) NonClass: 53178K(53440K)->53178K(53440K) Class: 7441K(7680K)->7441K(7680K)
[2025-09-04T17:06:53.918+0000][gc          ] GC(5) Pause Young (Concurrent Start) (Metadata GC Threshold) 357M->59M(1024M) 23.332ms
[2025-09-04T17:06:53.919+0000][gc,cpu      ] GC(5) User=0.10s Sys=0.02s Real=0.03s
[2025-09-04T17:06:53.919+0000][gc          ] GC(6) Concurrent Mark Cycle
[2025-09-04T17:06:53.920+0000][gc,marking  ] GC(6) Concurrent Clear Claimed Marks
[2025-09-04T17:06:53.921+0000][gc,marking  ] GC(6) Concurrent Clear Claimed Marks 0.722ms
[2025-09-04T17:06:53.922+0000][gc,marking  ] GC(6) Concurrent Scan Root Regions
[2025-09-04T17:06:53.928+0000][gc,marking  ] GC(6) Concurrent Scan Root Regions 6.732ms
[2025-09-04T17:06:53.929+0000][gc,marking  ] GC(6) Concurrent Mark
[2025-09-04T17:06:53.929+0000][gc,marking  ] GC(6) Concurrent Mark From Roots
[2025-09-04T17:06:53.930+0000][gc,task     ] GC(6) Using 3 workers of 3 for marking
[2025-09-04T17:06:53.965+0000][gc,marking  ] GC(6) Concurrent Mark From Roots 35.149ms
[2025-09-04T17:06:53.965+0000][gc,marking  ] GC(6) Concurrent Preclean
[2025-09-04T17:06:53.966+0000][gc,marking  ] GC(6) Concurrent Preclean 0.670ms
[2025-09-04T17:06:53.966+0000][gc,start    ] GC(6) Pause Remark
[2025-09-04T17:06:53.972+0000][gc          ] GC(6) Pause Remark 62M->62M(1024M) 5.470ms
[2025-09-04T17:06:53.972+0000][gc,cpu      ] GC(6) User=0.02s Sys=0.00s Real=0.01s
[2025-09-04T17:06:53.973+0000][gc,marking  ] GC(6) Concurrent Mark 43.797ms
[2025-09-04T17:06:53.973+0000][gc,marking  ] GC(6) Concurrent Rebuild Remembered Sets
[2025-09-04T17:06:53.974+0000][gc,marking  ] GC(6) Concurrent Rebuild Remembered Sets 0.714ms
[2025-09-04T17:06:53.975+0000][gc,start    ] GC(6) Pause Cleanup
[2025-09-04T17:06:53.975+0000][gc          ] GC(6) Pause Cleanup 62M->62M(1024M) 0.349ms
[2025-09-04T17:06:53.975+0000][gc,cpu      ] GC(6) User=0.00s Sys=0.00s Real=0.00s
[2025-09-04T17:06:53.976+0000][gc,marking  ] GC(6) Concurrent Cleanup for Next Mark
[2025-09-04T17:06:53.977+0000][gc,marking  ] GC(6) Concurrent Cleanup for Next Mark 1.395ms
[2025-09-04T17:06:53.978+0000][gc          ] GC(6) Concurrent Mark Cycle 58.472ms
[2025-09-04T17:06:57.464+0000][gc,start    ] GC(7) Pause Young (Normal) (G1 Evacuation Pause)
[2025-09-04T17:06:57.465+0000][gc,task     ] GC(7) Using 13 workers of 13 for evacuation
[2025-09-04T17:06:57.488+0000][gc,phases   ] GC(7)   Pre Evacuate Collection Set: 0.7ms
[2025-09-04T17:06:57.490+0000][gc,phases   ] GC(7)   Merge Heap Roots: 0.4ms
[2025-09-04T17:06:57.491+0000][gc,phases   ] GC(7)   Evacuate Collection Set: 16.3ms
[2025-09-04T17:06:57.491+0000][gc,phases   ] GC(7)   Post Evacuate Collection Set: 5.3ms
[2025-09-04T17:06:57.491+0000][gc,phases   ] GC(7)   Other: 1.4ms
[2025-09-04T17:06:57.492+0000][gc,heap     ] GC(7) Eden regions: 491->0(462)
[2025-09-04T17:06:57.492+0000][gc,heap     ] GC(7) Survivor regions: 21->50(64)
[2025-09-04T17:06:57.492+0000][gc,heap     ] GC(7) Old regions: 38->38
[2025-09-04T17:06:57.493+0000][gc,heap     ] GC(7) Archive regions: 2->2
[2025-09-04T17:06:57.493+0000][gc,heap     ] GC(7) Humongous regions: 0->0
[2025-09-04T17:06:57.493+0000][gc,metaspace] GC(7) Metaspace: 73831K(74432K)->73831K(74432K) NonClass: 64540K(64832K)->64540K(64832K) Class: 9290K(9600K)->9290K(9600K)
[2025-09-04T17:06:57.494+0000][gc          ] GC(7) Pause Young (Normal) (G1 Evacuation Pause) 550M->88M(1024M) 29.509ms
[2025-09-04T17:06:57.494+0000][gc,cpu      ] GC(7) User=0.21s Sys=0.06s Real=0.03s
[2025-09-04T17:07:00.851+0000][gc,start    ] GC(8) Pause Young (Normal) (G1 Evacuation Pause)
[2025-09-04T17:07:00.852+0000][gc,task     ] GC(8) Using 13 workers of 13 for evacuation
[2025-09-04T17:07:00.899+0000][gc,phases   ] GC(8)   Pre Evacuate Collection Set: 0.6ms
[2025-09-04T17:07:00.900+0000][gc,phases   ] GC(8)   Merge Heap Roots: 0.5ms
[2025-09-04T17:07:00.900+0000][gc,phases   ] GC(8)   Evacuate Collection Set: 39.1ms
[2025-09-04T17:07:00.901+0000][gc,phases   ] GC(8)   Post Evacuate Collection Set: 6.6ms
[2025-09-04T17:07:00.901+0000][gc,phases   ] GC(8)   Other: 1.5ms
[2025-09-04T17:07:00.902+0000][gc,heap     ] GC(8) Eden regions: 462->0(451)
[2025-09-04T17:07:00.902+0000][gc,heap     ] GC(8) Survivor regions: 50->61(64)
[2025-09-04T17:07:00.902+0000][gc,heap     ] GC(8) Old regions: 38->57
[2025-09-04T17:07:00.903+0000][gc,heap     ] GC(8) Archive regions: 2->2
[2025-09-04T17:07:00.903+0000][gc,heap     ] GC(8) Humongous regions: 0->0
[2025-09-04T17:07:00.904+0000][gc,metaspace] GC(8) Metaspace: 81785K(82432K)->81785K(82432K) NonClass: 71509K(71872K)->71509K(71872K) Class: 10275K(10560K)->10275K(10560K)
[2025-09-04T17:07:00.904+0000][gc          ] GC(8) Pause Young (Normal) (G1 Evacuation Pause) 550M->118M(1024M) 52.782ms
[2025-09-04T17:07:00.905+0000][gc,cpu      ] GC(8) User=0.33s Sys=0.25s Real=0.06s
[2025-09-04T17:08:44.117+0000][gc,start    ] GC(9) Pause Young (Normal) (G1 Evacuation Pause)
[2025-09-04T17:08:44.119+0000][gc,task     ] GC(9) Using 13 workers of 13 for evacuation
[2025-09-04T17:08:44.170+0000][gc,phases   ] GC(9)   Pre Evacuate Collection Set: 1.0ms
[2025-09-04T17:08:44.170+0000][gc,phases   ] GC(9)   Merge Heap Roots: 0.4ms
[2025-09-04T17:08:44.171+0000][gc,phases   ] GC(9)   Evacuate Collection Set: 41.7ms
[2025-09-04T17:08:44.171+0000][gc,phases   ] GC(9)   Post Evacuate Collection Set: 7.1ms
[2025-09-04T17:08:44.172+0000][gc,phases   ] GC(9)   Other: 3.6ms
[2025-09-04T17:08:44.172+0000][gc,heap     ] GC(9) Eden regions: 451->0(484)
[2025-09-04T17:08:44.173+0000][gc,heap     ] GC(9) Survivor regions: 61->28(64)
[2025-09-04T17:08:44.173+0000][gc,heap     ] GC(9) Old regions: 57->79
[2025-09-04T17:08:44.174+0000][gc,heap     ] GC(9) Archive regions: 2->2
[2025-09-04T17:08:44.174+0000][gc,heap     ] GC(9) Humongous regions: 8->8
[2025-09-04T17:08:44.175+0000][gc,metaspace] GC(9) Metaspace: 90023K(90880K)->90023K(90880K) NonClass: 78922K(79360K)->78922K(79360K) Class: 11101K(11520K)->11101K(11520K)
[2025-09-04T17:08:44.175+0000][gc          ] GC(9) Pause Young (Normal) (G1 Evacuation Pause) 577M->115M(1024M) 58.532ms
[2025-09-04T17:08:44.176+0000][gc,cpu      ] GC(9) User=0.29s Sys=0.19s Real=0.06s
[2025-09-04T17:12:11.081+0000][gc,heap,exit] Heap
[2025-09-04T17:12:11.082+0000][gc,heap,exit]  garbage-first heap   total 1048576K, used 200601K [0x00000000c0000000, 0x0000000100000000)
[2025-09-04T17:12:11.082+0000][gc,heap,exit]   region size 1024K, 109 young (111616K), 28 survivors (28672K)
[2025-09-04T17:12:11.083+0000][gc,heap,exit]  Metaspace       used 91607K, committed 92480K, reserved 1179648K
[2025-09-04T17:12:11.083+0000][gc,heap,exit]   class space    used 11170K, committed 11584K, reserved 1048576K
