[2025-09-04T16:59:34.493+0000][gc] Using G1
[2025-09-04T16:59:34.530+0000][gc,init] Version: 17.0.16+8-alpine-r0 (release)
[2025-09-04T16:59:34.530+0000][gc,init] CPUs: 16 total, 16 available
[2025-09-04T16:59:34.531+0000][gc,init] Memory: 15632M
[2025-09-04T16:59:34.531+0000][gc,init] Large Page Support: Disabled
[2025-09-04T16:59:34.532+0000][gc,init] NUMA Support: Disabled
[2025-09-04T16:59:34.532+0000][gc,init] Compressed Oops: Enabled (32-bit)
[2025-09-04T16:59:34.533+0000][gc,init] Heap Region Size: 1M
[2025-09-04T16:59:34.533+0000][gc,init] Heap Min Capacity: 1G
[2025-09-04T16:59:34.534+0000][gc,init] Heap Initial Capacity: 1G
[2025-09-04T16:59:34.534+0000][gc,init] Heap Max Capacity: 1G
[2025-09-04T16:59:34.534+0000][gc,init] Pre-touch: Disabled
[2025-09-04T16:59:34.535+0000][gc,init] Parallel Workers: 13
[2025-09-04T16:59:34.535+0000][gc,init] Concurrent Workers: 3
[2025-09-04T16:59:34.536+0000][gc,init] Concurrent Refinement Workers: 13
[2025-09-04T16:59:34.536+0000][gc,init] Periodic GC: Disabled
[2025-09-04T16:59:34.561+0000][gc,metaspace] CDS archive(s) mapped at: [0x000078775a000000-0x000078775abc7000-0x000078775abc7000), size 12349440, SharedBaseAddress: 0x000078775a000000, ArchiveRelocationMode: 1.
[2025-09-04T16:59:34.562+0000][gc,metaspace] Compressed class space mapped at: 0x000078775b000000-0x000078779b000000, reserved size: 1073741824
[2025-09-04T16:59:34.563+0000][gc,metaspace] Narrow klass base: 0x000078775a000000, Narrow klass shift: 0, Narrow klass range: 0x100000000
[2025-09-04T16:59:40.699+0000][gc,start    ] GC(0) Pause Young (Normal) (G1 Evacuation Pause)
[2025-09-04T16:59:40.705+0000][gc,task     ] GC(0) Using 13 workers of 13 for evacuation
[2025-09-04T16:59:40.746+0000][gc,phases   ] GC(0)   Pre Evacuate Collection Set: 0.6ms
[2025-09-04T16:59:40.746+0000][gc,phases   ] GC(0)   Merge Heap Roots: 0.6ms
[2025-09-04T16:59:40.747+0000][gc,phases   ] GC(0)   Evacuate Collection Set: 34.1ms
[2025-09-04T16:59:40.747+0000][gc,phases   ] GC(0)   Post Evacuate Collection Set: 4.1ms
[2025-09-04T16:59:40.747+0000][gc,phases   ] GC(0)   Other: 6.9ms
[2025-09-04T16:59:40.748+0000][gc,heap     ] GC(0) Eden regions: 512->0(473)
[2025-09-04T16:59:40.748+0000][gc,heap     ] GC(0) Survivor regions: 0->39(64)
[2025-09-04T16:59:40.749+0000][gc,heap     ] GC(0) Old regions: 0->0
[2025-09-04T16:59:40.749+0000][gc,heap     ] GC(0) Archive regions: 2->2
[2025-09-04T16:59:40.749+0000][gc,heap     ] GC(0) Humongous regions: 0->0
[2025-09-04T16:59:40.750+0000][gc,metaspace] GC(0) Metaspace: 20877K(21248K)->20877K(21248K) NonClass: 18270K(18432K)->18270K(18432K) Class: 2607K(2816K)->2607K(2816K)
[2025-09-04T16:59:40.750+0000][gc          ] GC(0) Pause Young (Normal) (G1 Evacuation Pause) 512M->39M(1024M) 50.578ms
[2025-09-04T16:59:40.750+0000][gc,cpu      ] GC(0) User=0.29s Sys=0.25s Real=0.05s
[2025-09-04T16:59:40.863+0000][gc,start    ] GC(1) Pause Young (Concurrent Start) (Metadata GC Threshold)
[2025-09-04T16:59:40.865+0000][gc,task     ] GC(1) Using 13 workers of 13 for evacuation
[2025-09-04T16:59:40.906+0000][gc,phases   ] GC(1)   Pre Evacuate Collection Set: 0.7ms
[2025-09-04T16:59:40.907+0000][gc,phases   ] GC(1)   Merge Heap Roots: 0.4ms
[2025-09-04T16:59:40.907+0000][gc,phases   ] GC(1)   Evacuate Collection Set: 37.2ms
[2025-09-04T16:59:40.908+0000][gc,phases   ] GC(1)   Post Evacuate Collection Set: 2.3ms
[2025-09-04T16:59:40.909+0000][gc,phases   ] GC(1)   Other: 2.4ms
[2025-09-04T16:59:40.909+0000][gc,heap     ] GC(1) Eden regions: 11->0(505)
[2025-09-04T16:59:40.910+0000][gc,heap     ] GC(1) Survivor regions: 39->7(64)
[2025-09-04T16:59:40.910+0000][gc,heap     ] GC(1) Old regions: 0->38
[2025-09-04T16:59:40.910+0000][gc,heap     ] GC(1) Archive regions: 2->2
[2025-09-04T16:59:40.911+0000][gc,heap     ] GC(1) Humongous regions: 0->0
[2025-09-04T16:59:40.911+0000][gc,metaspace] GC(1) Metaspace: 21135K(21504K)->21135K(21504K) NonClass: 18496K(18688K)->18496K(18688K) Class: 2639K(2816K)->2639K(2816K)
[2025-09-04T16:59:40.912+0000][gc          ] GC(1) Pause Young (Concurrent Start) (Metadata GC Threshold) 49M->45M(1024M) 48.880ms
[2025-09-04T16:59:40.913+0000][gc,cpu      ] GC(1) User=0.14s Sys=0.35s Real=0.05s
[2025-09-04T16:59:40.913+0000][gc          ] GC(2) Concurrent Mark Cycle
[2025-09-04T16:59:40.919+0000][gc,marking  ] GC(2) Concurrent Clear Claimed Marks
[2025-09-04T16:59:40.919+0000][gc,marking  ] GC(2) Concurrent Clear Claimed Marks 0.634ms
[2025-09-04T16:59:40.920+0000][gc,marking  ] GC(2) Concurrent Scan Root Regions
[2025-09-04T16:59:40.928+0000][gc,marking  ] GC(2) Concurrent Scan Root Regions 8.771ms
[2025-09-04T16:59:40.929+0000][gc,marking  ] GC(2) Concurrent Mark
[2025-09-04T16:59:40.932+0000][gc,marking  ] GC(2) Concurrent Mark From Roots
[2025-09-04T16:59:40.933+0000][gc,task     ] GC(2) Using 3 workers of 3 for marking
[2025-09-04T16:59:40.935+0000][gc,marking  ] GC(2) Concurrent Mark From Roots 2.724ms
[2025-09-04T16:59:40.935+0000][gc,marking  ] GC(2) Concurrent Preclean
[2025-09-04T16:59:40.936+0000][gc,marking  ] GC(2) Concurrent Preclean 0.651ms
[2025-09-04T16:59:40.937+0000][gc,start    ] GC(2) Pause Remark
[2025-09-04T16:59:40.941+0000][gc          ] GC(2) Pause Remark 50M->50M(1024M) 4.119ms
[2025-09-04T16:59:40.941+0000][gc,cpu      ] GC(2) User=0.02s Sys=0.01s Real=0.00s
[2025-09-04T16:59:40.942+0000][gc,marking  ] GC(2) Concurrent Mark 12.752ms
[2025-09-04T16:59:40.942+0000][gc,marking  ] GC(2) Concurrent Rebuild Remembered Sets
[2025-09-04T16:59:40.943+0000][gc,marking  ] GC(2) Concurrent Rebuild Remembered Sets 0.780ms
[2025-09-04T16:59:40.944+0000][gc,start    ] GC(2) Pause Cleanup
[2025-09-04T16:59:40.944+0000][gc          ] GC(2) Pause Cleanup 51M->51M(1024M) 0.391ms
[2025-09-04T16:59:40.944+0000][gc,cpu      ] GC(2) User=0.01s Sys=0.00s Real=0.01s
[2025-09-04T16:59:40.945+0000][gc,marking  ] GC(2) Concurrent Cleanup for Next Mark
[2025-09-04T16:59:40.957+0000][gc,marking  ] GC(2) Concurrent Cleanup for Next Mark 12.194ms
[2025-09-04T16:59:40.958+0000][gc          ] GC(2) Concurrent Mark Cycle 44.396ms
[2025-09-04T16:59:43.797+0000][gc,start    ] GC(3) Pause Young (Concurrent Start) (Metadata GC Threshold)
[2025-09-04T16:59:43.798+0000][gc,task     ] GC(3) Using 13 workers of 13 for evacuation
[2025-09-04T16:59:43.810+0000][gc,phases   ] GC(3)   Pre Evacuate Collection Set: 0.6ms
[2025-09-04T16:59:43.810+0000][gc,phases   ] GC(3)   Merge Heap Roots: 0.4ms
[2025-09-04T16:59:43.810+0000][gc,phases   ] GC(3)   Evacuate Collection Set: 7.5ms
[2025-09-04T16:59:43.811+0000][gc,phases   ] GC(3)   Post Evacuate Collection Set: 2.3ms
[2025-09-04T16:59:43.811+0000][gc,phases   ] GC(3)   Other: 1.4ms
[2025-09-04T16:59:43.811+0000][gc,heap     ] GC(3) Eden regions: 257->0(504)
[2025-09-04T16:59:43.812+0000][gc,heap     ] GC(3) Survivor regions: 7->8(64)
[2025-09-04T16:59:43.812+0000][gc,heap     ] GC(3) Old regions: 38->38
[2025-09-04T16:59:43.813+0000][gc,heap     ] GC(3) Archive regions: 2->2
[2025-09-04T16:59:43.813+0000][gc,heap     ] GC(3) Humongous regions: 0->0
[2025-09-04T16:59:43.813+0000][gc,metaspace] GC(3) Metaspace: 36060K(36480K)->36060K(36480K) NonClass: 31493K(31680K)->31493K(31680K) Class: 4567K(4800K)->4567K(4800K)
[2025-09-04T16:59:43.814+0000][gc          ] GC(3) Pause Young (Concurrent Start) (Metadata GC Threshold) 301M->46M(1024M) 16.434ms
[2025-09-04T16:59:43.814+0000][gc,cpu      ] GC(3) User=0.08s Sys=0.01s Real=0.01s
[2025-09-04T16:59:43.815+0000][gc          ] GC(4) Concurrent Mark Cycle
[2025-09-04T16:59:43.815+0000][gc,marking  ] GC(4) Concurrent Clear Claimed Marks
[2025-09-04T16:59:43.818+0000][gc,marking  ] GC(4) Concurrent Clear Claimed Marks 3.290ms
[2025-09-04T16:59:43.819+0000][gc,marking  ] GC(4) Concurrent Scan Root Regions
[2025-09-04T16:59:43.824+0000][gc,marking  ] GC(4) Concurrent Scan Root Regions 5.293ms
[2025-09-04T16:59:43.825+0000][gc,marking  ] GC(4) Concurrent Mark
[2025-09-04T16:59:43.826+0000][gc,marking  ] GC(4) Concurrent Mark From Roots
[2025-09-04T16:59:43.829+0000][gc,task     ] GC(4) Using 3 workers of 3 for marking
[2025-09-04T16:59:43.876+0000][gc,marking  ] GC(4) Concurrent Mark From Roots 50.655ms
[2025-09-04T16:59:43.877+0000][gc,marking  ] GC(4) Concurrent Preclean
[2025-09-04T16:59:43.877+0000][gc,marking  ] GC(4) Concurrent Preclean 0.771ms
[2025-09-04T16:59:43.878+0000][gc,start    ] GC(4) Pause Remark
[2025-09-04T16:59:43.884+0000][gc          ] GC(4) Pause Remark 48M->48M(1024M) 6.152ms
[2025-09-04T16:59:43.885+0000][gc,cpu      ] GC(4) User=0.03s Sys=0.01s Real=0.01s
[2025-09-04T16:59:43.886+0000][gc,marking  ] GC(4) Concurrent Mark 60.466ms
[2025-09-04T16:59:43.886+0000][gc,marking  ] GC(4) Concurrent Rebuild Remembered Sets
[2025-09-04T16:59:43.886+0000][gc,marking  ] GC(4) Concurrent Rebuild Remembered Sets 0.354ms
[2025-09-04T16:59:43.888+0000][gc,start    ] GC(4) Pause Cleanup
[2025-09-04T16:59:43.888+0000][gc          ] GC(4) Pause Cleanup 48M->48M(1024M) 0.409ms
[2025-09-04T16:59:43.888+0000][gc,cpu      ] GC(4) User=0.00s Sys=0.00s Real=0.00s
[2025-09-04T16:59:43.889+0000][gc,marking  ] GC(4) Concurrent Cleanup for Next Mark
[2025-09-04T16:59:43.901+0000][gc,marking  ] GC(4) Concurrent Cleanup for Next Mark 12.553ms
[2025-09-04T16:59:43.902+0000][gc          ] GC(4) Concurrent Mark Cycle 87.071ms
[2025-09-04T16:59:48.653+0000][gc,start    ] GC(5) Pause Young (Concurrent Start) (Metadata GC Threshold)
[2025-09-04T16:59:48.653+0000][gc,task     ] GC(5) Using 13 workers of 13 for evacuation
[2025-09-04T16:59:48.673+0000][gc,phases   ] GC(5)   Pre Evacuate Collection Set: 0.6ms
[2025-09-04T16:59:48.674+0000][gc,phases   ] GC(5)   Merge Heap Roots: 0.4ms
[2025-09-04T16:59:48.674+0000][gc,phases   ] GC(5)   Evacuate Collection Set: 13.9ms
[2025-09-04T16:59:48.674+0000][gc,phases   ] GC(5)   Post Evacuate Collection Set: 4.8ms
[2025-09-04T16:59:48.675+0000][gc,phases   ] GC(5)   Other: 1.2ms
[2025-09-04T16:59:48.675+0000][gc,heap     ] GC(5) Eden regions: 310->0(490)
[2025-09-04T16:59:48.676+0000][gc,heap     ] GC(5) Survivor regions: 8->22(64)
[2025-09-04T16:59:48.676+0000][gc,heap     ] GC(5) Old regions: 38->38
[2025-09-04T16:59:48.677+0000][gc,heap     ] GC(5) Archive regions: 2->2
[2025-09-04T16:59:48.677+0000][gc,heap     ] GC(5) Humongous regions: 0->0
[2025-09-04T16:59:48.678+0000][gc,metaspace] GC(5) Metaspace: 60553K(61056K)->60553K(61056K) NonClass: 53119K(53376K)->53119K(53376K) Class: 7434K(7680K)->7434K(7680K)
[2025-09-04T16:59:48.678+0000][gc          ] GC(5) Pause Young (Concurrent Start) (Metadata GC Threshold) 356M->60M(1024M) 25.412ms
[2025-09-04T16:59:48.678+0000][gc,cpu      ] GC(5) User=0.08s Sys=0.01s Real=0.02s
[2025-09-04T16:59:48.679+0000][gc          ] GC(6) Concurrent Mark Cycle
[2025-09-04T16:59:48.680+0000][gc,marking  ] GC(6) Concurrent Clear Claimed Marks
[2025-09-04T16:59:48.681+0000][gc,marking  ] GC(6) Concurrent Clear Claimed Marks 0.576ms
[2025-09-04T16:59:48.682+0000][gc,marking  ] GC(6) Concurrent Scan Root Regions
[2025-09-04T16:59:48.690+0000][gc,marking  ] GC(6) Concurrent Scan Root Regions 8.093ms
[2025-09-04T16:59:48.691+0000][gc,marking  ] GC(6) Concurrent Mark
[2025-09-04T16:59:48.691+0000][gc,marking  ] GC(6) Concurrent Mark From Roots
[2025-09-04T16:59:48.692+0000][gc,task     ] GC(6) Using 3 workers of 3 for marking
[2025-09-04T16:59:48.721+0000][gc,marking  ] GC(6) Concurrent Mark From Roots 29.643ms
[2025-09-04T16:59:48.722+0000][gc,marking  ] GC(6) Concurrent Preclean
[2025-09-04T16:59:48.722+0000][gc,marking  ] GC(6) Concurrent Preclean 0.706ms
[2025-09-04T16:59:48.723+0000][gc,start    ] GC(6) Pause Remark
[2025-09-04T16:59:48.730+0000][gc          ] GC(6) Pause Remark 63M->63M(1024M) 6.553ms
[2025-09-04T16:59:48.730+0000][gc,cpu      ] GC(6) User=0.02s Sys=0.01s Real=0.01s
[2025-09-04T16:59:48.731+0000][gc,marking  ] GC(6) Concurrent Mark 39.683ms
[2025-09-04T16:59:48.731+0000][gc,marking  ] GC(6) Concurrent Rebuild Remembered Sets
[2025-09-04T16:59:48.732+0000][gc,marking  ] GC(6) Concurrent Rebuild Remembered Sets 0.508ms
[2025-09-04T16:59:48.732+0000][gc,start    ] GC(6) Pause Cleanup
[2025-09-04T16:59:48.733+0000][gc          ] GC(6) Pause Cleanup 63M->63M(1024M) 0.332ms
[2025-09-04T16:59:48.733+0000][gc,cpu      ] GC(6) User=0.00s Sys=0.00s Real=0.00s
[2025-09-04T16:59:48.734+0000][gc,marking  ] GC(6) Concurrent Cleanup for Next Mark
[2025-09-04T16:59:48.735+0000][gc,marking  ] GC(6) Concurrent Cleanup for Next Mark 1.035ms
[2025-09-04T16:59:48.736+0000][gc          ] GC(6) Concurrent Mark Cycle 56.727ms
[2025-09-04T16:59:53.631+0000][gc,start    ] GC(7) Pause Young (Normal) (G1 Evacuation Pause)
[2025-09-04T16:59:53.633+0000][gc,task     ] GC(7) Using 13 workers of 13 for evacuation
[2025-09-04T16:59:53.660+0000][gc,phases   ] GC(7)   Pre Evacuate Collection Set: 0.6ms
[2025-09-04T16:59:53.661+0000][gc,phases   ] GC(7)   Merge Heap Roots: 0.4ms
[2025-09-04T16:59:53.661+0000][gc,phases   ] GC(7)   Evacuate Collection Set: 19.7ms
[2025-09-04T16:59:53.662+0000][gc,phases   ] GC(7)   Post Evacuate Collection Set: 5.4ms
[2025-09-04T16:59:53.662+0000][gc,phases   ] GC(7)   Other: 3.6ms
[2025-09-04T16:59:53.662+0000][gc,heap     ] GC(7) Eden regions: 490->0(463)
[2025-09-04T16:59:53.663+0000][gc,heap     ] GC(7) Survivor regions: 22->49(64)
[2025-09-04T16:59:53.663+0000][gc,heap     ] GC(7) Old regions: 38->38
[2025-09-04T16:59:53.663+0000][gc,heap     ] GC(7) Archive regions: 2->2
[2025-09-04T16:59:53.664+0000][gc,heap     ] GC(7) Humongous regions: 0->0
[2025-09-04T16:59:53.664+0000][gc,metaspace] GC(7) Metaspace: 73869K(74496K)->73869K(74496K) NonClass: 64577K(64896K)->64577K(64896K) Class: 9291K(9600K)->9291K(9600K)
[2025-09-04T16:59:53.665+0000][gc          ] GC(7) Pause Young (Normal) (G1 Evacuation Pause) 550M->87M(1024M) 33.900ms
[2025-09-04T16:59:53.665+0000][gc,cpu      ] GC(7) User=0.22s Sys=0.10s Real=0.03s
[2025-09-04T16:59:57.172+0000][gc,start    ] GC(8) Pause Young (Normal) (G1 Evacuation Pause)
[2025-09-04T16:59:57.172+0000][gc,task     ] GC(8) Using 13 workers of 13 for evacuation
[2025-09-04T16:59:57.214+0000][gc,phases   ] GC(8)   Pre Evacuate Collection Set: 0.6ms
[2025-09-04T16:59:57.214+0000][gc,phases   ] GC(8)   Merge Heap Roots: 0.4ms
[2025-09-04T16:59:57.215+0000][gc,phases   ] GC(8)   Evacuate Collection Set: 34.2ms
[2025-09-04T16:59:57.215+0000][gc,phases   ] GC(8)   Post Evacuate Collection Set: 5.9ms
[2025-09-04T16:59:57.216+0000][gc,phases   ] GC(8)   Other: 1.4ms
[2025-09-04T16:59:57.217+0000][gc,heap     ] GC(8) Eden regions: 463->0(451)
[2025-09-04T16:59:57.217+0000][gc,heap     ] GC(8) Survivor regions: 49->61(64)
[2025-09-04T16:59:57.217+0000][gc,heap     ] GC(8) Old regions: 38->57
[2025-09-04T16:59:57.218+0000][gc,heap     ] GC(8) Archive regions: 2->2
[2025-09-04T16:59:57.218+0000][gc,heap     ] GC(8) Humongous regions: 0->0
[2025-09-04T16:59:57.218+0000][gc,metaspace] GC(8) Metaspace: 81729K(82368K)->81729K(82368K) NonClass: 71464K(71808K)->71464K(71808K) Class: 10265K(10560K)->10265K(10560K)
[2025-09-04T16:59:57.219+0000][gc          ] GC(8) Pause Young (Normal) (G1 Evacuation Pause) 550M->117M(1024M) 47.107ms
[2025-09-04T16:59:57.219+0000][gc,cpu      ] GC(8) User=0.34s Sys=0.18s Real=0.04s
[2025-09-04T17:03:11.463+0000][gc,start    ] GC(9) Pause Young (Normal) (G1 Evacuation Pause)
[2025-09-04T17:03:11.464+0000][gc,task     ] GC(9) Using 13 workers of 13 for evacuation
[2025-09-04T17:03:11.513+0000][gc,phases   ] GC(9)   Pre Evacuate Collection Set: 1.1ms
[2025-09-04T17:03:11.514+0000][gc,phases   ] GC(9)   Merge Heap Roots: 0.7ms
[2025-09-04T17:03:11.514+0000][gc,phases   ] GC(9)   Evacuate Collection Set: 39.2ms
[2025-09-04T17:03:11.514+0000][gc,phases   ] GC(9)   Post Evacuate Collection Set: 7.4ms
[2025-09-04T17:03:11.515+0000][gc,phases   ] GC(9)   Other: 1.7ms
[2025-09-04T17:03:11.516+0000][gc,heap     ] GC(9) Eden regions: 451->0(483)
[2025-09-04T17:03:11.516+0000][gc,heap     ] GC(9) Survivor regions: 61->29(64)
[2025-09-04T17:03:11.516+0000][gc,heap     ] GC(9) Old regions: 57->79
[2025-09-04T17:03:11.517+0000][gc,heap     ] GC(9) Archive regions: 2->2
[2025-09-04T17:03:11.517+0000][gc,heap     ] GC(9) Humongous regions: 8->8
[2025-09-04T17:03:11.518+0000][gc,metaspace] GC(9) Metaspace: 90339K(91200K)->90339K(91200K) NonClass: 79244K(79680K)->79244K(79680K) Class: 11095K(11520K)->11095K(11520K)
[2025-09-04T17:03:11.518+0000][gc          ] GC(9) Pause Young (Normal) (G1 Evacuation Pause) 576M->116M(1024M) 54.852ms
[2025-09-04T17:03:11.519+0000][gc,cpu      ] GC(9) User=0.33s Sys=0.17s Real=0.06s
[2025-09-04T17:04:17.656+0000][gc,heap,exit] Heap
[2025-09-04T17:04:17.657+0000][gc,heap,exit]  garbage-first heap   total 1048576K, used 162584K [0x00000000c0000000, 0x0000000100000000)
[2025-09-04T17:04:17.657+0000][gc,heap,exit]   region size 1024K, 72 young (73728K), 29 survivors (29696K)
[2025-09-04T17:04:17.658+0000][gc,heap,exit]  Metaspace       used 90975K, committed 91776K, reserved 1179648K
[2025-09-04T17:04:17.658+0000][gc,heap,exit]   class space    used 11158K, committed 11520K, reserved 1048576K
