[2025-09-04T16:53:08.694+0000][gc] Using G1
[2025-09-04T16:53:08.727+0000][gc,init] Version: 17.0.16+8-alpine-r0 (release)
[2025-09-04T16:53:08.728+0000][gc,init] CPUs: 16 total, 16 available
[2025-09-04T16:53:08.729+0000][gc,init] Memory: 15632M
[2025-09-04T16:53:08.730+0000][gc,init] Large Page Support: Disabled
[2025-09-04T16:53:08.730+0000][gc,init] NUMA Support: Disabled
[2025-09-04T16:53:08.731+0000][gc,init] Compressed Oops: Enabled (32-bit)
[2025-09-04T16:53:08.731+0000][gc,init] Heap Region Size: 1M
[2025-09-04T16:53:08.732+0000][gc,init] Heap Min Capacity: 1G
[2025-09-04T16:53:08.732+0000][gc,init] Heap Initial Capacity: 1G
[2025-09-04T16:53:08.733+0000][gc,init] Heap Max Capacity: 1G
[2025-09-04T16:53:08.733+0000][gc,init] Pre-touch: Disabled
[2025-09-04T16:53:08.734+0000][gc,init] Parallel Workers: 13
[2025-09-04T16:53:08.735+0000][gc,init] Concurrent Workers: 3
[2025-09-04T16:53:08.735+0000][gc,init] Concurrent Refinement Workers: 13
[2025-09-04T16:53:08.736+0000][gc,init] Periodic GC: Disabled
[2025-09-04T16:53:08.754+0000][gc,metaspace] CDS archive(s) mapped at: [0x00007d61c3000000-0x00007d61c3bc7000-0x00007d61c3bc7000), size 12349440, SharedBaseAddress: 0x00007d61c3000000, ArchiveRelocationMode: 1.
[2025-09-04T16:53:08.754+0000][gc,metaspace] Compressed class space mapped at: 0x00007d61c4000000-0x00007d6204000000, reserved size: 1073741824
[2025-09-04T16:53:08.755+0000][gc,metaspace] Narrow klass base: 0x00007d61c3000000, Narrow klass shift: 0, Narrow klass range: 0x100000000
[2025-09-04T16:53:14.698+0000][gc,start    ] GC(0) Pause Young (Normal) (G1 Evacuation Pause)
[2025-09-04T16:53:14.703+0000][gc,task     ] GC(0) Using 13 workers of 13 for evacuation
[2025-09-04T16:53:14.744+0000][gc,phases   ] GC(0)   Pre Evacuate Collection Set: 0.7ms
[2025-09-04T16:53:14.745+0000][gc,phases   ] GC(0)   Merge Heap Roots: 0.7ms
[2025-09-04T16:53:14.745+0000][gc,phases   ] GC(0)   Evacuate Collection Set: 34.7ms
[2025-09-04T16:53:14.745+0000][gc,phases   ] GC(0)   Post Evacuate Collection Set: 3.9ms
[2025-09-04T16:53:14.746+0000][gc,phases   ] GC(0)   Other: 5.9ms
[2025-09-04T16:53:14.746+0000][gc,heap     ] GC(0) Eden regions: 512->0(473)
[2025-09-04T16:53:14.747+0000][gc,heap     ] GC(0) Survivor regions: 0->39(64)
[2025-09-04T16:53:14.747+0000][gc,heap     ] GC(0) Old regions: 0->0
[2025-09-04T16:53:14.748+0000][gc,heap     ] GC(0) Archive regions: 2->2
[2025-09-04T16:53:14.748+0000][gc,heap     ] GC(0) Humongous regions: 0->0
[2025-09-04T16:53:14.748+0000][gc,metaspace] GC(0) Metaspace: 20884K(21248K)->20884K(21248K) NonClass: 18278K(18432K)->18278K(18432K) Class: 2606K(2816K)->2606K(2816K)
[2025-09-04T16:53:14.749+0000][gc          ] GC(0) Pause Young (Normal) (G1 Evacuation Pause) 512M->39M(1024M) 50.351ms
[2025-09-04T16:53:14.749+0000][gc,cpu      ] GC(0) User=0.25s Sys=0.30s Real=0.05s
[2025-09-04T16:53:14.856+0000][gc,start    ] GC(1) Pause Young (Concurrent Start) (Metadata GC Threshold)
[2025-09-04T16:53:14.857+0000][gc,task     ] GC(1) Using 13 workers of 13 for evacuation
[2025-09-04T16:53:14.897+0000][gc,phases   ] GC(1)   Pre Evacuate Collection Set: 0.7ms
[2025-09-04T16:53:14.898+0000][gc,phases   ] GC(1)   Merge Heap Roots: 0.3ms
[2025-09-04T16:53:14.899+0000][gc,phases   ] GC(1)   Evacuate Collection Set: 36.4ms
[2025-09-04T16:53:14.899+0000][gc,phases   ] GC(1)   Post Evacuate Collection Set: 2.2ms
[2025-09-04T16:53:14.900+0000][gc,phases   ] GC(1)   Other: 1.4ms
[2025-09-04T16:53:14.900+0000][gc,heap     ] GC(1) Eden regions: 11->0(505)
[2025-09-04T16:53:14.901+0000][gc,heap     ] GC(1) Survivor regions: 39->7(64)
[2025-09-04T16:53:14.902+0000][gc,heap     ] GC(1) Old regions: 0->38
[2025-09-04T16:53:14.902+0000][gc,heap     ] GC(1) Archive regions: 2->2
[2025-09-04T16:53:14.903+0000][gc,heap     ] GC(1) Humongous regions: 0->0
[2025-09-04T16:53:14.903+0000][gc,metaspace] GC(1) Metaspace: 21155K(21504K)->21155K(21504K) NonClass: 18517K(18688K)->18517K(18688K) Class: 2638K(2816K)->2638K(2816K)
[2025-09-04T16:53:14.904+0000][gc          ] GC(1) Pause Young (Concurrent Start) (Metadata GC Threshold) 50M->45M(1024M) 47.787ms
[2025-09-04T16:53:14.905+0000][gc,cpu      ] GC(1) User=0.16s Sys=0.29s Real=0.05s
[2025-09-04T16:53:14.905+0000][gc          ] GC(2) Concurrent Mark Cycle
[2025-09-04T16:53:14.906+0000][gc,marking  ] GC(2) Concurrent Clear Claimed Marks
[2025-09-04T16:53:14.906+0000][gc,marking  ] GC(2) Concurrent Clear Claimed Marks 0.471ms
[2025-09-04T16:53:14.907+0000][gc,marking  ] GC(2) Concurrent Scan Root Regions
[2025-09-04T16:53:14.916+0000][gc,marking  ] GC(2) Concurrent Scan Root Regions 9.068ms
[2025-09-04T16:53:14.916+0000][gc,marking  ] GC(2) Concurrent Mark
[2025-09-04T16:53:14.917+0000][gc,marking  ] GC(2) Concurrent Mark From Roots
[2025-09-04T16:53:14.917+0000][gc,task     ] GC(2) Using 3 workers of 3 for marking
[2025-09-04T16:53:14.920+0000][gc,marking  ] GC(2) Concurrent Mark From Roots 2.849ms
[2025-09-04T16:53:14.920+0000][gc,marking  ] GC(2) Concurrent Preclean
[2025-09-04T16:53:14.921+0000][gc,marking  ] GC(2) Concurrent Preclean 0.754ms
[2025-09-04T16:53:14.922+0000][gc,start    ] GC(2) Pause Remark
[2025-09-04T16:53:14.926+0000][gc          ] GC(2) Pause Remark 48M->48M(1024M) 4.154ms
[2025-09-04T16:53:14.927+0000][gc,cpu      ] GC(2) User=0.02s Sys=0.00s Real=0.01s
[2025-09-04T16:53:14.928+0000][gc,marking  ] GC(2) Concurrent Mark 11.330ms
[2025-09-04T16:53:14.929+0000][gc,marking  ] GC(2) Concurrent Rebuild Remembered Sets
[2025-09-04T16:53:14.929+0000][gc,marking  ] GC(2) Concurrent Rebuild Remembered Sets 0.409ms
[2025-09-04T16:53:14.930+0000][gc,start    ] GC(2) Pause Cleanup
[2025-09-04T16:53:14.930+0000][gc          ] GC(2) Pause Cleanup 48M->48M(1024M) 0.374ms
[2025-09-04T16:53:14.931+0000][gc,cpu      ] GC(2) User=0.01s Sys=0.00s Real=0.00s
[2025-09-04T16:53:14.931+0000][gc,marking  ] GC(2) Concurrent Cleanup for Next Mark
[2025-09-04T16:53:14.944+0000][gc,marking  ] GC(2) Concurrent Cleanup for Next Mark 12.806ms
[2025-09-04T16:53:14.944+0000][gc          ] GC(2) Concurrent Mark Cycle 39.024ms
[2025-09-04T16:53:17.734+0000][gc,start    ] GC(3) Pause Young (Concurrent Start) (Metadata GC Threshold)
[2025-09-04T16:53:17.735+0000][gc,task     ] GC(3) Using 13 workers of 13 for evacuation
[2025-09-04T16:53:17.746+0000][gc,phases   ] GC(3)   Pre Evacuate Collection Set: 0.8ms
[2025-09-04T16:53:17.746+0000][gc,phases   ] GC(3)   Merge Heap Roots: 0.5ms
[2025-09-04T16:53:17.747+0000][gc,phases   ] GC(3)   Evacuate Collection Set: 6.9ms
[2025-09-04T16:53:17.747+0000][gc,phases   ] GC(3)   Post Evacuate Collection Set: 2.5ms
[2025-09-04T16:53:17.748+0000][gc,phases   ] GC(3)   Other: 1.2ms
[2025-09-04T16:53:17.748+0000][gc,heap     ] GC(3) Eden regions: 256->0(504)
[2025-09-04T16:53:17.749+0000][gc,heap     ] GC(3) Survivor regions: 7->8(64)
[2025-09-04T16:53:17.749+0000][gc,heap     ] GC(3) Old regions: 38->38
[2025-09-04T16:53:17.750+0000][gc,heap     ] GC(3) Archive regions: 2->2
[2025-09-04T16:53:17.750+0000][gc,heap     ] GC(3) Humongous regions: 0->0
[2025-09-04T16:53:17.750+0000][gc,metaspace] GC(3) Metaspace: 35996K(36416K)->35996K(36416K) NonClass: 31439K(31616K)->31439K(31616K) Class: 4557K(4800K)->4557K(4800K)
[2025-09-04T16:53:17.751+0000][gc          ] GC(3) Pause Young (Concurrent Start) (Metadata GC Threshold) 301M->46M(1024M) 16.896ms
[2025-09-04T16:53:17.751+0000][gc,cpu      ] GC(3) User=0.05s Sys=0.01s Real=0.02s
[2025-09-04T16:53:17.752+0000][gc          ] GC(4) Concurrent Mark Cycle
[2025-09-04T16:53:17.752+0000][gc,marking  ] GC(4) Concurrent Clear Claimed Marks
[2025-09-04T16:53:17.753+0000][gc,marking  ] GC(4) Concurrent Clear Claimed Marks 0.424ms
[2025-09-04T16:53:17.753+0000][gc,marking  ] GC(4) Concurrent Scan Root Regions
[2025-09-04T16:53:17.757+0000][gc,marking  ] GC(4) Concurrent Scan Root Regions 3.962ms
[2025-09-04T16:53:17.758+0000][gc,marking  ] GC(4) Concurrent Mark
[2025-09-04T16:53:17.758+0000][gc,marking  ] GC(4) Concurrent Mark From Roots
[2025-09-04T16:53:17.759+0000][gc,task     ] GC(4) Using 3 workers of 3 for marking
[2025-09-04T16:53:17.787+0000][gc,marking  ] GC(4) Concurrent Mark From Roots 28.679ms
[2025-09-04T16:53:17.788+0000][gc,marking  ] GC(4) Concurrent Preclean
[2025-09-04T16:53:17.788+0000][gc,marking  ] GC(4) Concurrent Preclean 0.896ms
[2025-09-04T16:53:17.789+0000][gc,start    ] GC(4) Pause Remark
[2025-09-04T16:53:17.794+0000][gc          ] GC(4) Pause Remark 48M->48M(1024M) 5.121ms
[2025-09-04T16:53:17.795+0000][gc,cpu      ] GC(4) User=0.02s Sys=0.01s Real=0.00s
[2025-09-04T16:53:17.795+0000][gc,marking  ] GC(4) Concurrent Mark 37.557ms
[2025-09-04T16:53:17.796+0000][gc,marking  ] GC(4) Concurrent Rebuild Remembered Sets
[2025-09-04T16:53:17.797+0000][gc,marking  ] GC(4) Concurrent Rebuild Remembered Sets 0.502ms
[2025-09-04T16:53:17.797+0000][gc,start    ] GC(4) Pause Cleanup
[2025-09-04T16:53:17.798+0000][gc          ] GC(4) Pause Cleanup 48M->48M(1024M) 0.401ms
[2025-09-04T16:53:17.798+0000][gc,cpu      ] GC(4) User=0.01s Sys=0.00s Real=0.00s
[2025-09-04T16:53:17.799+0000][gc,marking  ] GC(4) Concurrent Cleanup for Next Mark
[2025-09-04T16:53:17.814+0000][gc,marking  ] GC(4) Concurrent Cleanup for Next Mark 15.619ms
[2025-09-04T16:53:17.815+0000][gc          ] GC(4) Concurrent Mark Cycle 62.819ms
[2025-09-04T16:53:23.942+0000][gc,start    ] GC(5) Pause Young (Concurrent Start) (Metadata GC Threshold)
[2025-09-04T16:53:23.942+0000][gc,task     ] GC(5) Using 13 workers of 13 for evacuation
[2025-09-04T16:53:23.960+0000][gc,phases   ] GC(5)   Pre Evacuate Collection Set: 0.9ms
[2025-09-04T16:53:23.961+0000][gc,phases   ] GC(5)   Merge Heap Roots: 0.4ms
[2025-09-04T16:53:23.961+0000][gc,phases   ] GC(5)   Evacuate Collection Set: 11.0ms
[2025-09-04T16:53:23.961+0000][gc,phases   ] GC(5)   Post Evacuate Collection Set: 5.1ms
[2025-09-04T16:53:23.962+0000][gc,phases   ] GC(5)   Other: 1.2ms
[2025-09-04T16:53:23.962+0000][gc,heap     ] GC(5) Eden regions: 310->0(491)
[2025-09-04T16:53:23.963+0000][gc,heap     ] GC(5) Survivor regions: 8->21(64)
[2025-09-04T16:53:23.963+0000][gc,heap     ] GC(5) Old regions: 38->38
[2025-09-04T16:53:23.963+0000][gc,heap     ] GC(5) Archive regions: 2->2
[2025-09-04T16:53:23.964+0000][gc,heap     ] GC(5) Humongous regions: 0->0
[2025-09-04T16:53:23.964+0000][gc,metaspace] GC(5) Metaspace: 60602K(61056K)->60602K(61056K) NonClass: 53164K(53376K)->53164K(53376K) Class: 7437K(7680K)->7437K(7680K)
[2025-09-04T16:53:23.965+0000][gc          ] GC(5) Pause Young (Concurrent Start) (Metadata GC Threshold) 356M->59M(1024M) 22.978ms
[2025-09-04T16:53:23.965+0000][gc,cpu      ] GC(5) User=0.08s Sys=0.04s Real=0.03s
[2025-09-04T16:53:23.965+0000][gc          ] GC(6) Concurrent Mark Cycle
[2025-09-04T16:53:23.968+0000][gc,marking  ] GC(6) Concurrent Clear Claimed Marks
[2025-09-04T16:53:23.971+0000][gc,marking  ] GC(6) Concurrent Clear Claimed Marks 2.845ms
[2025-09-04T16:53:23.974+0000][gc,marking  ] GC(6) Concurrent Scan Root Regions
[2025-09-04T16:53:23.980+0000][gc,marking  ] GC(6) Concurrent Scan Root Regions 5.308ms
[2025-09-04T16:53:23.980+0000][gc,marking  ] GC(6) Concurrent Mark
[2025-09-04T16:53:23.981+0000][gc,marking  ] GC(6) Concurrent Mark From Roots
[2025-09-04T16:53:23.981+0000][gc,task     ] GC(6) Using 3 workers of 3 for marking
[2025-09-04T16:53:24.006+0000][gc,marking  ] GC(6) Concurrent Mark From Roots 25.153ms
[2025-09-04T16:53:24.007+0000][gc,marking  ] GC(6) Concurrent Preclean
[2025-09-04T16:53:24.007+0000][gc,marking  ] GC(6) Concurrent Preclean 0.862ms
[2025-09-04T16:53:24.008+0000][gc,start    ] GC(6) Pause Remark
[2025-09-04T16:53:24.013+0000][gc          ] GC(6) Pause Remark 63M->63M(1024M) 5.215ms
[2025-09-04T16:53:24.014+0000][gc,cpu      ] GC(6) User=0.03s Sys=0.00s Real=0.00s
[2025-09-04T16:53:24.014+0000][gc,marking  ] GC(6) Concurrent Mark 33.817ms
[2025-09-04T16:53:24.015+0000][gc,marking  ] GC(6) Concurrent Rebuild Remembered Sets
[2025-09-04T16:53:24.015+0000][gc,marking  ] GC(6) Concurrent Rebuild Remembered Sets 0.419ms
[2025-09-04T16:53:24.016+0000][gc,start    ] GC(6) Pause Cleanup
[2025-09-04T16:53:24.016+0000][gc          ] GC(6) Pause Cleanup 63M->63M(1024M) 0.407ms
[2025-09-04T16:53:24.016+0000][gc,cpu      ] GC(6) User=0.00s Sys=0.00s Real=0.00s
[2025-09-04T16:53:24.017+0000][gc,marking  ] GC(6) Concurrent Cleanup for Next Mark
[2025-09-04T16:53:24.018+0000][gc,marking  ] GC(6) Concurrent Cleanup for Next Mark 1.185ms
[2025-09-04T16:53:24.019+0000][gc          ] GC(6) Concurrent Mark Cycle 53.521ms
[2025-09-04T16:53:29.081+0000][gc,start    ] GC(7) Pause Young (Concurrent Start) (G1 Evacuation Pause)
[2025-09-04T16:53:29.081+0000][gc,task     ] GC(7) Using 13 workers of 13 for evacuation
[2025-09-04T16:53:29.109+0000][gc,phases   ] GC(7)   Pre Evacuate Collection Set: 0.6ms
[2025-09-04T16:53:29.109+0000][gc,phases   ] GC(7)   Merge Heap Roots: 0.4ms
[2025-09-04T16:53:29.110+0000][gc,phases   ] GC(7)   Evacuate Collection Set: 20.6ms
[2025-09-04T16:53:29.110+0000][gc,phases   ] GC(7)   Post Evacuate Collection Set: 4.9ms
[2025-09-04T16:53:29.111+0000][gc,phases   ] GC(7)   Other: 1.5ms
[2025-09-04T16:53:29.111+0000][gc,heap     ] GC(7) Eden regions: 491->0(463)
[2025-09-04T16:53:29.111+0000][gc,heap     ] GC(7) Survivor regions: 21->49(64)
[2025-09-04T16:53:29.112+0000][gc,heap     ] GC(7) Old regions: 38->38
[2025-09-04T16:53:29.112+0000][gc,heap     ] GC(7) Archive regions: 2->2
[2025-09-04T16:53:29.112+0000][gc,heap     ] GC(7) Humongous regions: 0->0
[2025-09-04T16:53:29.113+0000][gc,metaspace] GC(7) Metaspace: 73887K(74432K)->73887K(74432K) NonClass: 64591K(64896K)->64591K(64896K) Class: 9295K(9536K)->9295K(9536K)
[2025-09-04T16:53:29.113+0000][gc          ] GC(7) Pause Young (Concurrent Start) (G1 Evacuation Pause) 550M->87M(1024M) 32.269ms
[2025-09-04T16:53:29.114+0000][gc,cpu      ] GC(7) User=0.22s Sys=0.05s Real=0.03s
[2025-09-04T16:53:29.114+0000][gc          ] GC(8) Concurrent Mark Cycle
[2025-09-04T16:53:29.117+0000][gc,marking  ] GC(8) Concurrent Clear Claimed Marks
[2025-09-04T16:53:29.118+0000][gc,marking  ] GC(8) Concurrent Clear Claimed Marks 0.435ms
[2025-09-04T16:53:29.119+0000][gc,marking  ] GC(8) Concurrent Scan Root Regions
[2025-09-04T16:53:29.134+0000][gc,marking  ] GC(8) Concurrent Scan Root Regions 14.395ms
[2025-09-04T16:53:29.134+0000][gc,marking  ] GC(8) Concurrent Mark
[2025-09-04T16:53:29.134+0000][gc,marking  ] GC(8) Concurrent Mark From Roots
[2025-09-04T16:53:29.135+0000][gc,task     ] GC(8) Using 3 workers of 3 for marking
[2025-09-04T16:53:29.160+0000][gc,marking  ] GC(8) Concurrent Mark From Roots 25.733ms
[2025-09-04T16:53:29.161+0000][gc,marking  ] GC(8) Concurrent Preclean
[2025-09-04T16:53:29.162+0000][gc,marking  ] GC(8) Concurrent Preclean 1.227ms
[2025-09-04T16:53:29.163+0000][gc,start    ] GC(8) Pause Remark
[2025-09-04T16:53:29.170+0000][gc          ] GC(8) Pause Remark 102M->102M(1024M) 6.426ms
[2025-09-04T16:53:29.170+0000][gc,cpu      ] GC(8) User=0.05s Sys=0.01s Real=0.01s
[2025-09-04T16:53:29.171+0000][gc,marking  ] GC(8) Concurrent Mark 36.512ms
[2025-09-04T16:53:29.171+0000][gc,marking  ] GC(8) Concurrent Rebuild Remembered Sets
[2025-09-04T16:53:29.184+0000][gc,marking  ] GC(8) Concurrent Rebuild Remembered Sets 12.692ms
[2025-09-04T16:53:29.185+0000][gc,start    ] GC(8) Pause Cleanup
[2025-09-04T16:53:29.186+0000][gc          ] GC(8) Pause Cleanup 106M->106M(1024M) 1.019ms
[2025-09-04T16:53:29.186+0000][gc,cpu      ] GC(8) User=0.01s Sys=0.00s Real=0.00s
[2025-09-04T16:53:29.186+0000][gc,marking  ] GC(8) Concurrent Cleanup for Next Mark
[2025-09-04T16:53:29.188+0000][gc,marking  ] GC(8) Concurrent Cleanup for Next Mark 1.178ms
[2025-09-04T16:53:29.188+0000][gc          ] GC(8) Concurrent Mark Cycle 73.824ms
[2025-09-04T16:53:32.392+0000][gc,start    ] GC(9) Pause Young (Normal) (G1 Evacuation Pause)
[2025-09-04T16:53:32.392+0000][gc,task     ] GC(9) Using 13 workers of 13 for evacuation
[2025-09-04T16:53:32.434+0000][gc,phases   ] GC(9)   Pre Evacuate Collection Set: 0.5ms
[2025-09-04T16:53:32.434+0000][gc,phases   ] GC(9)   Merge Heap Roots: 0.4ms
[2025-09-04T16:53:32.434+0000][gc,phases   ] GC(9)   Evacuate Collection Set: 34.2ms
[2025-09-04T16:53:32.435+0000][gc,phases   ] GC(9)   Post Evacuate Collection Set: 5.8ms
[2025-09-04T16:53:32.435+0000][gc,phases   ] GC(9)   Other: 1.2ms
[2025-09-04T16:53:32.436+0000][gc,heap     ] GC(9) Eden regions: 463->0(450)
[2025-09-04T16:53:32.436+0000][gc,heap     ] GC(9) Survivor regions: 49->62(64)
[2025-09-04T16:53:32.436+0000][gc,heap     ] GC(9) Old regions: 38->57
[2025-09-04T16:53:32.437+0000][gc,heap     ] GC(9) Archive regions: 2->2
[2025-09-04T16:53:32.437+0000][gc,heap     ] GC(9) Humongous regions: 0->0
[2025-09-04T16:53:32.437+0000][gc,metaspace] GC(9) Metaspace: 81784K(82368K)->81784K(82368K) NonClass: 71503K(71808K)->71503K(71808K) Class: 10280K(10560K)->10280K(10560K)
[2025-09-04T16:53:32.438+0000][gc          ] GC(9) Pause Young (Normal) (G1 Evacuation Pause) 550M->118M(1024M) 45.992ms
[2025-09-04T16:53:32.438+0000][gc,cpu      ] GC(9) User=0.34s Sys=0.12s Real=0.05s
[2025-09-04T16:55:27.840+0000][gc,start    ] GC(10) Pause Young (Normal) (G1 Evacuation Pause)
[2025-09-04T16:55:27.840+0000][gc,task     ] GC(10) Using 13 workers of 13 for evacuation
[2025-09-04T16:55:27.880+0000][gc,phases   ] GC(10)   Pre Evacuate Collection Set: 0.8ms
[2025-09-04T16:55:27.881+0000][gc,phases   ] GC(10)   Merge Heap Roots: 0.4ms
[2025-09-04T16:55:27.881+0000][gc,phases   ] GC(10)   Evacuate Collection Set: 30.2ms
[2025-09-04T16:55:27.881+0000][gc,phases   ] GC(10)   Post Evacuate Collection Set: 7.4ms
[2025-09-04T16:55:27.882+0000][gc,phases   ] GC(10)   Other: 1.7ms
[2025-09-04T16:55:27.882+0000][gc,heap     ] GC(10) Eden regions: 450->0(485)
[2025-09-04T16:55:27.883+0000][gc,heap     ] GC(10) Survivor regions: 62->27(64)
[2025-09-04T16:55:27.883+0000][gc,heap     ] GC(10) Old regions: 57->79
[2025-09-04T16:55:27.883+0000][gc,heap     ] GC(10) Archive regions: 2->2
[2025-09-04T16:55:27.884+0000][gc,heap     ] GC(10) Humongous regions: 8->8
[2025-09-04T16:55:27.884+0000][gc,metaspace] GC(10) Metaspace: 90064K(90880K)->90064K(90880K) NonClass: 78961K(79360K)->78961K(79360K) Class: 11102K(11520K)->11102K(11520K)
[2025-09-04T16:55:27.885+0000][gc          ] GC(10) Pause Young (Normal) (G1 Evacuation Pause) 576M->114M(1024M) 45.072ms
[2025-09-04T16:55:27.885+0000][gc,cpu      ] GC(10) User=0.22s Sys=0.13s Real=0.05s
[2025-09-04T16:56:51.660+0000][gc,heap,exit] Heap
[2025-09-04T16:56:51.661+0000][gc,heap,exit]  garbage-first heap   total 1048576K, used 164441K [0x00000000c0000000, 0x0000000100000000)
[2025-09-04T16:56:51.661+0000][gc,heap,exit]   region size 1024K, 73 young (74752K), 27 survivors (27648K)
[2025-09-04T16:56:51.662+0000][gc,heap,exit]  Metaspace       used 90838K, committed 91648K, reserved 1179648K
[2025-09-04T16:56:51.663+0000][gc,heap,exit]   class space    used 11166K, committed 11584K, reserved 1048576K
