[2025-09-04T21:56:48.642+0000][gc] Using G1
[2025-09-04T21:56:48.676+0000][gc,init] Version: 17.0.16+8-alpine-r0 (release)
[2025-09-04T21:56:48.677+0000][gc,init] CPUs: 16 total, 16 available
[2025-09-04T21:56:48.677+0000][gc,init] Memory: 15632M
[2025-09-04T21:56:48.678+0000][gc,init] Large Page Support: Disabled
[2025-09-04T21:56:48.680+0000][gc,init] NUMA Support: Disabled
[2025-09-04T21:56:48.681+0000][gc,init] Compressed Oops: Enabled (32-bit)
[2025-09-04T21:56:48.681+0000][gc,init] Heap Region Size: 1M
[2025-09-04T21:56:48.682+0000][gc,init] Heap Min Capacity: 1G
[2025-09-04T21:56:48.682+0000][gc,init] Heap Initial Capacity: 1G
[2025-09-04T21:56:48.683+0000][gc,init] Heap Max Capacity: 1G
[2025-09-04T21:56:48.683+0000][gc,init] Pre-touch: Disabled
[2025-09-04T21:56:48.683+0000][gc,init] Parallel Workers: 13
[2025-09-04T21:56:48.684+0000][gc,init] Concurrent Workers: 3
[2025-09-04T21:56:48.684+0000][gc,init] Concurrent Refinement Workers: 13
[2025-09-04T21:56:48.685+0000][gc,init] Periodic GC: Disabled
[2025-09-04T21:56:48.708+0000][gc,metaspace] CDS archive(s) mapped at: [0x00007815a3000000-0x00007815a3bc7000-0x00007815a3bc7000), size 12349440, SharedBaseAddress: 0x00007815a3000000, ArchiveRelocationMode: 1.
[2025-09-04T21:56:48.708+0000][gc,metaspace] Compressed class space mapped at: 0x00007815a4000000-0x00007815e4000000, reserved size: 1073741824
[2025-09-04T21:56:48.709+0000][gc,metaspace] Narrow klass base: 0x00007815a3000000, Narrow klass shift: 0, Narrow klass range: 0x100000000
[2025-09-04T21:56:54.588+0000][gc,start    ] GC(0) Pause Young (Normal) (G1 Evacuation Pause)
[2025-09-04T21:56:54.594+0000][gc,task     ] GC(0) Using 13 workers of 13 for evacuation
[2025-09-04T21:56:54.641+0000][gc,phases   ] GC(0)   Pre Evacuate Collection Set: 0.5ms
[2025-09-04T21:56:54.641+0000][gc,phases   ] GC(0)   Merge Heap Roots: 0.5ms
[2025-09-04T21:56:54.642+0000][gc,phases   ] GC(0)   Evacuate Collection Set: 40.4ms
[2025-09-04T21:56:54.642+0000][gc,phases   ] GC(0)   Post Evacuate Collection Set: 4.5ms
[2025-09-04T21:56:54.642+0000][gc,phases   ] GC(0)   Other: 6.6ms
[2025-09-04T21:56:54.643+0000][gc,heap     ] GC(0) Eden regions: 512->0(473)
[2025-09-04T21:56:54.644+0000][gc,heap     ] GC(0) Survivor regions: 0->39(64)
[2025-09-04T21:56:54.644+0000][gc,heap     ] GC(0) Old regions: 0->0
[2025-09-04T21:56:54.644+0000][gc,heap     ] GC(0) Archive regions: 2->2
[2025-09-04T21:56:54.645+0000][gc,heap     ] GC(0) Humongous regions: 0->0
[2025-09-04T21:56:54.645+0000][gc,metaspace] GC(0) Metaspace: 20875K(21312K)->20875K(21312K) NonClass: 18268K(18496K)->18268K(18496K) Class: 2606K(2816K)->2606K(2816K)
[2025-09-04T21:56:54.646+0000][gc          ] GC(0) Pause Young (Normal) (G1 Evacuation Pause) 512M->39M(1024M) 57.155ms
[2025-09-04T21:56:54.646+0000][gc,cpu      ] GC(0) User=0.27s Sys=0.34s Real=0.06s
[2025-09-04T21:56:54.767+0000][gc,start    ] GC(1) Pause Young (Concurrent Start) (Metadata GC Threshold)
[2025-09-04T21:56:54.768+0000][gc,task     ] GC(1) Using 13 workers of 13 for evacuation
[2025-09-04T21:56:54.823+0000][gc,phases   ] GC(1)   Pre Evacuate Collection Set: 0.5ms
[2025-09-04T21:56:54.824+0000][gc,phases   ] GC(1)   Merge Heap Roots: 0.9ms
[2025-09-04T21:56:54.824+0000][gc,phases   ] GC(1)   Evacuate Collection Set: 50.0ms
[2025-09-04T21:56:54.824+0000][gc,phases   ] GC(1)   Post Evacuate Collection Set: 2.7ms
[2025-09-04T21:56:54.825+0000][gc,phases   ] GC(1)   Other: 1.4ms
[2025-09-04T21:56:54.825+0000][gc,heap     ] GC(1) Eden regions: 11->0(506)
[2025-09-04T21:56:54.825+0000][gc,heap     ] GC(1) Survivor regions: 39->6(64)
[2025-09-04T21:56:54.826+0000][gc,heap     ] GC(1) Old regions: 0->38
[2025-09-04T21:56:54.826+0000][gc,heap     ] GC(1) Archive regions: 2->2
[2025-09-04T21:56:54.827+0000][gc,heap     ] GC(1) Humongous regions: 0->0
[2025-09-04T21:56:54.827+0000][gc,metaspace] GC(1) Metaspace: 21164K(21504K)->21164K(21504K) NonClass: 18526K(18688K)->18526K(18688K) Class: 2638K(2816K)->2638K(2816K)
[2025-09-04T21:56:54.827+0000][gc          ] GC(1) Pause Young (Concurrent Start) (Metadata GC Threshold) 50M->44M(1024M) 59.893ms
[2025-09-04T21:56:54.828+0000][gc,cpu      ] GC(1) User=0.19s Sys=0.45s Real=0.06s
[2025-09-04T21:56:54.829+0000][gc          ] GC(2) Concurrent Mark Cycle
[2025-09-04T21:56:54.829+0000][gc,marking  ] GC(2) Concurrent Clear Claimed Marks
[2025-09-04T21:56:54.830+0000][gc,marking  ] GC(2) Concurrent Clear Claimed Marks 0.464ms
[2025-09-04T21:56:54.830+0000][gc,marking  ] GC(2) Concurrent Scan Root Regions
[2025-09-04T21:56:54.840+0000][gc,marking  ] GC(2) Concurrent Scan Root Regions 10.232ms
[2025-09-04T21:56:54.841+0000][gc,marking  ] GC(2) Concurrent Mark
[2025-09-04T21:56:54.841+0000][gc,marking  ] GC(2) Concurrent Mark From Roots
[2025-09-04T21:56:54.842+0000][gc,task     ] GC(2) Using 3 workers of 3 for marking
[2025-09-04T21:56:54.845+0000][gc,marking  ] GC(2) Concurrent Mark From Roots 3.282ms
[2025-09-04T21:56:54.845+0000][gc,marking  ] GC(2) Concurrent Preclean
[2025-09-04T21:56:54.846+0000][gc,marking  ] GC(2) Concurrent Preclean 0.879ms
[2025-09-04T21:56:54.847+0000][gc,start    ] GC(2) Pause Remark
[2025-09-04T21:56:54.852+0000][gc          ] GC(2) Pause Remark 48M->48M(1024M) 4.909ms
[2025-09-04T21:56:54.853+0000][gc,cpu      ] GC(2) User=0.02s Sys=0.01s Real=0.00s
[2025-09-04T21:56:54.854+0000][gc,marking  ] GC(2) Concurrent Mark 12.653ms
[2025-09-04T21:56:54.854+0000][gc,marking  ] GC(2) Concurrent Rebuild Remembered Sets
[2025-09-04T21:56:54.855+0000][gc,marking  ] GC(2) Concurrent Rebuild Remembered Sets 0.417ms
[2025-09-04T21:56:54.855+0000][gc,start    ] GC(2) Pause Cleanup
[2025-09-04T21:56:54.856+0000][gc          ] GC(2) Pause Cleanup 49M->49M(1024M) 0.347ms
[2025-09-04T21:56:54.856+0000][gc,cpu      ] GC(2) User=0.00s Sys=0.00s Real=0.00s
[2025-09-04T21:56:54.857+0000][gc,marking  ] GC(2) Concurrent Cleanup for Next Mark
[2025-09-04T21:56:54.872+0000][gc,marking  ] GC(2) Concurrent Cleanup for Next Mark 14.776ms
[2025-09-04T21:56:54.872+0000][gc          ] GC(2) Concurrent Mark Cycle 43.629ms
[2025-09-04T21:56:57.768+0000][gc,start    ] GC(3) Pause Young (Concurrent Start) (Metadata GC Threshold)
[2025-09-04T21:56:57.769+0000][gc,task     ] GC(3) Using 13 workers of 13 for evacuation
[2025-09-04T21:56:57.780+0000][gc,phases   ] GC(3)   Pre Evacuate Collection Set: 0.7ms
[2025-09-04T21:56:57.781+0000][gc,phases   ] GC(3)   Merge Heap Roots: 0.4ms
[2025-09-04T21:56:57.781+0000][gc,phases   ] GC(3)   Evacuate Collection Set: 7.5ms
[2025-09-04T21:56:57.782+0000][gc,phases   ] GC(3)   Post Evacuate Collection Set: 2.3ms
[2025-09-04T21:56:57.782+0000][gc,phases   ] GC(3)   Other: 1.6ms
[2025-09-04T21:56:57.783+0000][gc,heap     ] GC(3) Eden regions: 256->0(504)
[2025-09-04T21:56:57.783+0000][gc,heap     ] GC(3) Survivor regions: 6->8(64)
[2025-09-04T21:56:57.784+0000][gc,heap     ] GC(3) Old regions: 38->38
[2025-09-04T21:56:57.784+0000][gc,heap     ] GC(3) Archive regions: 2->2
[2025-09-04T21:56:57.785+0000][gc,heap     ] GC(3) Humongous regions: 0->0
[2025-09-04T21:56:57.785+0000][gc,metaspace] GC(3) Metaspace: 35999K(36416K)->35999K(36416K) NonClass: 31440K(31616K)->31440K(31616K) Class: 4558K(4800K)->4558K(4800K)
[2025-09-04T21:56:57.786+0000][gc          ] GC(3) Pause Young (Concurrent Start) (Metadata GC Threshold) 300M->46M(1024M) 17.828ms
[2025-09-04T21:56:57.786+0000][gc,cpu      ] GC(3) User=0.04s Sys=0.01s Real=0.02s
[2025-09-04T21:56:57.787+0000][gc          ] GC(4) Concurrent Mark Cycle
[2025-09-04T21:56:57.797+0000][gc,marking  ] GC(4) Concurrent Clear Claimed Marks
[2025-09-04T21:56:57.801+0000][gc,marking  ] GC(4) Concurrent Clear Claimed Marks 3.877ms
[2025-09-04T21:56:57.816+0000][gc,marking  ] GC(4) Concurrent Scan Root Regions
[2025-09-04T21:56:57.832+0000][gc,marking  ] GC(4) Concurrent Scan Root Regions 15.891ms
[2025-09-04T21:56:57.835+0000][gc,marking  ] GC(4) Concurrent Mark
[2025-09-04T21:56:57.840+0000][gc,marking  ] GC(4) Concurrent Mark From Roots
[2025-09-04T21:56:57.841+0000][gc,task     ] GC(4) Using 3 workers of 3 for marking
[2025-09-04T21:56:57.882+0000][gc,marking  ] GC(4) Concurrent Mark From Roots 41.204ms
[2025-09-04T21:56:57.883+0000][gc,marking  ] GC(4) Concurrent Preclean
[2025-09-04T21:56:57.884+0000][gc,marking  ] GC(4) Concurrent Preclean 0.914ms
[2025-09-04T21:56:57.884+0000][gc,start    ] GC(4) Pause Remark
[2025-09-04T21:56:57.893+0000][gc          ] GC(4) Pause Remark 48M->48M(1024M) 8.621ms
[2025-09-04T21:56:57.894+0000][gc,cpu      ] GC(4) User=0.02s Sys=0.01s Real=0.00s
[2025-09-04T21:56:57.894+0000][gc,marking  ] GC(4) Concurrent Mark 58.718ms
[2025-09-04T21:56:57.895+0000][gc,marking  ] GC(4) Concurrent Rebuild Remembered Sets
[2025-09-04T21:56:57.895+0000][gc,marking  ] GC(4) Concurrent Rebuild Remembered Sets 0.434ms
[2025-09-04T21:56:57.896+0000][gc,start    ] GC(4) Pause Cleanup
[2025-09-04T21:56:57.896+0000][gc          ] GC(4) Pause Cleanup 49M->49M(1024M) 0.426ms
[2025-09-04T21:56:57.897+0000][gc,cpu      ] GC(4) User=0.00s Sys=0.00s Real=0.00s
[2025-09-04T21:56:57.898+0000][gc,marking  ] GC(4) Concurrent Cleanup for Next Mark
[2025-09-04T21:56:57.917+0000][gc,marking  ] GC(4) Concurrent Cleanup for Next Mark 19.573ms
[2025-09-04T21:56:57.918+0000][gc          ] GC(4) Concurrent Mark Cycle 131.152ms
[2025-09-04T21:57:02.659+0000][gc,start    ] GC(5) Pause Young (Concurrent Start) (Metadata GC Threshold)
[2025-09-04T21:57:02.660+0000][gc,task     ] GC(5) Using 13 workers of 13 for evacuation
[2025-09-04T21:57:02.677+0000][gc,phases   ] GC(5)   Pre Evacuate Collection Set: 0.9ms
[2025-09-04T21:57:02.677+0000][gc,phases   ] GC(5)   Merge Heap Roots: 0.5ms
[2025-09-04T21:57:02.678+0000][gc,phases   ] GC(5)   Evacuate Collection Set: 10.8ms
[2025-09-04T21:57:02.678+0000][gc,phases   ] GC(5)   Post Evacuate Collection Set: 4.5ms
[2025-09-04T21:57:02.678+0000][gc,phases   ] GC(5)   Other: 1.1ms
[2025-09-04T21:57:02.679+0000][gc,heap     ] GC(5) Eden regions: 299->0(491)
[2025-09-04T21:57:02.679+0000][gc,heap     ] GC(5) Survivor regions: 8->21(64)
[2025-09-04T21:57:02.679+0000][gc,heap     ] GC(5) Old regions: 38->38
[2025-09-04T21:57:02.680+0000][gc,heap     ] GC(5) Archive regions: 2->2
[2025-09-04T21:57:02.680+0000][gc,heap     ] GC(5) Humongous regions: 0->0
[2025-09-04T21:57:02.681+0000][gc,metaspace] GC(5) Metaspace: 60571K(61056K)->60571K(61056K) NonClass: 53086K(53312K)->53086K(53312K) Class: 7485K(7744K)->7485K(7744K)
[2025-09-04T21:57:02.681+0000][gc          ] GC(5) Pause Young (Concurrent Start) (Metadata GC Threshold) 345M->59M(1024M) 22.046ms
[2025-09-04T21:57:02.682+0000][gc,cpu      ] GC(5) User=0.07s Sys=0.01s Real=0.02s
[2025-09-04T21:57:02.682+0000][gc          ] GC(6) Concurrent Mark Cycle
[2025-09-04T21:57:02.683+0000][gc,marking  ] GC(6) Concurrent Clear Claimed Marks
[2025-09-04T21:57:02.684+0000][gc,marking  ] GC(6) Concurrent Clear Claimed Marks 0.448ms
[2025-09-04T21:57:02.684+0000][gc,marking  ] GC(6) Concurrent Scan Root Regions
[2025-09-04T21:57:02.691+0000][gc,marking  ] GC(6) Concurrent Scan Root Regions 6.310ms
[2025-09-04T21:57:02.691+0000][gc,marking  ] GC(6) Concurrent Mark
[2025-09-04T21:57:02.692+0000][gc,marking  ] GC(6) Concurrent Mark From Roots
[2025-09-04T21:57:02.692+0000][gc,task     ] GC(6) Using 3 workers of 3 for marking
[2025-09-04T21:57:02.718+0000][gc,marking  ] GC(6) Concurrent Mark From Roots 25.774ms
[2025-09-04T21:57:02.718+0000][gc,marking  ] GC(6) Concurrent Preclean
[2025-09-04T21:57:02.719+0000][gc,marking  ] GC(6) Concurrent Preclean 0.810ms
[2025-09-04T21:57:02.720+0000][gc,start    ] GC(6) Pause Remark
[2025-09-04T21:57:02.725+0000][gc          ] GC(6) Pause Remark 61M->61M(1024M) 5.789ms
[2025-09-04T21:57:02.726+0000][gc,cpu      ] GC(6) User=0.01s Sys=0.01s Real=0.01s
[2025-09-04T21:57:02.727+0000][gc,marking  ] GC(6) Concurrent Mark 35.428ms
[2025-09-04T21:57:02.727+0000][gc,marking  ] GC(6) Concurrent Rebuild Remembered Sets
[2025-09-04T21:57:02.728+0000][gc,marking  ] GC(6) Concurrent Rebuild Remembered Sets 0.606ms
[2025-09-04T21:57:02.728+0000][gc,start    ] GC(6) Pause Cleanup
[2025-09-04T21:57:02.729+0000][gc          ] GC(6) Pause Cleanup 61M->61M(1024M) 0.336ms
[2025-09-04T21:57:02.729+0000][gc,cpu      ] GC(6) User=0.00s Sys=0.00s Real=0.00s
[2025-09-04T21:57:02.729+0000][gc,marking  ] GC(6) Concurrent Cleanup for Next Mark
[2025-09-04T21:57:02.731+0000][gc,marking  ] GC(6) Concurrent Cleanup for Next Mark 1.174ms
[2025-09-04T21:57:02.731+0000][gc          ] GC(6) Concurrent Mark Cycle 48.902ms
[2025-09-04T21:57:07.734+0000][gc,start    ] GC(7) Pause Young (Concurrent Start) (G1 Evacuation Pause)
[2025-09-04T21:57:07.735+0000][gc,task     ] GC(7) Using 13 workers of 13 for evacuation
[2025-09-04T21:57:07.762+0000][gc,phases   ] GC(7)   Pre Evacuate Collection Set: 0.6ms
[2025-09-04T21:57:07.762+0000][gc,phases   ] GC(7)   Merge Heap Roots: 0.4ms
[2025-09-04T21:57:07.763+0000][gc,phases   ] GC(7)   Evacuate Collection Set: 20.1ms
[2025-09-04T21:57:07.763+0000][gc,phases   ] GC(7)   Post Evacuate Collection Set: 5.5ms
[2025-09-04T21:57:07.764+0000][gc,phases   ] GC(7)   Other: 1.1ms
[2025-09-04T21:57:07.764+0000][gc,heap     ] GC(7) Eden regions: 491->0(464)
[2025-09-04T21:57:07.764+0000][gc,heap     ] GC(7) Survivor regions: 21->48(64)
[2025-09-04T21:57:07.765+0000][gc,heap     ] GC(7) Old regions: 38->38
[2025-09-04T21:57:07.765+0000][gc,heap     ] GC(7) Archive regions: 2->2
[2025-09-04T21:57:07.766+0000][gc,heap     ] GC(7) Humongous regions: 0->0
[2025-09-04T21:57:07.766+0000][gc,metaspace] GC(7) Metaspace: 73226K(73856K)->73226K(73856K) NonClass: 63989K(64320K)->63989K(64320K) Class: 9236K(9536K)->9236K(9536K)
[2025-09-04T21:57:07.767+0000][gc          ] GC(7) Pause Young (Concurrent Start) (G1 Evacuation Pause) 550M->86M(1024M) 32.329ms
[2025-09-04T21:57:07.767+0000][gc,cpu      ] GC(7) User=0.23s Sys=0.09s Real=0.03s
[2025-09-04T21:57:07.768+0000][gc          ] GC(8) Concurrent Mark Cycle
[2025-09-04T21:57:07.771+0000][gc,marking  ] GC(8) Concurrent Clear Claimed Marks
[2025-09-04T21:57:07.772+0000][gc,marking  ] GC(8) Concurrent Clear Claimed Marks 1.041ms
[2025-09-04T21:57:07.772+0000][gc,marking  ] GC(8) Concurrent Scan Root Regions
[2025-09-04T21:57:07.787+0000][gc,marking  ] GC(8) Concurrent Scan Root Regions 14.378ms
[2025-09-04T21:57:07.787+0000][gc,marking  ] GC(8) Concurrent Mark
[2025-09-04T21:57:07.789+0000][gc,marking  ] GC(8) Concurrent Mark From Roots
[2025-09-04T21:57:07.794+0000][gc,task     ] GC(8) Using 3 workers of 3 for marking
[2025-09-04T21:57:07.823+0000][gc,marking  ] GC(8) Concurrent Mark From Roots 34.757ms
[2025-09-04T21:57:07.824+0000][gc,marking  ] GC(8) Concurrent Preclean
[2025-09-04T21:57:07.825+0000][gc,marking  ] GC(8) Concurrent Preclean 0.890ms
[2025-09-04T21:57:07.826+0000][gc,start    ] GC(8) Pause Remark
[2025-09-04T21:57:07.834+0000][gc          ] GC(8) Pause Remark 102M->102M(1024M) 8.252ms
[2025-09-04T21:57:07.835+0000][gc,cpu      ] GC(8) User=0.05s Sys=0.03s Real=0.01s
[2025-09-04T21:57:07.835+0000][gc,marking  ] GC(8) Concurrent Mark 48.109ms
[2025-09-04T21:57:07.837+0000][gc,marking  ] GC(8) Concurrent Rebuild Remembered Sets
[2025-09-04T21:57:07.851+0000][gc,marking  ] GC(8) Concurrent Rebuild Remembered Sets 13.444ms
[2025-09-04T21:57:07.852+0000][gc,start    ] GC(8) Pause Cleanup
[2025-09-04T21:57:07.854+0000][gc          ] GC(8) Pause Cleanup 106M->106M(1024M) 2.440ms
[2025-09-04T21:57:07.855+0000][gc,cpu      ] GC(8) User=0.01s Sys=0.01s Real=0.01s
[2025-09-04T21:57:07.856+0000][gc,marking  ] GC(8) Concurrent Cleanup for Next Mark
[2025-09-04T21:57:07.857+0000][gc,marking  ] GC(8) Concurrent Cleanup for Next Mark 1.282ms
[2025-09-04T21:57:07.857+0000][gc          ] GC(8) Concurrent Mark Cycle 89.865ms
[2025-09-04T21:57:11.531+0000][gc,start    ] GC(9) Pause Young (Normal) (G1 Evacuation Pause)
[2025-09-04T21:57:11.531+0000][gc,task     ] GC(9) Using 13 workers of 13 for evacuation
[2025-09-04T21:57:11.586+0000][gc,phases   ] GC(9)   Pre Evacuate Collection Set: 0.6ms
[2025-09-04T21:57:11.586+0000][gc,phases   ] GC(9)   Merge Heap Roots: 0.4ms
[2025-09-04T21:57:11.587+0000][gc,phases   ] GC(9)   Evacuate Collection Set: 44.9ms
[2025-09-04T21:57:11.587+0000][gc,phases   ] GC(9)   Post Evacuate Collection Set: 7.6ms
[2025-09-04T21:57:11.587+0000][gc,phases   ] GC(9)   Other: 1.6ms
[2025-09-04T21:57:11.588+0000][gc,heap     ] GC(9) Eden regions: 464->0(452)
[2025-09-04T21:57:11.589+0000][gc,heap     ] GC(9) Survivor regions: 48->60(64)
[2025-09-04T21:57:11.589+0000][gc,heap     ] GC(9) Old regions: 38->56
[2025-09-04T21:57:11.590+0000][gc,heap     ] GC(9) Archive regions: 2->2
[2025-09-04T21:57:11.590+0000][gc,heap     ] GC(9) Humongous regions: 0->0
[2025-09-04T21:57:11.591+0000][gc,metaspace] GC(9) Metaspace: 81302K(81920K)->81302K(81920K) NonClass: 71084K(71424K)->71084K(71424K) Class: 10218K(10496K)->10218K(10496K)
[2025-09-04T21:57:11.591+0000][gc          ] GC(9) Pause Young (Normal) (G1 Evacuation Pause) 550M->116M(1024M) 60.618ms
[2025-09-04T21:57:11.592+0000][gc,cpu      ] GC(9) User=0.36s Sys=0.20s Real=0.06s
[2025-09-04T21:59:16.273+0000][gc,start    ] GC(10) Pause Young (Normal) (G1 Evacuation Pause)
[2025-09-04T21:59:16.274+0000][gc,task     ] GC(10) Using 13 workers of 13 for evacuation
[2025-09-04T21:59:16.333+0000][gc,phases   ] GC(10)   Pre Evacuate Collection Set: 1.2ms
[2025-09-04T21:59:16.333+0000][gc,phases   ] GC(10)   Merge Heap Roots: 0.5ms
[2025-09-04T21:59:16.334+0000][gc,phases   ] GC(10)   Evacuate Collection Set: 46.2ms
[2025-09-04T21:59:16.334+0000][gc,phases   ] GC(10)   Post Evacuate Collection Set: 9.7ms
[2025-09-04T21:59:16.335+0000][gc,phases   ] GC(10)   Other: 1.9ms
[2025-09-04T21:59:16.335+0000][gc,heap     ] GC(10) Eden regions: 452->0(483)
[2025-09-04T21:59:16.336+0000][gc,heap     ] GC(10) Survivor regions: 60->29(64)
[2025-09-04T21:59:16.337+0000][gc,heap     ] GC(10) Old regions: 56->77
[2025-09-04T21:59:16.337+0000][gc,heap     ] GC(10) Archive regions: 2->2
[2025-09-04T21:59:16.337+0000][gc,heap     ] GC(10) Humongous regions: 7->7
[2025-09-04T21:59:16.338+0000][gc,metaspace] GC(10) Metaspace: 89913K(90688K)->89913K(90688K) NonClass: 78853K(79232K)->78853K(79232K) Class: 11060K(11456K)->11060K(11456K)
[2025-09-04T21:59:16.338+0000][gc          ] GC(10) Pause Young (Normal) (G1 Evacuation Pause) 575M->113M(1024M) 65.101ms
[2025-09-04T21:59:16.339+0000][gc,cpu      ] GC(10) User=0.31s Sys=0.18s Real=0.06s
[2025-09-04T22:26:54.001+0000][gc,start    ] GC(11) Pause Young (Normal) (G1 Evacuation Pause)
[2025-09-04T22:26:54.001+0000][gc,task     ] GC(11) Using 13 workers of 13 for evacuation
[2025-09-04T22:26:54.121+0000][gc,phases   ] GC(11)   Pre Evacuate Collection Set: 3.4ms
[2025-09-04T22:26:54.122+0000][gc,phases   ] GC(11)   Merge Heap Roots: 1.1ms
[2025-09-04T22:26:54.123+0000][gc,phases   ] GC(11)   Evacuate Collection Set: 105.4ms
[2025-09-04T22:26:54.123+0000][gc,phases   ] GC(11)   Post Evacuate Collection Set: 6.6ms
[2025-09-04T22:26:54.124+0000][gc,phases   ] GC(11)   Other: 4.5ms
[2025-09-04T22:26:54.124+0000][gc,heap     ] GC(11) Eden regions: 483->0(478)
[2025-09-04T22:26:54.125+0000][gc,heap     ] GC(11) Survivor regions: 29->34(64)
[2025-09-04T22:26:54.125+0000][gc,heap     ] GC(11) Old regions: 77->77
[2025-09-04T22:26:54.126+0000][gc,heap     ] GC(11) Archive regions: 2->2
[2025-09-04T22:26:54.126+0000][gc,heap     ] GC(11) Humongous regions: 7->7
[2025-09-04T22:26:54.127+0000][gc,metaspace] GC(11) Metaspace: 92429K(93312K)->92429K(93312K) NonClass: 81271K(81728K)->81271K(81728K) Class: 11157K(11584K)->11157K(11584K)
[2025-09-04T22:26:54.127+0000][gc          ] GC(11) Pause Young (Normal) (G1 Evacuation Pause) 596M->118M(1024M) 126.848ms
[2025-09-04T22:26:54.128+0000][gc,cpu      ] GC(11) User=1.25s Sys=0.05s Real=0.12s
[2025-09-04T22:55:40.449+0000][gc,start    ] GC(12) Pause Young (Normal) (G1 Evacuation Pause)
[2025-09-04T22:55:40.449+0000][gc,task     ] GC(12) Using 13 workers of 13 for evacuation
[2025-09-04T22:55:40.488+0000][gc,phases   ] GC(12)   Pre Evacuate Collection Set: 1.1ms
[2025-09-04T22:55:40.488+0000][gc,phases   ] GC(12)   Merge Heap Roots: 0.5ms
[2025-09-04T22:55:40.489+0000][gc,phases   ] GC(12)   Evacuate Collection Set: 28.1ms
[2025-09-04T22:55:40.489+0000][gc,phases   ] GC(12)   Post Evacuate Collection Set: 7.9ms
[2025-09-04T22:55:40.489+0000][gc,phases   ] GC(12)   Other: 1.9ms
[2025-09-04T22:55:40.490+0000][gc,heap     ] GC(12) Eden regions: 478->0(480)
[2025-09-04T22:55:40.490+0000][gc,heap     ] GC(12) Survivor regions: 34->32(64)
[2025-09-04T22:55:40.491+0000][gc,heap     ] GC(12) Old regions: 77->77
[2025-09-04T22:55:40.491+0000][gc,heap     ] GC(12) Archive regions: 2->2
[2025-09-04T22:55:40.492+0000][gc,heap     ] GC(12) Humongous regions: 7->7
[2025-09-04T22:55:40.492+0000][gc,metaspace] GC(12) Metaspace: 92914K(93760K)->92914K(93760K) NonClass: 81738K(82176K)->81738K(82176K) Class: 11175K(11584K)->11175K(11584K)
[2025-09-04T22:55:40.493+0000][gc          ] GC(12) Pause Young (Normal) (G1 Evacuation Pause) 596M->116M(1024M) 44.201ms
[2025-09-04T22:55:40.493+0000][gc,cpu      ] GC(12) User=0.29s Sys=0.02s Real=0.04s
