[2025-09-04T12:59:49.985+0000][gc] Using G1
[2025-09-04T12:59:50.028+0000][gc,init] Version: 17.0.16+8-alpine-r0 (release)
[2025-09-04T12:59:50.028+0000][gc,init] CPUs: 16 total, 16 available
[2025-09-04T12:59:50.029+0000][gc,init] Memory: 15632M
[2025-09-04T12:59:50.030+0000][gc,init] Large Page Support: Disabled
[2025-09-04T12:59:50.031+0000][gc,init] NUMA Support: Disabled
[2025-09-04T12:59:50.031+0000][gc,init] Compressed Oops: Enabled (32-bit)
[2025-09-04T12:59:50.032+0000][gc,init] Heap Region Size: 1M
[2025-09-04T12:59:50.032+0000][gc,init] Heap Min Capacity: 1G
[2025-09-04T12:59:50.032+0000][gc,init] Heap Initial Capacity: 1G
[2025-09-04T12:59:50.033+0000][gc,init] Heap Max Capacity: 1G
[2025-09-04T12:59:50.033+0000][gc,init] Pre-touch: Disabled
[2025-09-04T12:59:50.034+0000][gc,init] Parallel Workers: 13
[2025-09-04T12:59:50.034+0000][gc,init] Concurrent Workers: 3
[2025-09-04T12:59:50.035+0000][gc,init] Concurrent Refinement Workers: 13
[2025-09-04T12:59:50.035+0000][gc,init] Periodic GC: Disabled
[2025-09-04T12:59:50.071+0000][gc,metaspace] CDS archive(s) mapped at: [0x000078efd5000000-0x000078efd5bc7000-0x000078efd5bc7000), size 12349440, SharedBaseAddress: 0x000078efd5000000, ArchiveRelocationMode: 1.
[2025-09-04T12:59:50.072+0000][gc,metaspace] Compressed class space mapped at: 0x000078efd6000000-0x000078f016000000, reserved size: 1073741824
[2025-09-04T12:59:50.072+0000][gc,metaspace] Narrow klass base: 0x000078efd5000000, Narrow klass shift: 0, Narrow klass range: 0x100000000
[2025-09-04T12:59:56.557+0000][gc,start    ] GC(0) Pause Young (Normal) (G1 Evacuation Pause)
[2025-09-04T12:59:56.564+0000][gc,task     ] GC(0) Using 13 workers of 13 for evacuation
[2025-09-04T12:59:55.870+0000][gc,phases   ] GC(0)   Pre Evacuate Collection Set: 0.6ms
[2025-09-04T12:59:55.871+0000][gc,phases   ] GC(0)   Merge Heap Roots: 0.6ms
[2025-09-04T12:59:55.871+0000][gc,phases   ] GC(0)   Evacuate Collection Set: 41.5ms
[2025-09-04T12:59:55.872+0000][gc,phases   ] GC(0)   Post Evacuate Collection Set: 6.2ms
[2025-09-04T12:59:55.872+0000][gc,phases   ] GC(0)   Other: 8.3ms
[2025-09-04T12:59:55.872+0000][gc,heap     ] GC(0) Eden regions: 512->0(473)
[2025-09-04T12:59:55.873+0000][gc,heap     ] GC(0) Survivor regions: 0->39(64)
[2025-09-04T12:59:55.873+0000][gc,heap     ] GC(0) Old regions: 0->0
[2025-09-04T12:59:55.874+0000][gc,heap     ] GC(0) Archive regions: 2->2
[2025-09-04T12:59:55.874+0000][gc,heap     ] GC(0) Humongous regions: 0->0
[2025-09-04T12:59:55.874+0000][gc,metaspace] GC(0) Metaspace: 20865K(21248K)->20865K(21248K) NonClass: 18259K(18432K)->18259K(18432K) Class: 2606K(2816K)->2606K(2816K)
[2025-09-04T12:59:55.875+0000][gc          ] GC(0) Pause Young (Normal) (G1 Evacuation Pause) 512M->39M(1024M) 61.880ms
[2025-09-04T12:59:55.875+0000][gc,cpu      ] GC(0) User=0.27s Sys=0.29s Real=0.06s
[2025-09-04T12:59:56.015+0000][gc,start    ] GC(1) Pause Young (Concurrent Start) (Metadata GC Threshold)
[2025-09-04T12:59:56.015+0000][gc,task     ] GC(1) Using 13 workers of 13 for evacuation
[2025-09-04T12:59:56.065+0000][gc,phases   ] GC(1)   Pre Evacuate Collection Set: 0.4ms
[2025-09-04T12:59:56.065+0000][gc,phases   ] GC(1)   Merge Heap Roots: 0.5ms
[2025-09-04T12:59:56.066+0000][gc,phases   ] GC(1)   Evacuate Collection Set: 44.6ms
[2025-09-04T12:59:56.066+0000][gc,phases   ] GC(1)   Post Evacuate Collection Set: 3.2ms
[2025-09-04T12:59:56.066+0000][gc,phases   ] GC(1)   Other: 1.4ms
[2025-09-04T12:59:56.066+0000][gc,heap     ] GC(1) Eden regions: 12->0(506)
[2025-09-04T12:59:56.067+0000][gc,heap     ] GC(1) Survivor regions: 39->6(64)
[2025-09-04T12:59:56.067+0000][gc,heap     ] GC(1) Old regions: 0->38
[2025-09-04T12:59:56.067+0000][gc,heap     ] GC(1) Archive regions: 2->2
[2025-09-04T12:59:56.068+0000][gc,heap     ] GC(1) Humongous regions: 0->0
[2025-09-04T12:59:56.068+0000][gc,metaspace] GC(1) Metaspace: 21188K(21504K)->21188K(21504K) NonClass: 18551K(18688K)->18551K(18688K) Class: 2637K(2816K)->2637K(2816K)
[2025-09-04T12:59:56.069+0000][gc          ] GC(1) Pause Young (Concurrent Start) (Metadata GC Threshold) 50M->44M(1024M) 54.092ms
[2025-09-04T12:59:56.069+0000][gc,cpu      ] GC(1) User=0.14s Sys=0.42s Real=0.06s
[2025-09-04T12:59:56.070+0000][gc          ] GC(2) Concurrent Mark Cycle
[2025-09-04T12:59:56.070+0000][gc,marking  ] GC(2) Concurrent Clear Claimed Marks
[2025-09-04T12:59:56.071+0000][gc,marking  ] GC(2) Concurrent Clear Claimed Marks 0.561ms
[2025-09-04T12:59:56.071+0000][gc,marking  ] GC(2) Concurrent Scan Root Regions
[2025-09-04T12:59:56.080+0000][gc,marking  ] GC(2) Concurrent Scan Root Regions 8.762ms
[2025-09-04T12:59:56.081+0000][gc,marking  ] GC(2) Concurrent Mark
[2025-09-04T12:59:56.081+0000][gc,marking  ] GC(2) Concurrent Mark From Roots
[2025-09-04T12:59:56.081+0000][gc,task     ] GC(2) Using 3 workers of 3 for marking
[2025-09-04T12:59:56.084+0000][gc,marking  ] GC(2) Concurrent Mark From Roots 3.173ms
[2025-09-04T12:59:56.085+0000][gc,marking  ] GC(2) Concurrent Preclean
[2025-09-04T12:59:56.085+0000][gc,marking  ] GC(2) Concurrent Preclean 0.663ms
[2025-09-04T12:59:56.086+0000][gc,start    ] GC(2) Pause Remark
[2025-09-04T12:59:56.091+0000][gc          ] GC(2) Pause Remark 46M->46M(1024M) 4.694ms
[2025-09-04T12:59:56.091+0000][gc,cpu      ] GC(2) User=0.03s Sys=0.00s Real=0.00s
[2025-09-04T12:59:56.092+0000][gc,marking  ] GC(2) Concurrent Mark 11.468ms
[2025-09-04T12:59:56.092+0000][gc,marking  ] GC(2) Concurrent Rebuild Remembered Sets
[2025-09-04T12:59:56.093+0000][gc,marking  ] GC(2) Concurrent Rebuild Remembered Sets 0.505ms
[2025-09-04T12:59:56.094+0000][gc,start    ] GC(2) Pause Cleanup
[2025-09-04T12:59:56.094+0000][gc          ] GC(2) Pause Cleanup 47M->47M(1024M) 0.302ms
[2025-09-04T12:59:56.094+0000][gc,cpu      ] GC(2) User=0.00s Sys=0.00s Real=0.00s
[2025-09-04T12:59:56.095+0000][gc,marking  ] GC(2) Concurrent Cleanup for Next Mark
[2025-09-04T12:59:56.109+0000][gc,marking  ] GC(2) Concurrent Cleanup for Next Mark 13.914ms
[2025-09-04T12:59:56.109+0000][gc          ] GC(2) Concurrent Mark Cycle 39.648ms
[2025-09-04T12:59:59.314+0000][gc,start    ] GC(3) Pause Young (Concurrent Start) (Metadata GC Threshold)
[2025-09-04T12:59:59.314+0000][gc,task     ] GC(3) Using 13 workers of 13 for evacuation
[2025-09-04T12:59:59.327+0000][gc,phases   ] GC(3)   Pre Evacuate Collection Set: 0.6ms
[2025-09-04T12:59:59.327+0000][gc,phases   ] GC(3)   Merge Heap Roots: 0.5ms
[2025-09-04T12:59:59.328+0000][gc,phases   ] GC(3)   Evacuate Collection Set: 7.8ms
[2025-09-04T12:59:59.328+0000][gc,phases   ] GC(3)   Post Evacuate Collection Set: 3.4ms
[2025-09-04T12:59:59.329+0000][gc,phases   ] GC(3)   Other: 1.1ms
[2025-09-04T12:59:59.329+0000][gc,heap     ] GC(3) Eden regions: 256->0(504)
[2025-09-04T12:59:59.330+0000][gc,heap     ] GC(3) Survivor regions: 6->8(64)
[2025-09-04T12:59:59.330+0000][gc,heap     ] GC(3) Old regions: 38->38
[2025-09-04T12:59:59.331+0000][gc,heap     ] GC(3) Archive regions: 2->2
[2025-09-04T12:59:59.331+0000][gc,heap     ] GC(3) Humongous regions: 0->0
[2025-09-04T12:59:59.331+0000][gc,metaspace] GC(3) Metaspace: 35986K(36416K)->35986K(36416K) NonClass: 31427K(31616K)->31427K(31616K) Class: 4558K(4800K)->4558K(4800K)
[2025-09-04T12:59:59.332+0000][gc          ] GC(3) Pause Young (Concurrent Start) (Metadata GC Threshold) 299M->46M(1024M) 18.421ms
[2025-09-04T12:59:59.332+0000][gc,cpu      ] GC(3) User=0.05s Sys=0.01s Real=0.02s
[2025-09-04T12:59:59.333+0000][gc          ] GC(4) Concurrent Mark Cycle
[2025-09-04T12:59:59.334+0000][gc,marking  ] GC(4) Concurrent Clear Claimed Marks
[2025-09-04T12:59:59.334+0000][gc,marking  ] GC(4) Concurrent Clear Claimed Marks 0.446ms
[2025-09-04T12:59:59.335+0000][gc,marking  ] GC(4) Concurrent Scan Root Regions
[2025-09-04T12:59:59.338+0000][gc,marking  ] GC(4) Concurrent Scan Root Regions 3.568ms
[2025-09-04T12:59:59.339+0000][gc,marking  ] GC(4) Concurrent Mark
[2025-09-04T12:59:59.340+0000][gc,marking  ] GC(4) Concurrent Mark From Roots
[2025-09-04T12:59:59.340+0000][gc,task     ] GC(4) Using 3 workers of 3 for marking
[2025-09-04T12:59:59.379+0000][gc,marking  ] GC(4) Concurrent Mark From Roots 39.179ms
[2025-09-04T12:59:59.381+0000][gc,marking  ] GC(4) Concurrent Preclean
[2025-09-04T12:59:59.382+0000][gc,marking  ] GC(4) Concurrent Preclean 0.865ms
[2025-09-04T12:59:59.383+0000][gc,start    ] GC(4) Pause Remark
[2025-09-04T12:59:59.388+0000][gc          ] GC(4) Pause Remark 48M->48M(1024M) 5.043ms
[2025-09-04T12:59:59.388+0000][gc,cpu      ] GC(4) User=0.02s Sys=0.00s Real=0.01s
[2025-09-04T12:59:59.389+0000][gc,marking  ] GC(4) Concurrent Mark 49.942ms
[2025-09-04T12:59:59.389+0000][gc,marking  ] GC(4) Concurrent Rebuild Remembered Sets
[2025-09-04T12:59:59.390+0000][gc,marking  ] GC(4) Concurrent Rebuild Remembered Sets 0.394ms
[2025-09-04T12:59:59.391+0000][gc,start    ] GC(4) Pause Cleanup
[2025-09-04T12:59:59.391+0000][gc          ] GC(4) Pause Cleanup 48M->48M(1024M) 0.415ms
[2025-09-04T12:59:59.391+0000][gc,cpu      ] GC(4) User=0.00s Sys=0.01s Real=0.00s
[2025-09-04T12:59:59.392+0000][gc,marking  ] GC(4) Concurrent Cleanup for Next Mark
[2025-09-04T12:59:59.407+0000][gc,marking  ] GC(4) Concurrent Cleanup for Next Mark 14.776ms
[2025-09-04T12:59:59.407+0000][gc          ] GC(4) Concurrent Mark Cycle 74.410ms
[2025-09-04T13:00:05.890+0000][gc,start    ] GC(5) Pause Young (Concurrent Start) (Metadata GC Threshold)
[2025-09-04T13:00:05.891+0000][gc,task     ] GC(5) Using 13 workers of 13 for evacuation
[2025-09-04T13:00:05.912+0000][gc,phases   ] GC(5)   Pre Evacuate Collection Set: 0.6ms
[2025-09-04T13:00:05.912+0000][gc,phases   ] GC(5)   Merge Heap Roots: 0.4ms
[2025-09-04T13:00:05.913+0000][gc,phases   ] GC(5)   Evacuate Collection Set: 10.3ms
[2025-09-04T13:00:05.913+0000][gc,phases   ] GC(5)   Post Evacuate Collection Set: 9.2ms
[2025-09-04T13:00:05.913+0000][gc,phases   ] GC(5)   Other: 1.1ms
[2025-09-04T13:00:05.914+0000][gc,heap     ] GC(5) Eden regions: 311->0(490)
[2025-09-04T13:00:05.915+0000][gc,heap     ] GC(5) Survivor regions: 8->22(64)
[2025-09-04T13:00:05.915+0000][gc,heap     ] GC(5) Old regions: 38->38
[2025-09-04T13:00:05.917+0000][gc,heap     ] GC(5) Archive regions: 2->2
[2025-09-04T13:00:05.917+0000][gc,heap     ] GC(5) Humongous regions: 0->0
[2025-09-04T13:00:05.918+0000][gc,metaspace] GC(5) Metaspace: 60606K(61056K)->60606K(61056K) NonClass: 53165K(53376K)->53165K(53376K) Class: 7440K(7680K)->7440K(7680K)
[2025-09-04T13:00:05.919+0000][gc          ] GC(5) Pause Young (Concurrent Start) (Metadata GC Threshold) 357M->60M(1024M) 28.537ms
[2025-09-04T13:00:05.920+0000][gc,cpu      ] GC(5) User=0.09s Sys=0.02s Real=0.03s
[2025-09-04T13:00:05.921+0000][gc          ] GC(6) Concurrent Mark Cycle
[2025-09-04T13:00:05.925+0000][gc,marking  ] GC(6) Concurrent Clear Claimed Marks
[2025-09-04T13:00:05.926+0000][gc,marking  ] GC(6) Concurrent Clear Claimed Marks 0.609ms
[2025-09-04T13:00:05.926+0000][gc,marking  ] GC(6) Concurrent Scan Root Regions
[2025-09-04T13:00:05.934+0000][gc,marking  ] GC(6) Concurrent Scan Root Regions 7.550ms
[2025-09-04T13:00:05.935+0000][gc,marking  ] GC(6) Concurrent Mark
[2025-09-04T13:00:05.935+0000][gc,marking  ] GC(6) Concurrent Mark From Roots
[2025-09-04T13:00:05.935+0000][gc,task     ] GC(6) Using 3 workers of 3 for marking
[2025-09-04T13:00:05.964+0000][gc,marking  ] GC(6) Concurrent Mark From Roots 28.962ms
[2025-09-04T13:00:05.965+0000][gc,marking  ] GC(6) Concurrent Preclean
[2025-09-04T13:00:05.965+0000][gc,marking  ] GC(6) Concurrent Preclean 0.663ms
[2025-09-04T13:00:05.966+0000][gc,start    ] GC(6) Pause Remark
[2025-09-04T13:00:05.971+0000][gc          ] GC(6) Pause Remark 63M->63M(1024M) 5.218ms
[2025-09-04T13:00:05.971+0000][gc,cpu      ] GC(6) User=0.02s Sys=0.00s Real=0.00s
[2025-09-04T13:00:05.972+0000][gc,marking  ] GC(6) Concurrent Mark 37.228ms
[2025-09-04T13:00:05.972+0000][gc,marking  ] GC(6) Concurrent Rebuild Remembered Sets
[2025-09-04T13:00:05.972+0000][gc,marking  ] GC(6) Concurrent Rebuild Remembered Sets 0.294ms
[2025-09-04T13:00:05.973+0000][gc,start    ] GC(6) Pause Cleanup
[2025-09-04T13:00:05.973+0000][gc          ] GC(6) Pause Cleanup 63M->63M(1024M) 0.395ms
[2025-09-04T13:00:05.974+0000][gc,cpu      ] GC(6) User=0.01s Sys=0.01s Real=0.00s
[2025-09-04T13:00:05.974+0000][gc,marking  ] GC(6) Concurrent Cleanup for Next Mark
[2025-09-04T13:00:05.975+0000][gc,marking  ] GC(6) Concurrent Cleanup for Next Mark 0.980ms
[2025-09-04T13:00:05.975+0000][gc          ] GC(6) Concurrent Mark Cycle 54.551ms
[2025-09-04T13:00:10.712+0000][gc,start    ] GC(7) Pause Young (Concurrent Start) (G1 Evacuation Pause)
[2025-09-04T13:00:10.713+0000][gc,task     ] GC(7) Using 13 workers of 13 for evacuation
[2025-09-04T13:00:10.739+0000][gc,phases   ] GC(7)   Pre Evacuate Collection Set: 0.7ms
[2025-09-04T13:00:10.740+0000][gc,phases   ] GC(7)   Merge Heap Roots: 0.5ms
[2025-09-04T13:00:10.740+0000][gc,phases   ] GC(7)   Evacuate Collection Set: 19.4ms
[2025-09-04T13:00:10.741+0000][gc,phases   ] GC(7)   Post Evacuate Collection Set: 5.4ms
[2025-09-04T13:00:10.741+0000][gc,phases   ] GC(7)   Other: 1.6ms
[2025-09-04T13:00:10.741+0000][gc,heap     ] GC(7) Eden regions: 490->0(462)
[2025-09-04T13:00:10.742+0000][gc,heap     ] GC(7) Survivor regions: 22->50(64)
[2025-09-04T13:00:10.742+0000][gc,heap     ] GC(7) Old regions: 38->38
[2025-09-04T13:00:10.742+0000][gc,heap     ] GC(7) Archive regions: 2->2
[2025-09-04T13:00:10.743+0000][gc,heap     ] GC(7) Humongous regions: 0->0
[2025-09-04T13:00:10.744+0000][gc,metaspace] GC(7) Metaspace: 73866K(74368K)->73866K(74368K) NonClass: 64570K(64832K)->64570K(64832K) Class: 9296K(9536K)->9296K(9536K)
[2025-09-04T13:00:10.744+0000][gc          ] GC(7) Pause Young (Concurrent Start) (G1 Evacuation Pause) 550M->88M(1024M) 32.275ms
[2025-09-04T13:00:10.745+0000][gc,cpu      ] GC(7) User=0.24s Sys=0.05s Real=0.03s
[2025-09-04T13:00:10.745+0000][gc          ] GC(8) Concurrent Mark Cycle
[2025-09-04T13:00:10.748+0000][gc,marking  ] GC(8) Concurrent Clear Claimed Marks
[2025-09-04T13:00:10.749+0000][gc,marking  ] GC(8) Concurrent Clear Claimed Marks 0.514ms
[2025-09-04T13:00:10.749+0000][gc,marking  ] GC(8) Concurrent Scan Root Regions
[2025-09-04T13:00:10.769+0000][gc,marking  ] GC(8) Concurrent Scan Root Regions 16.605ms
[2025-09-04T13:00:10.772+0000][gc,marking  ] GC(8) Concurrent Mark
[2025-09-04T13:00:10.774+0000][gc,marking  ] GC(8) Concurrent Mark From Roots
[2025-09-04T13:00:10.775+0000][gc,task     ] GC(8) Using 3 workers of 3 for marking
[2025-09-04T13:00:10.807+0000][gc,marking  ] GC(8) Concurrent Mark From Roots 33.578ms
[2025-09-04T13:00:10.808+0000][gc,marking  ] GC(8) Concurrent Preclean
[2025-09-04T13:00:10.808+0000][gc,marking  ] GC(8) Concurrent Preclean 0.764ms
[2025-09-04T13:00:10.809+0000][gc,start    ] GC(8) Pause Remark
[2025-09-04T13:00:10.817+0000][gc          ] GC(8) Pause Remark 102M->102M(1024M) 7.616ms
[2025-09-04T13:00:10.817+0000][gc,cpu      ] GC(8) User=0.06s Sys=0.01s Real=0.01s
[2025-09-04T13:00:10.818+0000][gc,marking  ] GC(8) Concurrent Mark 45.826ms
[2025-09-04T13:00:10.818+0000][gc,marking  ] GC(8) Concurrent Rebuild Remembered Sets
[2025-09-04T13:00:10.835+0000][gc,marking  ] GC(8) Concurrent Rebuild Remembered Sets 16.474ms
[2025-09-04T13:00:10.835+0000][gc,start    ] GC(8) Pause Cleanup
[2025-09-04T13:00:10.836+0000][gc          ] GC(8) Pause Cleanup 106M->106M(1024M) 0.861ms
[2025-09-04T13:00:10.837+0000][gc,cpu      ] GC(8) User=0.01s Sys=0.00s Real=0.01s
[2025-09-04T13:00:10.838+0000][gc,marking  ] GC(8) Concurrent Cleanup for Next Mark
[2025-09-04T13:00:10.839+0000][gc,marking  ] GC(8) Concurrent Cleanup for Next Mark 1.447ms
[2025-09-04T13:00:10.840+0000][gc          ] GC(8) Concurrent Mark Cycle 94.472ms
[2025-09-04T13:00:11.943+0000][gc,start    ] GC(9) Pause Young (Normal) (G1 Evacuation Pause)
[2025-09-04T13:00:11.943+0000][gc,task     ] GC(9) Using 13 workers of 13 for evacuation
[2025-09-04T13:00:11.984+0000][gc,phases   ] GC(9)   Pre Evacuate Collection Set: 0.5ms
[2025-09-04T13:00:11.985+0000][gc,phases   ] GC(9)   Merge Heap Roots: 0.6ms
[2025-09-04T13:00:11.985+0000][gc,phases   ] GC(9)   Evacuate Collection Set: 32.7ms
[2025-09-04T13:00:11.986+0000][gc,phases   ] GC(9)   Post Evacuate Collection Set: 6.5ms
[2025-09-04T13:00:11.986+0000][gc,phases   ] GC(9)   Other: 1.1ms
[2025-09-04T13:00:11.987+0000][gc,heap     ] GC(9) Eden regions: 462->0(451)
[2025-09-04T13:00:11.987+0000][gc,heap     ] GC(9) Survivor regions: 50->61(64)
[2025-09-04T13:00:11.988+0000][gc,heap     ] GC(9) Old regions: 38->57
[2025-09-04T13:00:11.988+0000][gc,heap     ] GC(9) Archive regions: 2->2
[2025-09-04T13:00:11.988+0000][gc,heap     ] GC(9) Humongous regions: 0->0
[2025-09-04T13:00:11.989+0000][gc,metaspace] GC(9) Metaspace: 81738K(82368K)->81738K(82368K) NonClass: 71464K(71808K)->71464K(71808K) Class: 10273K(10560K)->10273K(10560K)
[2025-09-04T13:00:11.990+0000][gc          ] GC(9) Pause Young (Normal) (G1 Evacuation Pause) 550M->118M(1024M) 46.736ms
[2025-09-04T13:00:11.990+0000][gc,cpu      ] GC(9) User=0.26s Sys=0.19s Real=0.05s
[2025-09-04T13:02:48.317+0000][gc,start    ] GC(10) Pause Young (Normal) (G1 Evacuation Pause)
[2025-09-04T13:02:48.318+0000][gc,task     ] GC(10) Using 13 workers of 13 for evacuation
[2025-09-04T13:02:48.364+0000][gc,phases   ] GC(10)   Pre Evacuate Collection Set: 0.9ms
[2025-09-04T13:02:48.365+0000][gc,phases   ] GC(10)   Merge Heap Roots: 0.4ms
[2025-09-04T13:02:48.365+0000][gc,phases   ] GC(10)   Evacuate Collection Set: 38.0ms
[2025-09-04T13:02:48.366+0000][gc,phases   ] GC(10)   Post Evacuate Collection Set: 6.3ms
[2025-09-04T13:02:48.366+0000][gc,phases   ] GC(10)   Other: 1.4ms
[2025-09-04T13:02:48.366+0000][gc,heap     ] GC(10) Eden regions: 451->0(484)
[2025-09-04T13:02:48.367+0000][gc,heap     ] GC(10) Survivor regions: 61->28(64)
[2025-09-04T13:02:48.367+0000][gc,heap     ] GC(10) Old regions: 57->79
[2025-09-04T13:02:48.368+0000][gc,heap     ] GC(10) Archive regions: 2->2
[2025-09-04T13:02:48.368+0000][gc,heap     ] GC(10) Humongous regions: 2->2
[2025-09-04T13:02:48.368+0000][gc,metaspace] GC(10) Metaspace: 89438K(90240K)->89438K(90240K) NonClass: 78495K(78912K)->78495K(78912K) Class: 10942K(11328K)->10942K(11328K)
[2025-09-04T13:02:48.369+0000][gc          ] GC(10) Pause Young (Normal) (G1 Evacuation Pause) 571M->109M(1024M) 51.433ms
[2025-09-04T13:02:48.369+0000][gc,cpu      ] GC(10) User=0.23s Sys=0.16s Real=0.05s
[2025-09-04T13:04:32.182+0000][gc,heap,exit] Heap
[2025-09-04T13:04:32.184+0000][gc,heap,exit]  garbage-first heap   total 1048576K, used 205795K [0x00000000c0000000, 0x0000000100000000)
[2025-09-04T13:04:32.186+0000][gc,heap,exit]   region size 1024K, 120 young (122880K), 28 survivors (28672K)
[2025-09-04T13:04:32.186+0000][gc,heap,exit]  Metaspace       used 90976K, committed 91776K, reserved 1179648K
[2025-09-04T13:04:32.187+0000][gc,heap,exit]   class space    used 11005K, committed 11392K, reserved 1048576K
