[2025-09-04T12:58:52.148+0000][gc] Using G1
[2025-09-04T12:58:52.186+0000][gc,init] Version: 17.0.16+8-alpine-r0 (release)
[2025-09-04T12:58:52.187+0000][gc,init] CPUs: 16 total, 16 available
[2025-09-04T12:58:52.188+0000][gc,init] Memory: 15632M
[2025-09-04T12:58:52.188+0000][gc,init] Large Page Support: Disabled
[2025-09-04T12:58:52.189+0000][gc,init] NUMA Support: Disabled
[2025-09-04T12:58:52.189+0000][gc,init] Compressed Oops: Enabled (32-bit)
[2025-09-04T12:58:52.190+0000][gc,init] Heap Region Size: 1M
[2025-09-04T12:58:52.190+0000][gc,init] Heap Min Capacity: 1G
[2025-09-04T12:58:52.191+0000][gc,init] Heap Initial Capacity: 1G
[2025-09-04T12:58:52.191+0000][gc,init] Heap Max Capacity: 1G
[2025-09-04T12:58:52.191+0000][gc,init] Pre-touch: Disabled
[2025-09-04T12:58:52.192+0000][gc,init] Parallel Workers: 13
[2025-09-04T12:58:52.193+0000][gc,init] Concurrent Workers: 3
[2025-09-04T12:58:52.193+0000][gc,init] Concurrent Refinement Workers: 13
[2025-09-04T12:58:52.194+0000][gc,init] Periodic GC: Disabled
[2025-09-04T12:58:52.224+0000][gc,metaspace] CDS archive(s) mapped at: [0x00007ba9aa000000-0x00007ba9aabc7000-0x00007ba9aabc7000), size 12349440, SharedBaseAddress: 0x00007ba9aa000000, ArchiveRelocationMode: 1.
[2025-09-04T12:58:52.225+0000][gc,metaspace] Compressed class space mapped at: 0x00007ba9ab000000-0x00007ba9eb000000, reserved size: 1073741824
[2025-09-04T12:58:52.226+0000][gc,metaspace] Narrow klass base: 0x00007ba9aa000000, Narrow klass shift: 0, Narrow klass range: 0x100000000
[2025-09-04T12:58:58.474+0000][gc,start    ] GC(0) Pause Young (Normal) (G1 Evacuation Pause)
[2025-09-04T12:58:58.480+0000][gc,task     ] GC(0) Using 13 workers of 13 for evacuation
[2025-09-04T12:58:58.524+0000][gc,phases   ] GC(0)   Pre Evacuate Collection Set: 0.5ms
[2025-09-04T12:58:58.524+0000][gc,phases   ] GC(0)   Merge Heap Roots: 0.6ms
[2025-09-04T12:58:58.525+0000][gc,phases   ] GC(0)   Evacuate Collection Set: 35.7ms
[2025-09-04T12:58:58.525+0000][gc,phases   ] GC(0)   Post Evacuate Collection Set: 6.0ms
[2025-09-04T12:58:58.526+0000][gc,phases   ] GC(0)   Other: 6.4ms
[2025-09-04T12:58:58.526+0000][gc,heap     ] GC(0) Eden regions: 512->0(473)
[2025-09-04T12:58:58.527+0000][gc,heap     ] GC(0) Survivor regions: 0->39(64)
[2025-09-04T12:58:58.527+0000][gc,heap     ] GC(0) Old regions: 0->0
[2025-09-04T12:58:58.527+0000][gc,heap     ] GC(0) Archive regions: 2->2
[2025-09-04T12:58:58.528+0000][gc,heap     ] GC(0) Humongous regions: 0->0
[2025-09-04T12:58:58.528+0000][gc,metaspace] GC(0) Metaspace: 20871K(21248K)->20871K(21248K) NonClass: 18264K(18432K)->18264K(18432K) Class: 2606K(2816K)->2606K(2816K)
[2025-09-04T12:58:58.529+0000][gc          ] GC(0) Pause Young (Normal) (G1 Evacuation Pause) 512M->39M(1024M) 54.210ms
[2025-09-04T12:58:58.529+0000][gc,cpu      ] GC(0) User=0.33s Sys=0.24s Real=0.05s
[2025-09-04T12:58:58.658+0000][gc,start    ] GC(1) Pause Young (Concurrent Start) (Metadata GC Threshold)
[2025-09-04T12:58:58.658+0000][gc,task     ] GC(1) Using 13 workers of 13 for evacuation
[2025-09-04T12:58:58.705+0000][gc,phases   ] GC(1)   Pre Evacuate Collection Set: 0.4ms
[2025-09-04T12:58:58.705+0000][gc,phases   ] GC(1)   Merge Heap Roots: 0.3ms
[2025-09-04T12:58:58.706+0000][gc,phases   ] GC(1)   Evacuate Collection Set: 43.0ms
[2025-09-04T12:58:58.706+0000][gc,phases   ] GC(1)   Post Evacuate Collection Set: 2.2ms
[2025-09-04T12:58:58.707+0000][gc,phases   ] GC(1)   Other: 1.4ms
[2025-09-04T12:58:58.708+0000][gc,heap     ] GC(1) Eden regions: 12->0(506)
[2025-09-04T12:58:58.708+0000][gc,heap     ] GC(1) Survivor regions: 39->6(64)
[2025-09-04T12:58:58.709+0000][gc,heap     ] GC(1) Old regions: 0->38
[2025-09-04T12:58:58.709+0000][gc,heap     ] GC(1) Archive regions: 2->2
[2025-09-04T12:58:58.710+0000][gc,heap     ] GC(1) Humongous regions: 0->0
[2025-09-04T12:58:58.710+0000][gc,metaspace] GC(1) Metaspace: 21127K(21504K)->21127K(21504K) NonClass: 18489K(18688K)->18489K(18688K) Class: 2638K(2816K)->2638K(2816K)
[2025-09-04T12:58:58.711+0000][gc          ] GC(1) Pause Young (Concurrent Start) (Metadata GC Threshold) 50M->44M(1024M) 53.096ms
[2025-09-04T12:58:58.711+0000][gc,cpu      ] GC(1) User=0.11s Sys=0.39s Real=0.05s
[2025-09-04T12:58:58.712+0000][gc          ] GC(2) Concurrent Mark Cycle
[2025-09-04T12:58:58.712+0000][gc,marking  ] GC(2) Concurrent Clear Claimed Marks
[2025-09-04T12:58:58.713+0000][gc,marking  ] GC(2) Concurrent Clear Claimed Marks 0.431ms
[2025-09-04T12:58:58.713+0000][gc,marking  ] GC(2) Concurrent Scan Root Regions
[2025-09-04T12:58:58.722+0000][gc,marking  ] GC(2) Concurrent Scan Root Regions 9.343ms
[2025-09-04T12:58:58.723+0000][gc,marking  ] GC(2) Concurrent Mark
[2025-09-04T12:58:58.727+0000][gc,marking  ] GC(2) Concurrent Mark From Roots
[2025-09-04T12:58:58.728+0000][gc,task     ] GC(2) Using 3 workers of 3 for marking
[2025-09-04T12:58:58.730+0000][gc,marking  ] GC(2) Concurrent Mark From Roots 2.936ms
[2025-09-04T12:58:58.731+0000][gc,marking  ] GC(2) Concurrent Preclean
[2025-09-04T12:58:58.732+0000][gc,marking  ] GC(2) Concurrent Preclean 1.564ms
[2025-09-04T12:58:58.737+0000][gc,start    ] GC(2) Pause Remark
[2025-09-04T12:58:58.742+0000][gc          ] GC(2) Pause Remark 52M->52M(1024M) 4.776ms
[2025-09-04T12:58:58.742+0000][gc,cpu      ] GC(2) User=0.01s Sys=0.01s Real=0.00s
[2025-09-04T12:58:58.743+0000][gc,marking  ] GC(2) Concurrent Mark 20.208ms
[2025-09-04T12:58:58.744+0000][gc,marking  ] GC(2) Concurrent Rebuild Remembered Sets
[2025-09-04T12:58:58.744+0000][gc,marking  ] GC(2) Concurrent Rebuild Remembered Sets 0.451ms
[2025-09-04T12:58:58.745+0000][gc,start    ] GC(2) Pause Cleanup
[2025-09-04T12:58:58.745+0000][gc          ] GC(2) Pause Cleanup 52M->52M(1024M) 0.379ms
[2025-09-04T12:58:58.746+0000][gc,cpu      ] GC(2) User=0.00s Sys=0.00s Real=0.00s
[2025-09-04T12:58:58.746+0000][gc,marking  ] GC(2) Concurrent Cleanup for Next Mark
[2025-09-04T12:58:58.759+0000][gc,marking  ] GC(2) Concurrent Cleanup for Next Mark 12.882ms
[2025-09-04T12:58:58.760+0000][gc          ] GC(2) Concurrent Mark Cycle 48.159ms
[2025-09-04T12:58:59.804+0000][gc,start    ] GC(3) Pause Young (Concurrent Start) (Metadata GC Threshold)
[2025-09-04T12:58:59.805+0000][gc,task     ] GC(3) Using 13 workers of 13 for evacuation
[2025-09-04T12:58:59.813+0000][gc,phases   ] GC(3)   Pre Evacuate Collection Set: 0.6ms
[2025-09-04T12:58:59.814+0000][gc,phases   ] GC(3)   Merge Heap Roots: 0.4ms
[2025-09-04T12:58:59.814+0000][gc,phases   ] GC(3)   Evacuate Collection Set: 4.5ms
[2025-09-04T12:58:59.814+0000][gc,phases   ] GC(3)   Post Evacuate Collection Set: 2.3ms
[2025-09-04T12:58:59.815+0000][gc,phases   ] GC(3)   Other: 1.2ms
[2025-09-04T12:58:59.815+0000][gc,heap     ] GC(3) Eden regions: 256->0(504)
[2025-09-04T12:58:59.816+0000][gc,heap     ] GC(3) Survivor regions: 6->8(64)
[2025-09-04T12:58:59.816+0000][gc,heap     ] GC(3) Old regions: 38->38
[2025-09-04T12:58:59.816+0000][gc,heap     ] GC(3) Archive regions: 2->2
[2025-09-04T12:58:59.817+0000][gc,heap     ] GC(3) Humongous regions: 0->0
[2025-09-04T12:58:59.817+0000][gc,metaspace] GC(3) Metaspace: 36081K(36480K)->36081K(36480K) NonClass: 31512K(31680K)->31512K(31680K) Class: 4569K(4800K)->4569K(4800K)
[2025-09-04T12:58:59.818+0000][gc          ] GC(3) Pause Young (Concurrent Start) (Metadata GC Threshold) 300M->46M(1024M) 13.677ms
[2025-09-04T12:58:59.818+0000][gc,cpu      ] GC(3) User=0.04s Sys=0.01s Real=0.01s
[2025-09-04T12:58:59.819+0000][gc          ] GC(4) Concurrent Mark Cycle
[2025-09-04T12:58:59.820+0000][gc,marking  ] GC(4) Concurrent Clear Claimed Marks
[2025-09-04T12:58:59.820+0000][gc,marking  ] GC(4) Concurrent Clear Claimed Marks 0.413ms
[2025-09-04T12:58:59.821+0000][gc,marking  ] GC(4) Concurrent Scan Root Regions
[2025-09-04T12:58:59.825+0000][gc,marking  ] GC(4) Concurrent Scan Root Regions 4.030ms
[2025-09-04T12:58:59.825+0000][gc,marking  ] GC(4) Concurrent Mark
[2025-09-04T12:58:59.826+0000][gc,marking  ] GC(4) Concurrent Mark From Roots
[2025-09-04T12:58:59.826+0000][gc,task     ] GC(4) Using 3 workers of 3 for marking
[2025-09-04T12:58:59.851+0000][gc,marking  ] GC(4) Concurrent Mark From Roots 25.755ms
[2025-09-04T12:58:59.852+0000][gc,marking  ] GC(4) Concurrent Preclean
[2025-09-04T12:58:59.853+0000][gc,marking  ] GC(4) Concurrent Preclean 0.788ms
[2025-09-04T12:58:59.853+0000][gc,start    ] GC(4) Pause Remark
[2025-09-04T12:58:59.859+0000][gc          ] GC(4) Pause Remark 49M->49M(1024M) 5.450ms
[2025-09-04T12:58:59.859+0000][gc,cpu      ] GC(4) User=0.03s Sys=0.00s Real=0.01s
[2025-09-04T12:58:59.860+0000][gc,marking  ] GC(4) Concurrent Mark 35.082ms
[2025-09-04T12:58:59.861+0000][gc,marking  ] GC(4) Concurrent Rebuild Remembered Sets
[2025-09-04T12:58:59.861+0000][gc,marking  ] GC(4) Concurrent Rebuild Remembered Sets 0.360ms
[2025-09-04T12:58:59.862+0000][gc,start    ] GC(4) Pause Cleanup
[2025-09-04T12:58:59.862+0000][gc          ] GC(4) Pause Cleanup 49M->49M(1024M) 0.388ms
[2025-09-04T12:58:59.862+0000][gc,cpu      ] GC(4) User=0.00s Sys=0.00s Real=0.00s
[2025-09-04T12:58:59.863+0000][gc,marking  ] GC(4) Concurrent Cleanup for Next Mark
[2025-09-04T12:58:59.887+0000][gc,marking  ] GC(4) Concurrent Cleanup for Next Mark 23.921ms
[2025-09-04T12:58:59.887+0000][gc          ] GC(4) Concurrent Mark Cycle 68.360ms
[2025-09-04T12:59:05.698+0000][gc,start    ] GC(5) Pause Young (Concurrent Start) (Metadata GC Threshold)
[2025-09-04T12:59:05.699+0000][gc,task     ] GC(5) Using 13 workers of 13 for evacuation
[2025-09-04T12:59:05.716+0000][gc,phases   ] GC(5)   Pre Evacuate Collection Set: 0.6ms
[2025-09-04T12:59:05.716+0000][gc,phases   ] GC(5)   Merge Heap Roots: 0.4ms
[2025-09-04T12:59:05.717+0000][gc,phases   ] GC(5)   Evacuate Collection Set: 11.2ms
[2025-09-04T12:59:05.717+0000][gc,phases   ] GC(5)   Post Evacuate Collection Set: 4.1ms
[2025-09-04T12:59:05.718+0000][gc,phases   ] GC(5)   Other: 1.4ms
[2025-09-04T12:59:05.718+0000][gc,heap     ] GC(5) Eden regions: 310->0(491)
[2025-09-04T12:59:05.718+0000][gc,heap     ] GC(5) Survivor regions: 8->21(64)
[2025-09-04T12:59:05.719+0000][gc,heap     ] GC(5) Old regions: 38->38
[2025-09-04T12:59:05.719+0000][gc,heap     ] GC(5) Archive regions: 2->2
[2025-09-04T12:59:05.720+0000][gc,heap     ] GC(5) Humongous regions: 0->0
[2025-09-04T12:59:05.720+0000][gc,metaspace] GC(5) Metaspace: 60623K(61120K)->60623K(61120K) NonClass: 53182K(53440K)->53182K(53440K) Class: 7441K(7680K)->7441K(7680K)
[2025-09-04T12:59:05.721+0000][gc          ] GC(5) Pause Young (Concurrent Start) (Metadata GC Threshold) 355M->59M(1024M) 22.607ms
[2025-09-04T12:59:05.721+0000][gc,cpu      ] GC(5) User=0.08s Sys=0.02s Real=0.03s
[2025-09-04T12:59:05.722+0000][gc          ] GC(6) Concurrent Mark Cycle
[2025-09-04T12:59:05.722+0000][gc,marking  ] GC(6) Concurrent Clear Claimed Marks
[2025-09-04T12:59:05.723+0000][gc,marking  ] GC(6) Concurrent Clear Claimed Marks 0.496ms
[2025-09-04T12:59:05.723+0000][gc,marking  ] GC(6) Concurrent Scan Root Regions
[2025-09-04T12:59:05.730+0000][gc,marking  ] GC(6) Concurrent Scan Root Regions 6.695ms
[2025-09-04T12:59:05.730+0000][gc,marking  ] GC(6) Concurrent Mark
[2025-09-04T12:59:05.731+0000][gc,marking  ] GC(6) Concurrent Mark From Roots
[2025-09-04T12:59:05.731+0000][gc,task     ] GC(6) Using 3 workers of 3 for marking
[2025-09-04T12:59:05.760+0000][gc,marking  ] GC(6) Concurrent Mark From Roots 28.720ms
[2025-09-04T12:59:05.760+0000][gc,marking  ] GC(6) Concurrent Preclean
[2025-09-04T12:59:05.761+0000][gc,marking  ] GC(6) Concurrent Preclean 0.673ms
[2025-09-04T12:59:05.761+0000][gc,start    ] GC(6) Pause Remark
[2025-09-04T12:59:05.768+0000][gc          ] GC(6) Pause Remark 63M->63M(1024M) 6.868ms
[2025-09-04T12:59:05.769+0000][gc,cpu      ] GC(6) User=0.02s Sys=0.01s Real=0.01s
[2025-09-04T12:59:05.769+0000][gc,marking  ] GC(6) Concurrent Mark 38.898ms
[2025-09-04T12:59:05.770+0000][gc,marking  ] GC(6) Concurrent Rebuild Remembered Sets
[2025-09-04T12:59:05.770+0000][gc,marking  ] GC(6) Concurrent Rebuild Remembered Sets 0.471ms
[2025-09-04T12:59:05.771+0000][gc,start    ] GC(6) Pause Cleanup
[2025-09-04T12:59:05.771+0000][gc          ] GC(6) Pause Cleanup 63M->63M(1024M) 0.409ms
[2025-09-04T12:59:05.772+0000][gc,cpu      ] GC(6) User=0.00s Sys=0.01s Real=0.00s
[2025-09-04T12:59:05.772+0000][gc,marking  ] GC(6) Concurrent Cleanup for Next Mark
[2025-09-04T12:59:05.773+0000][gc,marking  ] GC(6) Concurrent Cleanup for Next Mark 1.281ms
[2025-09-04T12:59:05.774+0000][gc          ] GC(6) Concurrent Mark Cycle 52.274ms
[2025-09-04T12:59:10.757+0000][gc,start    ] GC(7) Pause Young (Normal) (G1 Evacuation Pause)
[2025-09-04T12:59:10.762+0000][gc,task     ] GC(7) Using 13 workers of 13 for evacuation
[2025-09-04T12:59:10.790+0000][gc,phases   ] GC(7)   Pre Evacuate Collection Set: 0.6ms
[2025-09-04T12:59:10.790+0000][gc,phases   ] GC(7)   Merge Heap Roots: 0.4ms
[2025-09-04T12:59:10.791+0000][gc,phases   ] GC(7)   Evacuate Collection Set: 21.2ms
[2025-09-04T12:59:10.791+0000][gc,phases   ] GC(7)   Post Evacuate Collection Set: 4.6ms
[2025-09-04T12:59:10.792+0000][gc,phases   ] GC(7)   Other: 5.6ms
[2025-09-04T12:59:10.792+0000][gc,heap     ] GC(7) Eden regions: 491->0(463)
[2025-09-04T12:59:10.793+0000][gc,heap     ] GC(7) Survivor regions: 21->49(64)
[2025-09-04T12:59:10.793+0000][gc,heap     ] GC(7) Old regions: 38->38
[2025-09-04T12:59:10.793+0000][gc,heap     ] GC(7) Archive regions: 2->2
[2025-09-04T12:59:10.794+0000][gc,heap     ] GC(7) Humongous regions: 0->0
[2025-09-04T12:59:10.794+0000][gc,metaspace] GC(7) Metaspace: 73858K(74432K)->73858K(74432K) NonClass: 64564K(64896K)->64564K(64896K) Class: 9294K(9536K)->9294K(9536K)
[2025-09-04T12:59:10.795+0000][gc          ] GC(7) Pause Young (Normal) (G1 Evacuation Pause) 550M->87M(1024M) 37.453ms
[2025-09-04T12:59:10.795+0000][gc,cpu      ] GC(7) User=0.25s Sys=0.07s Real=0.04s
[2025-09-04T12:59:14.281+0000][gc,start    ] GC(8) Pause Young (Normal) (G1 Evacuation Pause)
[2025-09-04T12:59:14.282+0000][gc,task     ] GC(8) Using 13 workers of 13 for evacuation
[2025-09-04T12:59:14.328+0000][gc,phases   ] GC(8)   Pre Evacuate Collection Set: 0.6ms
[2025-09-04T12:59:14.329+0000][gc,phases   ] GC(8)   Merge Heap Roots: 0.5ms
[2025-09-04T12:59:14.329+0000][gc,phases   ] GC(8)   Evacuate Collection Set: 38.9ms
[2025-09-04T12:59:14.330+0000][gc,phases   ] GC(8)   Post Evacuate Collection Set: 6.1ms
[2025-09-04T12:59:14.330+0000][gc,phases   ] GC(8)   Other: 1.2ms
[2025-09-04T12:59:14.331+0000][gc,heap     ] GC(8) Eden regions: 463->0(451)
[2025-09-04T12:59:14.331+0000][gc,heap     ] GC(8) Survivor regions: 49->61(64)
[2025-09-04T12:59:14.331+0000][gc,heap     ] GC(8) Old regions: 38->57
[2025-09-04T12:59:14.332+0000][gc,heap     ] GC(8) Archive regions: 2->2
[2025-09-04T12:59:14.333+0000][gc,heap     ] GC(8) Humongous regions: 0->0
[2025-09-04T12:59:14.333+0000][gc,metaspace] GC(8) Metaspace: 81762K(82368K)->81762K(82368K) NonClass: 71489K(71808K)->71489K(71808K) Class: 10272K(10560K)->10272K(10560K)
[2025-09-04T12:59:14.334+0000][gc          ] GC(8) Pause Young (Normal) (G1 Evacuation Pause) 550M->118M(1024M) 52.405ms
[2025-09-04T12:59:14.334+0000][gc,cpu      ] GC(8) User=0.36s Sys=0.16s Real=0.05s
[2025-09-04T12:59:30.447+0000][gc,heap,exit] Heap
[2025-09-04T12:59:30.447+0000][gc,heap,exit]  garbage-first heap   total 1048576K, used 503423K [0x00000000c0000000, 0x0000000100000000)
[2025-09-04T12:59:30.448+0000][gc,heap,exit]   region size 1024K, 433 young (443392K), 61 survivors (62464K)
[2025-09-04T12:59:30.448+0000][gc,heap,exit]  Metaspace       used 87431K, committed 88192K, reserved 1179648K
[2025-09-04T12:59:30.449+0000][gc,heap,exit]   class space    used 10978K, committed 11328K, reserved 1048576K
