[2025-09-04T20:20:01.280+0000][gc] Using G1
[2025-09-04T20:20:01.322+0000][gc,init] Version: 17.0.16+8-alpine-r0 (release)
[2025-09-04T20:20:01.322+0000][gc,init] CPUs: 16 total, 16 available
[2025-09-04T20:20:01.323+0000][gc,init] Memory: 15632M
[2025-09-04T20:20:01.323+0000][gc,init] Large Page Support: Disabled
[2025-09-04T20:20:01.324+0000][gc,init] NUMA Support: Disabled
[2025-09-04T20:20:01.324+0000][gc,init] Compressed Oops: Enabled (32-bit)
[2025-09-04T20:20:01.325+0000][gc,init] Heap Region Size: 1M
[2025-09-04T20:20:01.325+0000][gc,init] Heap Min Capacity: 1G
[2025-09-04T20:20:01.325+0000][gc,init] Heap Initial Capacity: 1G
[2025-09-04T20:20:01.326+0000][gc,init] Heap Max Capacity: 1G
[2025-09-04T20:20:01.326+0000][gc,init] Pre-touch: Disabled
[2025-09-04T20:20:01.327+0000][gc,init] Parallel Workers: 13
[2025-09-04T20:20:01.327+0000][gc,init] Concurrent Workers: 3
[2025-09-04T20:20:01.328+0000][gc,init] Concurrent Refinement Workers: 13
[2025-09-04T20:20:01.328+0000][gc,init] Periodic GC: Disabled
[2025-09-04T20:20:01.357+0000][gc,metaspace] CDS archive(s) mapped at: [0x000075a664000000-0x000075a664bc7000-0x000075a664bc7000), size 12349440, SharedBaseAddress: 0x000075a664000000, ArchiveRelocationMode: 1.
[2025-09-04T20:20:01.358+0000][gc,metaspace] Compressed class space mapped at: 0x000075a665000000-0x000075a6a5000000, reserved size: 1073741824
[2025-09-04T20:20:01.358+0000][gc,metaspace] Narrow klass base: 0x000075a664000000, Narrow klass shift: 0, Narrow klass range: 0x100000000
[2025-09-04T20:20:08.553+0000][gc,start    ] GC(0) Pause Young (Normal) (G1 Evacuation Pause)
[2025-09-04T20:20:08.558+0000][gc,task     ] GC(0) Using 13 workers of 13 for evacuation
[2025-09-04T20:20:08.602+0000][gc,phases   ] GC(0)   Pre Evacuate Collection Set: 0.7ms
[2025-09-04T20:20:08.603+0000][gc,phases   ] GC(0)   Merge Heap Roots: 0.8ms
[2025-09-04T20:20:08.603+0000][gc,phases   ] GC(0)   Evacuate Collection Set: 37.3ms
[2025-09-04T20:20:08.604+0000][gc,phases   ] GC(0)   Post Evacuate Collection Set: 4.9ms
[2025-09-04T20:20:08.604+0000][gc,phases   ] GC(0)   Other: 5.5ms
[2025-09-04T20:20:08.605+0000][gc,heap     ] GC(0) Eden regions: 512->0(473)
[2025-09-04T20:20:08.605+0000][gc,heap     ] GC(0) Survivor regions: 0->39(64)
[2025-09-04T20:20:08.606+0000][gc,heap     ] GC(0) Old regions: 0->0
[2025-09-04T20:20:08.606+0000][gc,heap     ] GC(0) Archive regions: 2->2
[2025-09-04T20:20:08.606+0000][gc,heap     ] GC(0) Humongous regions: 0->0
[2025-09-04T20:20:08.607+0000][gc,metaspace] GC(0) Metaspace: 21030K(21376K)->21030K(21376K) NonClass: 18406K(18560K)->18406K(18560K) Class: 2624K(2816K)->2624K(2816K)
[2025-09-04T20:20:08.608+0000][gc          ] GC(0) Pause Young (Normal) (G1 Evacuation Pause) 512M->39M(1024M) 54.629ms
[2025-09-04T20:20:08.608+0000][gc,cpu      ] GC(0) User=0.17s Sys=0.32s Real=0.06s
[2025-09-04T20:20:08.684+0000][gc,start    ] GC(1) Pause Young (Concurrent Start) (Metadata GC Threshold)
[2025-09-04T20:20:08.685+0000][gc,task     ] GC(1) Using 13 workers of 13 for evacuation
[2025-09-04T20:20:08.731+0000][gc,phases   ] GC(1)   Pre Evacuate Collection Set: 0.9ms
[2025-09-04T20:20:08.732+0000][gc,phases   ] GC(1)   Merge Heap Roots: 0.4ms
[2025-09-04T20:20:08.732+0000][gc,phases   ] GC(1)   Evacuate Collection Set: 42.7ms
[2025-09-04T20:20:08.733+0000][gc,phases   ] GC(1)   Post Evacuate Collection Set: 2.0ms
[2025-09-04T20:20:08.733+0000][gc,phases   ] GC(1)   Other: 1.3ms
[2025-09-04T20:20:08.734+0000][gc,heap     ] GC(1) Eden regions: 5->0(506)
[2025-09-04T20:20:08.734+0000][gc,heap     ] GC(1) Survivor regions: 39->6(64)
[2025-09-04T20:20:08.735+0000][gc,heap     ] GC(1) Old regions: 0->39
[2025-09-04T20:20:08.735+0000][gc,heap     ] GC(1) Archive regions: 2->2
[2025-09-04T20:20:08.736+0000][gc,heap     ] GC(1) Humongous regions: 0->0
[2025-09-04T20:20:08.736+0000][gc,metaspace] GC(1) Metaspace: 21124K(21504K)->21124K(21504K) NonClass: 18486K(18688K)->18486K(18688K) Class: 2638K(2816K)->2638K(2816K)
[2025-09-04T20:20:08.736+0000][gc          ] GC(1) Pause Young (Concurrent Start) (Metadata GC Threshold) 43M->44M(1024M) 52.165ms
[2025-09-04T20:20:08.737+0000][gc,cpu      ] GC(1) User=0.10s Sys=0.42s Real=0.06s
[2025-09-04T20:20:08.737+0000][gc          ] GC(2) Concurrent Mark Cycle
[2025-09-04T20:20:08.738+0000][gc,marking  ] GC(2) Concurrent Clear Claimed Marks
[2025-09-04T20:20:08.743+0000][gc,marking  ] GC(2) Concurrent Clear Claimed Marks 4.980ms
[2025-09-04T20:20:08.744+0000][gc,marking  ] GC(2) Concurrent Scan Root Regions
[2025-09-04T20:20:08.752+0000][gc,marking  ] GC(2) Concurrent Scan Root Regions 8.764ms
[2025-09-04T20:20:08.753+0000][gc,marking  ] GC(2) Concurrent Mark
[2025-09-04T20:20:08.753+0000][gc,marking  ] GC(2) Concurrent Mark From Roots
[2025-09-04T20:20:08.753+0000][gc,task     ] GC(2) Using 3 workers of 3 for marking
[2025-09-04T20:20:08.756+0000][gc,marking  ] GC(2) Concurrent Mark From Roots 2.687ms
[2025-09-04T20:20:08.756+0000][gc,marking  ] GC(2) Concurrent Preclean
[2025-09-04T20:20:08.757+0000][gc,marking  ] GC(2) Concurrent Preclean 0.584ms
[2025-09-04T20:20:08.757+0000][gc,start    ] GC(2) Pause Remark
[2025-09-04T20:20:08.762+0000][gc          ] GC(2) Pause Remark 45M->45M(1024M) 4.391ms
[2025-09-04T20:20:08.762+0000][gc,cpu      ] GC(2) User=0.01s Sys=0.02s Real=0.00s
[2025-09-04T20:20:08.763+0000][gc,marking  ] GC(2) Concurrent Mark 9.738ms
[2025-09-04T20:20:08.763+0000][gc,marking  ] GC(2) Concurrent Rebuild Remembered Sets
[2025-09-04T20:20:08.774+0000][gc,marking  ] GC(2) Concurrent Rebuild Remembered Sets 11.102ms
[2025-09-04T20:20:08.775+0000][gc,start    ] GC(2) Pause Cleanup
[2025-09-04T20:20:08.776+0000][gc          ] GC(2) Pause Cleanup 45M->45M(1024M) 1.747ms
[2025-09-04T20:20:08.777+0000][gc,cpu      ] GC(2) User=0.01s Sys=0.01s Real=0.01s
[2025-09-04T20:20:08.777+0000][gc,marking  ] GC(2) Concurrent Cleanup for Next Mark
[2025-09-04T20:20:08.791+0000][gc,marking  ] GC(2) Concurrent Cleanup for Next Mark 13.043ms
[2025-09-04T20:20:08.791+0000][gc          ] GC(2) Concurrent Mark Cycle 53.563ms
[2025-09-04T20:20:12.560+0000][gc,start    ] GC(3) Pause Young (Concurrent Start) (Metadata GC Threshold)
[2025-09-04T20:20:12.560+0000][gc,task     ] GC(3) Using 13 workers of 13 for evacuation
[2025-09-04T20:20:12.571+0000][gc,phases   ] GC(3)   Pre Evacuate Collection Set: 0.6ms
[2025-09-04T20:20:12.571+0000][gc,phases   ] GC(3)   Merge Heap Roots: 0.5ms
[2025-09-04T20:20:12.571+0000][gc,phases   ] GC(3)   Evacuate Collection Set: 6.1ms
[2025-09-04T20:20:12.572+0000][gc,phases   ] GC(3)   Post Evacuate Collection Set: 2.8ms
[2025-09-04T20:20:12.572+0000][gc,phases   ] GC(3)   Other: 1.1ms
[2025-09-04T20:20:12.572+0000][gc,heap     ] GC(3) Eden regions: 255->0(505)
[2025-09-04T20:20:12.573+0000][gc,heap     ] GC(3) Survivor regions: 6->7(64)
[2025-09-04T20:20:12.573+0000][gc,heap     ] GC(3) Old regions: 39->39
[2025-09-04T20:20:12.573+0000][gc,heap     ] GC(3) Archive regions: 2->2
[2025-09-04T20:20:12.573+0000][gc,heap     ] GC(3) Humongous regions: 0->0
[2025-09-04T20:20:12.574+0000][gc,metaspace] GC(3) Metaspace: 35645K(36096K)->35645K(36096K) NonClass: 31124K(31360K)->31124K(31360K) Class: 4521K(4736K)->4521K(4736K)
[2025-09-04T20:20:12.574+0000][gc          ] GC(3) Pause Young (Concurrent Start) (Metadata GC Threshold) 299M->46M(1024M) 14.556ms
[2025-09-04T20:20:12.575+0000][gc,cpu      ] GC(3) User=0.06s Sys=0.01s Real=0.01s
[2025-09-04T20:20:12.575+0000][gc          ] GC(4) Concurrent Mark Cycle
[2025-09-04T20:20:12.576+0000][gc,marking  ] GC(4) Concurrent Clear Claimed Marks
[2025-09-04T20:20:12.576+0000][gc,marking  ] GC(4) Concurrent Clear Claimed Marks 0.391ms
[2025-09-04T20:20:12.577+0000][gc,marking  ] GC(4) Concurrent Scan Root Regions
[2025-09-04T20:20:12.580+0000][gc,marking  ] GC(4) Concurrent Scan Root Regions 3.404ms
[2025-09-04T20:20:12.581+0000][gc,marking  ] GC(4) Concurrent Mark
[2025-09-04T20:20:12.581+0000][gc,marking  ] GC(4) Concurrent Mark From Roots
[2025-09-04T20:20:12.581+0000][gc,task     ] GC(4) Using 3 workers of 3 for marking
[2025-09-04T20:20:12.611+0000][gc,marking  ] GC(4) Concurrent Mark From Roots 30.267ms
[2025-09-04T20:20:12.612+0000][gc,marking  ] GC(4) Concurrent Preclean
[2025-09-04T20:20:12.613+0000][gc,marking  ] GC(4) Concurrent Preclean 0.900ms
[2025-09-04T20:20:12.613+0000][gc,start    ] GC(4) Pause Remark
[2025-09-04T20:20:12.619+0000][gc          ] GC(4) Pause Remark 47M->47M(1024M) 5.582ms
[2025-09-04T20:20:12.619+0000][gc,cpu      ] GC(4) User=0.03s Sys=0.00s Real=0.01s
[2025-09-04T20:20:12.620+0000][gc,marking  ] GC(4) Concurrent Mark 39.405ms
[2025-09-04T20:20:12.620+0000][gc,marking  ] GC(4) Concurrent Rebuild Remembered Sets
[2025-09-04T20:20:12.633+0000][gc,marking  ] GC(4) Concurrent Rebuild Remembered Sets 13.051ms
[2025-09-04T20:20:12.634+0000][gc,start    ] GC(4) Pause Cleanup
[2025-09-04T20:20:12.635+0000][gc          ] GC(4) Pause Cleanup 47M->47M(1024M) 1.114ms
[2025-09-04T20:20:12.636+0000][gc,cpu      ] GC(4) User=0.00s Sys=0.01s Real=0.01s
[2025-09-04T20:20:12.636+0000][gc,marking  ] GC(4) Concurrent Cleanup for Next Mark
[2025-09-04T20:20:12.649+0000][gc,marking  ] GC(4) Concurrent Cleanup for Next Mark 13.114ms
[2025-09-04T20:20:12.650+0000][gc          ] GC(4) Concurrent Mark Cycle 74.602ms
[2025-09-04T20:20:19.321+0000][gc,start    ] GC(5) Pause Young (Prepare Mixed) (Metadata GC Threshold)
[2025-09-04T20:20:19.321+0000][gc,task     ] GC(5) Using 13 workers of 13 for evacuation
[2025-09-04T20:20:19.341+0000][gc,phases   ] GC(5)   Pre Evacuate Collection Set: 0.6ms
[2025-09-04T20:20:19.341+0000][gc,phases   ] GC(5)   Merge Heap Roots: 0.5ms
[2025-09-04T20:20:19.342+0000][gc,phases   ] GC(5)   Evacuate Collection Set: 12.6ms
[2025-09-04T20:20:19.342+0000][gc,phases   ] GC(5)   Post Evacuate Collection Set: 5.1ms
[2025-09-04T20:20:19.343+0000][gc,phases   ] GC(5)   Other: 1.1ms
[2025-09-04T20:20:19.343+0000][gc,heap     ] GC(5) Eden regions: 305->0(491)
[2025-09-04T20:20:19.344+0000][gc,heap     ] GC(5) Survivor regions: 7->21(64)
[2025-09-04T20:20:19.344+0000][gc,heap     ] GC(5) Old regions: 39->39
[2025-09-04T20:20:19.344+0000][gc,heap     ] GC(5) Archive regions: 2->2
[2025-09-04T20:20:19.345+0000][gc,heap     ] GC(5) Humongous regions: 0->0
[2025-09-04T20:20:19.345+0000][gc,metaspace] GC(5) Metaspace: 59995K(60480K)->59995K(60480K) NonClass: 52627K(52864K)->52627K(52864K) Class: 7368K(7616K)->7368K(7616K)
[2025-09-04T20:20:19.345+0000][gc          ] GC(5) Pause Young (Prepare Mixed) (Metadata GC Threshold) 350M->59M(1024M) 24.311ms
[2025-09-04T20:20:19.345+0000][gc,cpu      ] GC(5) User=0.06s Sys=0.02s Real=0.02s
[2025-09-04T20:20:19.408+0000][gc,start    ] GC(6) Pause Young (Mixed) (Metadata GC Threshold)
[2025-09-04T20:20:19.409+0000][gc,task     ] GC(6) Using 13 workers of 13 for evacuation
[2025-09-04T20:20:19.423+0000][gc,phases   ] GC(6)   Pre Evacuate Collection Set: 0.5ms
[2025-09-04T20:20:19.424+0000][gc,phases   ] GC(6)   Merge Heap Roots: 0.4ms
[2025-09-04T20:20:19.424+0000][gc,phases   ] GC(6)   Evacuate Collection Set: 10.3ms
[2025-09-04T20:20:19.425+0000][gc,phases   ] GC(6)   Post Evacuate Collection Set: 2.8ms
[2025-09-04T20:20:19.425+0000][gc,phases   ] GC(6)   Other: 0.9ms
[2025-09-04T20:20:19.425+0000][gc,heap     ] GC(6) Eden regions: 6->0(491)
[2025-09-04T20:20:19.426+0000][gc,heap     ] GC(6) Survivor regions: 21->21(64)
[2025-09-04T20:20:19.427+0000][gc,heap     ] GC(6) Old regions: 39->39
[2025-09-04T20:20:19.428+0000][gc,heap     ] GC(6) Archive regions: 2->2
[2025-09-04T20:20:19.428+0000][gc,heap     ] GC(6) Humongous regions: 0->0
[2025-09-04T20:20:19.428+0000][gc,metaspace] GC(6) Metaspace: 60266K(60800K)->60266K(60800K) NonClass: 52866K(53120K)->52866K(53120K) Class: 7399K(7680K)->7399K(7680K)
[2025-09-04T20:20:19.429+0000][gc          ] GC(6) Pause Young (Mixed) (Metadata GC Threshold) 65M->60M(1024M) 20.888ms
[2025-09-04T20:20:19.430+0000][gc,cpu      ] GC(6) User=0.08s Sys=0.01s Real=0.02s
[2025-09-04T20:20:19.480+0000][gc,start    ] GC(7) Pause Young (Concurrent Start) (Metadata GC Threshold)
[2025-09-04T20:20:19.480+0000][gc,task     ] GC(7) Using 13 workers of 13 for evacuation
[2025-09-04T20:20:19.492+0000][gc,phases   ] GC(7)   Pre Evacuate Collection Set: 0.5ms
[2025-09-04T20:20:19.493+0000][gc,phases   ] GC(7)   Merge Heap Roots: 0.5ms
[2025-09-04T20:20:19.493+0000][gc,phases   ] GC(7)   Evacuate Collection Set: 8.8ms
[2025-09-04T20:20:19.493+0000][gc,phases   ] GC(7)   Post Evacuate Collection Set: 2.0ms
[2025-09-04T20:20:19.494+0000][gc,phases   ] GC(7)   Other: 0.9ms
[2025-09-04T20:20:19.494+0000][gc,heap     ] GC(7) Eden regions: 4->0(490)
[2025-09-04T20:20:19.494+0000][gc,heap     ] GC(7) Survivor regions: 21->22(64)
[2025-09-04T20:20:19.495+0000][gc,heap     ] GC(7) Old regions: 39->39
[2025-09-04T20:20:19.495+0000][gc,heap     ] GC(7) Archive regions: 2->2
[2025-09-04T20:20:19.496+0000][gc,heap     ] GC(7) Humongous regions: 0->0
[2025-09-04T20:20:19.496+0000][gc,metaspace] GC(7) Metaspace: 60615K(61120K)->60615K(61120K) NonClass: 53172K(53440K)->53172K(53440K) Class: 7442K(7680K)->7442K(7680K)
[2025-09-04T20:20:19.496+0000][gc          ] GC(7) Pause Young (Concurrent Start) (Metadata GC Threshold) 64M->60M(1024M) 16.667ms
[2025-09-04T20:20:19.497+0000][gc,cpu      ] GC(7) User=0.07s Sys=0.01s Real=0.02s
[2025-09-04T20:20:19.497+0000][gc          ] GC(8) Concurrent Mark Cycle
[2025-09-04T20:20:19.498+0000][gc,marking  ] GC(8) Concurrent Clear Claimed Marks
[2025-09-04T20:20:19.498+0000][gc,marking  ] GC(8) Concurrent Clear Claimed Marks 0.523ms
[2025-09-04T20:20:19.499+0000][gc,marking  ] GC(8) Concurrent Scan Root Regions
[2025-09-04T20:20:19.505+0000][gc,marking  ] GC(8) Concurrent Scan Root Regions 5.861ms
[2025-09-04T20:20:19.505+0000][gc,marking  ] GC(8) Concurrent Mark
[2025-09-04T20:20:19.506+0000][gc,marking  ] GC(8) Concurrent Mark From Roots
[2025-09-04T20:20:19.506+0000][gc,task     ] GC(8) Using 3 workers of 3 for marking
[2025-09-04T20:20:19.532+0000][gc,marking  ] GC(8) Concurrent Mark From Roots 26.401ms
[2025-09-04T20:20:19.532+0000][gc,marking  ] GC(8) Concurrent Preclean
[2025-09-04T20:20:19.533+0000][gc,marking  ] GC(8) Concurrent Preclean 0.657ms
[2025-09-04T20:20:19.534+0000][gc,start    ] GC(8) Pause Remark
[2025-09-04T20:20:19.540+0000][gc          ] GC(8) Pause Remark 62M->62M(1024M) 5.942ms
[2025-09-04T20:20:19.540+0000][gc,cpu      ] GC(8) User=0.02s Sys=0.01s Real=0.01s
[2025-09-04T20:20:19.541+0000][gc,marking  ] GC(8) Concurrent Mark 35.812ms
[2025-09-04T20:20:19.542+0000][gc,marking  ] GC(8) Concurrent Rebuild Remembered Sets
[2025-09-04T20:20:19.553+0000][gc,marking  ] GC(8) Concurrent Rebuild Remembered Sets 11.370ms
[2025-09-04T20:20:19.554+0000][gc,start    ] GC(8) Pause Cleanup
[2025-09-04T20:20:19.555+0000][gc          ] GC(8) Pause Cleanup 64M->64M(1024M) 0.960ms
[2025-09-04T20:20:19.555+0000][gc,cpu      ] GC(8) User=0.01s Sys=0.00s Real=0.01s
[2025-09-04T20:20:19.556+0000][gc,marking  ] GC(8) Concurrent Cleanup for Next Mark
[2025-09-04T20:20:19.557+0000][gc,marking  ] GC(8) Concurrent Cleanup for Next Mark 1.115ms
[2025-09-04T20:20:19.557+0000][gc          ] GC(8) Concurrent Mark Cycle 59.773ms
[2025-09-04T20:20:22.368+0000][gc,start    ] GC(9) Pause Young (Normal) (G1 Evacuation Pause)
[2025-09-04T20:20:22.369+0000][gc,task     ] GC(9) Using 13 workers of 13 for evacuation
[2025-09-04T20:20:22.389+0000][gc,phases   ] GC(9)   Pre Evacuate Collection Set: 0.6ms
[2025-09-04T20:20:22.389+0000][gc,phases   ] GC(9)   Merge Heap Roots: 0.4ms
[2025-09-04T20:20:22.390+0000][gc,phases   ] GC(9)   Evacuate Collection Set: 14.2ms
[2025-09-04T20:20:22.390+0000][gc,phases   ] GC(9)   Post Evacuate Collection Set: 4.6ms
[2025-09-04T20:20:22.391+0000][gc,phases   ] GC(9)   Other: 1.2ms
[2025-09-04T20:20:22.391+0000][gc,heap     ] GC(9) Eden regions: 490->0(465)
[2025-09-04T20:20:22.392+0000][gc,heap     ] GC(9) Survivor regions: 22->47(64)
[2025-09-04T20:20:22.392+0000][gc,heap     ] GC(9) Old regions: 39->39
[2025-09-04T20:20:22.392+0000][gc,heap     ] GC(9) Archive regions: 2->2
[2025-09-04T20:20:22.393+0000][gc,heap     ] GC(9) Humongous regions: 0->0
[2025-09-04T20:20:22.393+0000][gc,metaspace] GC(9) Metaspace: 73843K(74368K)->73843K(74368K) NonClass: 64549K(64832K)->64549K(64832K) Class: 9293K(9536K)->9293K(9536K)
[2025-09-04T20:20:22.394+0000][gc          ] GC(9) Pause Young (Normal) (G1 Evacuation Pause) 550M->86M(1024M) 25.580ms
[2025-09-04T20:20:22.394+0000][gc,cpu      ] GC(9) User=0.19s Sys=0.02s Real=0.02s
[2025-09-04T20:20:26.139+0000][gc,start    ] GC(10) Pause Young (Normal) (G1 Evacuation Pause)
[2025-09-04T20:20:26.140+0000][gc,task     ] GC(10) Using 13 workers of 13 for evacuation
[2025-09-04T20:20:26.183+0000][gc,phases   ] GC(10)   Pre Evacuate Collection Set: 0.5ms
[2025-09-04T20:20:26.184+0000][gc,phases   ] GC(10)   Merge Heap Roots: 0.4ms
[2025-09-04T20:20:26.184+0000][gc,phases   ] GC(10)   Evacuate Collection Set: 36.1ms
[2025-09-04T20:20:26.185+0000][gc,phases   ] GC(10)   Post Evacuate Collection Set: 5.9ms
[2025-09-04T20:20:26.185+0000][gc,phases   ] GC(10)   Other: 1.2ms
[2025-09-04T20:20:26.185+0000][gc,heap     ] GC(10) Eden regions: 465->0(452)
[2025-09-04T20:20:26.186+0000][gc,heap     ] GC(10) Survivor regions: 47->60(64)
[2025-09-04T20:20:26.186+0000][gc,heap     ] GC(10) Old regions: 39->57
[2025-09-04T20:20:26.187+0000][gc,heap     ] GC(10) Archive regions: 2->2
[2025-09-04T20:20:26.187+0000][gc,heap     ] GC(10) Humongous regions: 0->0
[2025-09-04T20:20:26.187+0000][gc,metaspace] GC(10) Metaspace: 80193K(80832K)->80193K(80832K) NonClass: 70112K(70464K)->70112K(70464K) Class: 10081K(10368K)->10081K(10368K)
[2025-09-04T20:20:26.188+0000][gc          ] GC(10) Pause Young (Normal) (G1 Evacuation Pause) 551M->117M(1024M) 48.573ms
[2025-09-04T20:20:26.188+0000][gc,cpu      ] GC(10) User=0.28s Sys=0.17s Real=0.05s
[2025-09-04T20:21:05.338+0000][gc,start    ] GC(11) Pause Young (Normal) (G1 Evacuation Pause)
[2025-09-04T20:21:05.339+0000][gc,task     ] GC(11) Using 13 workers of 13 for evacuation
[2025-09-04T20:21:05.381+0000][gc,phases   ] GC(11)   Pre Evacuate Collection Set: 1.1ms
[2025-09-04T20:21:05.381+0000][gc,phases   ] GC(11)   Merge Heap Roots: 0.9ms
[2025-09-04T20:21:05.382+0000][gc,phases   ] GC(11)   Evacuate Collection Set: 33.1ms
[2025-09-04T20:21:05.382+0000][gc,phases   ] GC(11)   Post Evacuate Collection Set: 6.3ms
[2025-09-04T20:21:05.382+0000][gc,phases   ] GC(11)   Other: 1.2ms
[2025-09-04T20:21:05.383+0000][gc,heap     ] GC(11) Eden regions: 452->0(486)
[2025-09-04T20:21:05.384+0000][gc,heap     ] GC(11) Survivor regions: 60->26(64)
[2025-09-04T20:21:05.384+0000][gc,heap     ] GC(11) Old regions: 57->80
[2025-09-04T20:21:05.385+0000][gc,heap     ] GC(11) Archive regions: 2->2
[2025-09-04T20:21:05.385+0000][gc,heap     ] GC(11) Humongous regions: 8->8
[2025-09-04T20:21:05.385+0000][gc,metaspace] GC(11) Metaspace: 89467K(90304K)->89467K(90304K) NonClass: 78349K(78784K)->78349K(78784K) Class: 11118K(11520K)->11118K(11520K)
[2025-09-04T20:21:05.386+0000][gc          ] GC(11) Pause Young (Normal) (G1 Evacuation Pause) 577M->114M(1024M) 47.764ms
[2025-09-04T20:21:05.386+0000][gc,cpu      ] GC(11) User=0.21s Sys=0.10s Real=0.04s
[2025-09-04T20:46:31.472+0000][gc,heap,exit] Heap
[2025-09-04T20:46:31.473+0000][gc,heap,exit]  garbage-first heap   total 1048576K, used 292503K [0x00000000c0000000, 0x0000000100000000)
[2025-09-04T20:46:31.473+0000][gc,heap,exit]   region size 1024K, 198 young (202752K), 26 survivors (26624K)
[2025-09-04T20:46:31.474+0000][gc,heap,exit]  Metaspace       used 93187K, committed 94080K, reserved 1179648K
[2025-09-04T20:46:31.474+0000][gc,heap,exit]   class space    used 11273K, committed 11712K, reserved 1048576K
